          <idle>-0     (-----) [000] .n.2   538.076912: cpu_idle: state=4294967295 cpu_id=0
          <idle>-0     (-----) [000] d..3   538.076929: sched_switch: prev_comm=swapper/0 prev_pid=0 prev_prio=120 prev_state=R ==> next_comm=rcu_preempt next_pid=7 next_prio=120
rcu_preempt-7     (    7) [000] d..5   538.076955: sched_wakeup: comm=rcuop/2 pid=28 prio=120 target_cpu=001
rcu_preempt-7     (    7) [000] d..5   538.076961: sched_wakeup: comm=rcuop/4 pid=44 prio=120 target_cpu=001
rcu_preempt-7     (    7) [000] d..5   538.076974: sched_wakeup: comm=rcuop/6 pid=60 prio=120 target_cpu=000
rcu_preempt-7     (    7) [000] d..3   538.076988: sched_switch: prev_comm=rcu_preempt prev_pid=7 prev_prio=120 prev_state=S ==> next_comm=rcuop/6 next_pid=60 next_prio=120
rcuop/6-60    (   60) [000] d..4   538.076997: sched_wakeup: comm=rcuop/7 pid=68 prio=120 target_cpu=001
rcuop/6-60    (   60) [000] d..3   538.077038: sched_switch: prev_comm=rcuop/6 prev_pid=60 prev_prio=120 prev_state=S ==> next_comm=rcu_sched next_pid=8 next_prio=120
rcu_sched-8 ( 8) [000] d..3   538.077051: sched_switch: prev_comm=rcu_sched prev_pid=8 prev_prio=120 prev_state=S ==> next_comm=swapper/0 next_pid=0 next_prio=120
          <idle>-0     (-----) [000] d..2   538.077062: cpu_idle: state=0 cpu_id=0
          <idle>-0     (-----) [001] .n.2   538.077067: cpu_idle: state=4294967295 cpu_id=1
          <idle>-0     (-----) [001] d..3   538.077076: sched_switch: prev_comm=swapper/1 prev_pid=0 prev_prio=120 prev_state=R ==> next_comm=rcuop/4 next_pid=44 next_prio=120
rcuop/4-44    (   44) [001] d..4   538.077093: sugov_set_iowait_boost: doing iow boost
rcuop/4-44    (   44) [001] d..4   538.077096: sched_wakeup: comm=rcuop/5 pid=52 prio=120 target_cpu=001
rcuop/4-44    (   44) [001] d..3   538.077104: sched_switch: prev_comm=rcuop/4 prev_pid=44 prev_prio=120 prev_state=S ==> next_comm=rcuop/5 next_pid=52 next_prio=120
rcuop/5-52 ( 52) [001] d..3   538.077148: sched_switch: prev_comm=rcuop/5 prev_pid=52 prev_prio=120 prev_state=S ==> next_comm=rcuop/2 next_pid=28 next_prio=120
rcuop/2-28    (   28) [001] d..3   538.077156: sched_switch: prev_comm=rcuop/2 prev_pid=28 prev_prio=120 prev_state=S ==> next_comm=rcuop/7 next_pid=68 next_prio=120
rcuop/7-68 ( 68) [001] d..3   538.077168: sched_switch: prev_comm=rcuop/7 prev_pid=68 prev_prio=120 prev_state=S ==> next_comm=swapper/1 next_pid=0 next_prio=120
          <idle>-0     (-----) [001] d..2   538.077176: cpu_idle: state=2 cpu_id=1
          <idle>-0     (-----) [000] ...2   538.077260: cpu_idle: state=4294967295 cpu_id=0
          <idle>-0     (-----) [000] d..2   538.077264: cpu_idle: state=0 cpu_id=0
          <idle>-0     (-----) [000] ...2   538.077509: cpu_idle: state=4294967295 cpu_id=0
          <idle>-0     (-----) [000] d..2   538.077511: cpu_idle: state=2 cpu_id=0
          <idle>-0     (-----) [004] d..4   538.080222: sugov_set_iowait_boost: skipping iow boost
          <idle>-0     (-----) [004] dn.4   538.080238: sched_wakeup: comm=ksoftirqd/4 pid=41 prio=120 target_cpu=004
          <idle>-0     (-----) [004] .n.2   538.080248: cpu_idle: state=4294967295 cpu_id=4
          <idle>-0     (-----) [004] d..3   538.080278: sched_switch: prev_comm=swapper/4 prev_pid=0 prev_prio=120 prev_state=R ==> next_comm=ksoftirqd/4 next_pid=41 next_prio=120
ksoftirqd/4-41 ( 41) [004] d..3   538.080333: sched_switch: prev_comm=ksoftirqd/4 prev_pid=41 prev_prio=120 prev_state=S ==> next_comm=swapper/4 next_pid=0 next_prio=120
          <idle>-0     (-----) [004] d..2   538.080365: cpu_idle: state=0 cpu_id=4
          <idle>-0     (-----) [004] ...2   538.081025: cpu_idle: state=4294967295 cpu_id=4
          <idle>-0     (-----) [004] d..2   538.081033: cpu_idle: state=2 cpu_id=4
          <idle>-0     (-----) [000] d.s4   538.084149: sugov_set_iowait_boost: doing iow boost
          <idle>-0     (-----) [000] dns4   538.084165: sched_wakeup: comm=rcu_sched pid=8 prio=120 target_cpu=000
          <idle>-0     (-----) [000] dnH6   538.084182: sched_wakeup: comm=sugov:0 pid=5859 prio=49 target_cpu=000
          <idle>-0     (-----) [000] dns4   538.084190: sched_wakeup: comm=rcu_preempt pid=7 prio=120 target_cpu=000
          <idle>-0     (-----) [000] .n.2   538.084215: cpu_idle: state=4294967295 cpu_id=0
          <idle>-0     (-----) [000] d..3   538.084229: sched_switch: prev_comm=swapper/0 prev_pid=0 prev_prio=120 prev_state=R ==> next_comm=sugov:0 next_pid=5859 next_prio=49
sugov:0-5859  ( 5859) [000] ...1   538.084248: clock_set_rate: pwrcl_clk state=518400000 cpu_id=0
sugov:0-5859  ( 5859) [000] ...1   538.084256: cpu_frequency: state=518400 cpu_id=0
sugov:0-5859  ( 5859) [000] ...1   538.084265: cpu_frequency: state=518400 cpu_id=1
sugov:0-5859  ( 5859) [000] ...1   538.084267: cpu_frequency: state=518400 cpu_id=2
sugov:0-5859  ( 5859) [000] ...1   538.084270: cpu_frequency: state=518400 cpu_id=3
sugov:0-5859  ( 5859) [000] d..3   538.084277: sugov_set_iowait_boost: doing iow boost
sugov:0-5859  ( 5859) [000] d..3   538.084310: sched_switch: prev_comm=sugov:0 prev_pid=5859 prev_prio=49 prev_state=S ==> next_comm=rcu_preempt next_pid=7 next_prio=120
rcu_preempt-7     (    7) [000] d..5   538.084369: sched_wakeup: comm=rcuop/0 pid=10 prio=120 target_cpu=000
rcu_preempt-7     (    7) [000] d..3   538.084417: sched_switch: prev_comm=rcu_preempt prev_pid=7 prev_prio=120 prev_state=S ==> next_comm=rcuop/0 next_pid=10 next_prio=120
rcuop/0-10    (   10) [000] d..4   538.084487: sched_wakeup: comm=rcuop/1 pid=20 prio=120 target_cpu=001
          <idle>-0     (-----) [001] .n.2   538.084635: cpu_idle: state=4294967295 cpu_id=1
          <idle>-0     (-----) [001] d..3   538.084660: sched_switch: prev_comm=swapper/1 prev_pid=0 prev_prio=120 prev_state=R ==> next_comm=rcuop/1 next_pid=20 next_prio=120
rcuop/1-20    (   20) [001] d..3   538.084702: sched_switch: prev_comm=rcuop/1 prev_pid=20 prev_prio=120 prev_state=S ==> next_comm=swapper/1 next_pid=0 next_prio=120
          <idle>-0     (-----) [001] d..2   538.084735: cpu_idle: state=2 cpu_id=1
rcuop/0-10    (   10) [000] d..3   538.084753: sugov_set_iowait_boost: doing iow boost
rcuop/0-10    (   10) [000] d..3   538.084764: sched_switch: prev_comm=rcuop/0 prev_pid=10 prev_prio=120 prev_state=S ==> next_comm=rcu_sched next_pid=8 next_prio=120
rcu_sched-8 ( 8) [000] d..5   538.084785: sched_wakeup: comm=rcuos/0 pid=11 prio=120 target_cpu=000
rcu_sched-8 ( 8) [000] d..3   538.084799: sched_switch: prev_comm=rcu_sched prev_pid=8 prev_prio=120 prev_state=S ==> next_comm=rcuos/0 next_pid=11 next_prio=120
rcuos/0-11    (   11) [000] d..3   538.084830: sched_switch: prev_comm=rcuos/0 prev_pid=11 prev_prio=120 prev_state=S ==> next_comm=swapper/0 next_pid=0 next_prio=120
          <idle>-0     (-----) [000] d..2   538.084856: cpu_idle: state=2 cpu_id=0
          <idle>-0     (-----) [000] d.s6   538.085285: sugov_set_iowait_boost: doing iow boost
          <idle>-0     (-----) [000] dns6   538.085298: sched_wakeup: comm=kworker/u16:11 pid=682 prio=120 target_cpu=000
          <idle>-0     (-----) [000] dnH6   538.085317: sched_wakeup: comm=sugov:0 pid=5859 prio=49 target_cpu=000
          <idle>-0     (-----) [000] .n.2   538.085328: cpu_idle: state=4294967295 cpu_id=0
          <idle>-0     (-----) [000] d..3   538.085342: sched_switch: prev_comm=swapper/0 prev_pid=0 prev_prio=120 prev_state=R ==> next_comm=sugov:0 next_pid=5859 next_prio=49
sugov:0-5859  ( 5859) [000] ...1   538.085360: cpu_frequency: state=518400 cpu_id=0
sugov:0-5859  ( 5859) [000] ...1   538.085370: cpu_frequency: state=518400 cpu_id=1
sugov:0-5859  ( 5859) [000] ...1   538.085378: cpu_frequency: state=518400 cpu_id=2
sugov:0-5859  ( 5859) [000] ...1   538.085385: cpu_frequency: state=518400 cpu_id=3
sugov:0-5859  ( 5859) [000] d..3   538.085403: sched_switch: prev_comm=sugov:0 prev_pid=5859 prev_prio=49 prev_state=S ==> next_comm=kworker/u16:11 next_pid=682 next_prio=120
kworker/u16:11-682   (  682) [000] d..3   538.085638: sched_switch: prev_comm=kworker/u16:11 prev_pid=682 prev_prio=120 prev_state=S ==> next_comm=swapper/0 next_pid=0 next_prio=120
          <idle>-0     (-----) [000] d..2   538.085663: cpu_idle: state=2 cpu_id=0
          <idle>-0     (-----) [004] d.h3   538.086354: sugov_set_iowait_boost: skipping iow boost
          <idle>-0     (-----) [006] d.h3   538.086380: sugov_set_iowait_boost: skipping iow boost
          <idle>-0     (-----) [004] dnh3   538.086381: sched_wakeup: comm=kworker/u16:12 pid=1014 prio=120 target_cpu=004
          <idle>-0     (-----) [004] .n.2   538.086398: cpu_idle: state=4294967295 cpu_id=4
          <idle>-0     (-----) [006] dnh3   538.086398: sched_wakeup: comm=sensors@1.0-ser pid=1593 prio=120 target_cpu=006
          <idle>-0     (-----) [006] .n.2   538.086411: cpu_idle: state=4294967295 cpu_id=6
          <idle>-0     (-----) [004] d..3   538.086439: sched_switch: prev_comm=swapper/4 prev_pid=0 prev_prio=120 prev_state=R ==> next_comm=kworker/u16:12 next_pid=1014 next_prio=120
          <idle>-0     (-----) [006] d..3   538.086442: sched_switch: prev_comm=swapper/6 prev_pid=0 prev_prio=120 prev_state=R ==> next_comm=sensors@1.0-ser next_pid=1593 next_prio=120
kworker/u16:12-1014 ( 1014) [004] d..3   538.086499: sched_switch: prev_comm=kworker/u16:12 prev_pid=1014 prev_prio=120 prev_state=S ==> next_comm=swapper/4 next_pid=0 next_prio=120
          <idle>-0     (-----) [004] d..2   538.086536: cpu_idle: state=2 cpu_id=4
sensors@1.0-ser-1593 ( 706) [006] d..3   538.086826: sched_wakeup: comm=android.hardwar pid=951 prio=120 target_cpu=005
          <idle>-0     (-----) [000] d.h3   538.086828: sugov_set_iowait_boost: doing iow boost
          <idle>-0     (-----) [000] dnh3   538.086839: sched_wakeup: comm=rcuop/6 pid=60 prio=120 target_cpu=000
          <idle>-0     (-----) [000] .n.2   538.086848: cpu_idle: state=4294967295 cpu_id=0
          <idle>-0     (-----) [000] d..3   538.086866: sched_switch: prev_comm=swapper/0 prev_pid=0 prev_prio=120 prev_state=R ==> next_comm=rcuop/6 next_pid=60 next_prio=120
sensors@1.0-ser-1593 ( 706) [006] d..3   538.086885: sched_switch: prev_comm=sensors@1.0-ser prev_pid=1593 prev_prio=120 prev_state=S ==> next_comm=swapper/6 next_pid=0 next_prio=120
rcuop/6-60    (   60) [000] d..3   538.086902: sched_switch: prev_comm=rcuop/6 prev_pid=60 prev_prio=120 prev_state=S ==> next_comm=swapper/0 next_pid=0 next_prio=120
          <idle>-0     (-----) [006] d..2   538.086921: cpu_idle: state=2 cpu_id=6
          <idle>-0     (-----) [000] d..2   538.086923: cpu_idle: state=2 cpu_id=0
          <idle>-0     (-----) [005] .n.2   538.087015: cpu_idle: state=4294967295 cpu_id=5
          <idle>-0     (-----) [005] d..3   538.087055: sched_switch: prev_comm=swapper/5 prev_pid=0 prev_prio=120 prev_state=R ==> next_comm=android.hardwar next_pid=951 next_prio=120
android.hardwar-951 ( 706) [005] d..3   538.087161: sched_wakeup: comm=android.hardwar pid=1066 prio=120 target_cpu=007
android.hardwar-951 ( 706) [005] d..3   538.087217: sched_switch: prev_comm=android.hardwar prev_pid=951 prev_prio=120 prev_state=S ==> next_comm=swapper/5 next_pid=0 next_prio=120
          <idle>-0     (-----) [005] d..2   538.087253: cpu_idle: state=2 cpu_id=5
          <idle>-0     (-----) [007] .n.2   538.087353: cpu_idle: state=4294967295 cpu_id=7
          <idle>-0     (-----) [007] d..3   538.087392: sched_switch: prev_comm=swapper/7 prev_pid=0 prev_prio=120 prev_state=R ==> next_comm=android.hardwar next_pid=1066 next_prio=120
android.hardwar-1066 ( 706) [007] dn.3   538.087452: sched_wakeup: comm=sensors@1.0-ser pid=706 prio=89 target_cpu=007
android.hardwar-1066 ( 706) [007] dn.3   538.087467: sugov_set_iowait_boost: skipping iow boost
android.hardwar-1066 ( 706) [007] d..3   538.087477: sched_switch: prev_comm=android.hardwar prev_pid=1066 prev_prio=120 prev_state=R+ ==> next_comm=sensors@1.0-ser next_pid=706 next_prio=89
sensors@1.0-ser-706   (  706) [007] d..3   538.087505: sugov_set_iowait_boost: skipping iow boost
sensors@1.0-ser-706   (  706) [007] d..3   538.087521: sched_switch: prev_comm=sensors@1.0-ser prev_pid=706 prev_prio=89 prev_state=S ==> next_comm=android.hardwar next_pid=1066 next_prio=120
android.hardwar-1066 ( 706) [007] dn.3   538.087539: sched_wakeup: comm=sensors@1.0-ser pid=706 prio=89 target_cpu=007
android.hardwar-1066 ( 706) [007] d..3   538.087548: sched_switch: prev_comm=android.hardwar prev_pid=1066 prev_prio=120 prev_state=R+ ==> next_comm=sensors@1.0-ser next_pid=706 next_prio=89
sensors@1.0-ser-706   (  706) [007] d..3   538.087680: sugov_set_iowait_boost: skipping iow boost
sensors@1.0-ser-706   (  706) [007] d..3   538.087703: sugov_set_iowait_boost: skipping iow boost
sensors@1.0-ser-706   (  706) [007] dnh6   538.087728: sched_wakeup: comm=sugov:4 pid=5860 prio=49 target_cpu=007
sensors@1.0-ser-706   (  706) [007] d..3   538.087743: sched_switch: prev_comm=sensors@1.0-ser prev_pid=706 prev_prio=120 prev_state=R+ ==> next_comm=sugov:4 next_pid=5860 next_prio=49
sugov:4-5860  ( 5860) [007] ...1   538.087776: clock_set_rate: perfcl_clk state=499200000 cpu_id=7
sugov:4-5860  ( 5860) [007] ...1   538.087785: cpu_frequency: state=499200 cpu_id=4
sugov:4-5860  ( 5860) [007] ...1   538.087804: cpu_frequency: state=499200 cpu_id=5
sugov:4-5860  ( 5860) [007] ...1   538.087814: cpu_frequency: state=499200 cpu_id=6
sugov:4-5860  ( 5860) [007] ...1   538.087822: cpu_frequency: state=499200 cpu_id=7
          <idle>-0     (-----) [001] dnh3   538.087832: sched_wakeup: comm=SensorService pid=1307 prio=89 target_cpu=001
sugov:4-5860  ( 5860) [007] d..3   538.087835: sugov_set_iowait_boost: skipping iow boost
          <idle>-0     (-----) [001] .n.2   538.087843: cpu_idle: state=4294967295 cpu_id=1
sugov:4-5860  ( 5860) [007] d..3   538.087848: sched_switch: prev_comm=sugov:4 prev_pid=5860 prev_prio=49 prev_state=S ==> next_comm=android.hardwar next_pid=1066 next_prio=120
          <idle>-0     (-----) [001] d..3   538.087859: sched_switch: prev_comm=swapper/1 prev_pid=0 prev_prio=120 prev_state=R ==> next_comm=SensorService next_pid=1307 next_prio=89
android.hardwar-1066 ( 706) [007] d..3   538.087868: sched_switch: prev_comm=android.hardwar prev_pid=1066 prev_prio=120 prev_state=S ==> next_comm=sensors@1.0-ser next_pid=706 next_prio=120
sensors@1.0-ser-706   (  706) [007] d..4   538.087914: sched_wakeup: comm=kworker/u16:12 pid=1014 prio=120 target_cpu=004
sensors@1.0-ser-706   (  706) [007] d..3   538.087976: sched_switch: prev_comm=sensors@1.0-ser prev_pid=706 prev_prio=120 prev_state=S ==> next_comm=swapper/7 next_pid=0 next_prio=120
          <idle>-0     (-----) [007] d..2   538.087998: cpu_idle: state=2 cpu_id=7
          <idle>-0     (-----) [004] .n.2   538.088062: cpu_idle: state=4294967295 cpu_id=4
          <idle>-0     (-----) [004] d..3   538.088084: sched_switch: prev_comm=swapper/4 prev_pid=0 prev_prio=120 prev_state=R ==> next_comm=kworker/u16:12 next_pid=1014 next_prio=120
kworker/u16:12-1014 ( 1014) [004] d..3   538.088150: sched_switch: prev_comm=kworker/u16:12 prev_pid=1014 prev_prio=120 prev_state=S ==> next_comm=swapper/4 next_pid=0 next_prio=120
          <idle>-0     (-----) [004] d..2   538.088170: cpu_idle: state=2 cpu_id=4
          <idle>-0     (-----) [005] d.h3   538.088238: sugov_set_iowait_boost: skipping iow boost
          <idle>-0     (-----) [005] dnh3   538.088249: sched_wakeup: comm=android.youtube pid=7459 prio=110 target_cpu=005
          <idle>-0     (-----) [005] .n.2   538.088257: cpu_idle: state=4294967295 cpu_id=5
          <idle>-0     (-----) [005] d..3   538.088272: sched_switch: prev_comm=swapper/5 prev_pid=0 prev_prio=120 prev_state=R ==> next_comm=android.youtube next_pid=7459 next_prio=110
android.youtube-7459 ( 7459) [005] d..3   538.088472: sugov_set_iowait_boost: skipping iow boost
android.youtube-7459 ( 7459) [005] d..3   538.088497: sched_switch: prev_comm=android.youtube prev_pid=7459 prev_prio=110 prev_state=S ==> next_comm=swapper/5 next_pid=0 next_prio=120
          <idle>-0     (-----) [005] d..2   538.088521: cpu_idle: state=0 cpu_id=5
SensorService-1307 ( 1118) [001] d..3   538.088535: sugov_set_iowait_boost: doing iow boost
SensorService-1307 ( 1118) [001] d..3   538.088554: sugov_set_iowait_boost: doing iow boost
SensorService-1307 ( 1118) [001] d..3   538.088575: sugov_set_iowait_boost: doing iow boost
SensorService-1307 ( 1118) [001] d..3   538.088583: sched_switch: prev_comm=SensorService prev_pid=1307 prev_prio=89 prev_state=S ==> next_comm=swapper/1 next_pid=0 next_prio=120
          <idle>-0     (-----) [001] d..2   538.088609: cpu_idle: state=2 cpu_id=1
          <idle>-0     (-----) [007] dnh3   538.088671: sched_wakeup: comm=sensors@1.0-ser pid=706 prio=89 target_cpu=007
          <idle>-0     (-----) [007] .n.2   538.088684: cpu_idle: state=4294967295 cpu_id=7
          <idle>-0     (-----) [007] d..3   538.088697: sched_switch: prev_comm=swapper/7 prev_pid=0 prev_prio=120 prev_state=R ==> next_comm=sensors@1.0-ser next_pid=706 next_prio=89
sensors@1.0-ser-706   (  706) [007] d..3   538.088749: sugov_set_iowait_boost: skipping iow boost
sensors@1.0-ser-706   (  706) [007] d..3   538.088763: sugov_set_iowait_boost: skipping iow boost
sensors@1.0-ser-706   (  706) [007] d..3   538.088778: sugov_set_iowait_boost: skipping iow boost
sensors@1.0-ser-706   (  706) [007] d..3   538.088783: sched_switch: prev_comm=sensors@1.0-ser prev_pid=706 prev_prio=89 prev_state=S ==> next_comm=swapper/7 next_pid=0 next_prio=120
          <idle>-0     (-----) [007] d..2   538.088804: cpu_idle: state=2 cpu_id=7
          <idle>-0     (-----) [005] ...2   538.089145: cpu_idle: state=4294967295 cpu_id=5
          <idle>-0     (-----) [005] d..2   538.089154: cpu_idle: state=0 cpu_id=5
          <idle>-0     (-----) [005] ...2   538.089773: cpu_idle: state=4294967295 cpu_id=5
          <idle>-0     (-----) [005] d..2   538.089778: cpu_idle: state=2 cpu_id=5
          <idle>-0     (-----) [000] d.h5   538.090172: sugov_set_iowait_boost: doing iow boost
          <idle>-0     (-----) [000] d.h5   538.090178: sugov_set_iowait_boost: doing iow boost
          <idle>-0     (-----) [000] dnh5   538.090186: sched_wakeup: comm=kworker/u16:12 pid=1014 prio=120 target_cpu=000
          <idle>-0     (-----) [000] dns4   538.090209: sched_wakeup: comm=rcu_preempt pid=7 prio=120 target_cpu=000
          <idle>-0     (-----) [000] .n.2   538.090222: cpu_idle: state=4294967295 cpu_id=0
          <idle>-0     (-----) [000] d..3   538.090234: sched_switch: prev_comm=swapper/0 prev_pid=0 prev_prio=120 prev_state=R ==> next_comm=rcu_preempt next_pid=7 next_prio=120
rcu_preempt-7     (    7) [000] d..5   538.090280: sched_wakeup: comm=rcuop/4 pid=44 prio=120 target_cpu=001
rcu_preempt-7     (    7) [000] d..3   538.090298: sched_switch: prev_comm=rcu_preempt prev_pid=7 prev_prio=120 prev_state=S ==> next_comm=kworker/u16:12 next_pid=1014 next_prio=120
kworker/u16:12-1014 ( 1014) [000] d..5   538.090323: sched_wakeup: comm=kworker/0:4 pid=6999 prio=120 target_cpu=000
kworker/u16:12-1014 ( 1014) [000] d..3   538.090336: sched_switch: prev_comm=kworker/u16:12 prev_pid=1014 prev_prio=120 prev_state=S ==> next_comm=kworker/0:4 next_pid=6999 next_prio=120
kworker/0:4-6999 ( 6999) [000] d..3   538.090379: sched_switch: prev_comm=kworker/0:4 prev_pid=6999 prev_prio=120 prev_state=S ==> next_comm=swapper/0 next_pid=0 next_prio=120
          <idle>-0     (-----) [000] d..2   538.090403: cpu_idle: state=2 cpu_id=0
          <idle>-0     (-----) [001] .n.2   538.090438: cpu_idle: state=4294967295 cpu_id=1
          <idle>-0     (-----) [001] d..3   538.090459: sched_switch: prev_comm=swapper/1 prev_pid=0 prev_prio=120 prev_state=R ==> next_comm=rcuop/4 next_pid=44 next_prio=120
rcuop/4-44    (   44) [001] d..3   538.090646: sugov_set_iowait_boost: doing iow boost
rcuop/4-44    (   44) [001] d..3   538.090671: sched_switch: prev_comm=rcuop/4 prev_pid=44 prev_prio=120 prev_state=S ==> next_comm=swapper/1 next_pid=0 next_prio=120
          <idle>-0     (-----) [001] d..2   538.090702: cpu_idle: state=2 cpu_id=1
          <idle>-0     (-----) [000] d.s4   538.097527: sugov_set_iowait_boost: doing iow boost
          <idle>-0     (-----) [000] dns4   538.097548: sched_wakeup: comm=rcu_preempt pid=7 prio=120 target_cpu=000
          <idle>-0     (-----) [000] .n.2   538.097587: cpu_idle: state=4294967295 cpu_id=0
          <idle>-0     (-----) [000] d..3   538.097617: sched_switch: prev_comm=swapper/0 prev_pid=0 prev_prio=120 prev_state=R ==> next_comm=rcu_preempt next_pid=7 next_prio=120
rcu_preempt-7     (    7) [000] d..5   538.097655: sched_wakeup: comm=rcuop/6 pid=60 prio=120 target_cpu=000
rcu_preempt-7     (    7) [000] d..5   538.097670: sched_wakeup: comm=rcuop/0 pid=10 prio=120 target_cpu=000
rcu_preempt-7     (    7) [000] d..3   538.097689: sched_switch: prev_comm=rcu_preempt prev_pid=7 prev_prio=120 prev_state=S ==> next_comm=rcuop/6 next_pid=60 next_prio=120
rcuop/6-60    (   60) [000] d..3   538.097735: sugov_set_iowait_boost: doing iow boost
rcuop/6-60    (   60) [000] d..3   538.097745: sched_switch: prev_comm=rcuop/6 prev_pid=60 prev_prio=120 prev_state=S ==> next_comm=rcuop/0 next_pid=10 next_prio=120
rcuop/0-10    (   10) [000] d..4   538.097773: sched_wakeup: comm=rcu_preempt pid=7 prio=120 target_cpu=000
rcuop/0-10    (   10) [000] d..3   538.097786: sched_switch: prev_comm=rcuop/0 prev_pid=10 prev_prio=120 prev_state=S ==> next_comm=rcu_preempt next_pid=7 next_prio=120
rcu_preempt-7     (    7) [000] d..3   538.097821: sched_switch: prev_comm=rcu_preempt prev_pid=7 prev_prio=120 prev_state=S ==> next_comm=swapper/0 next_pid=0 next_prio=120
          <idle>-0     (-----) [000] d..2   538.097856: cpu_idle: state=2 cpu_id=0
          <idle>-0     (-----) [000] d.s4   538.103453: sugov_set_iowait_boost: doing iow boost
          <idle>-0     (-----) [000] dns4   538.103463: sched_wakeup: comm=rcu_preempt pid=7 prio=120 target_cpu=000
          <idle>-0     (-----) [000] .n.2   538.103477: cpu_idle: state=4294967295 cpu_id=0
          <idle>-0     (-----) [000] d..3   538.103494: sched_switch: prev_comm=swapper/0 prev_pid=0 prev_prio=120 prev_state=R ==> next_comm=rcu_preempt next_pid=7 next_prio=120
rcu_preempt-7     (    7) [000] d..5   538.103518: sched_wakeup: comm=rcuop/0 pid=10 prio=120 target_cpu=000
rcu_preempt-7     (    7) [000] d..3   538.103532: sched_switch: prev_comm=rcu_preempt prev_pid=7 prev_prio=120 prev_state=S ==> next_comm=rcuop/0 next_pid=10 next_prio=120
rcuop/0-10    (   10) [000] d..4   538.103579: sched_wakeup: comm=rcuop/1 pid=20 prio=120 target_cpu=001
rcuop/0-10    (   10) [000] d..3   538.103605: sched_switch: prev_comm=rcuop/0 prev_pid=10 prev_prio=120 prev_state=S ==> next_comm=swapper/0 next_pid=0 next_prio=120
          <idle>-0     (-----) [000] d..2   538.103630: cpu_idle: state=2 cpu_id=0
          <idle>-0     (-----) [001] .n.2   538.103739: cpu_idle: state=4294967295 cpu_id=1
          <idle>-0     (-----) [001] d..3   538.103768: sched_switch: prev_comm=swapper/1 prev_pid=0 prev_prio=120 prev_state=R ==> next_comm=rcuop/1 next_pid=20 next_prio=120
rcuop/1-20    (   20) [001] d..3   538.103817: sugov_set_iowait_boost: doing iow boost
rcuop/1-20    (   20) [001] d..3   538.103843: sched_switch: prev_comm=rcuop/1 prev_pid=20 prev_prio=120 prev_state=S ==> next_comm=swapper/1 next_pid=0 next_prio=120
          <idle>-0     (-----) [001] d..2   538.103871: cpu_idle: state=2 cpu_id=1
          <idle>-0     (-----) [004] d.h4   538.108990: sugov_set_iowait_boost: skipping iow boost
          <idle>-0     (-----) [004] dnh4   538.109011: sched_wakeup: comm=ChromiumNet pid=7539 prio=120 target_cpu=004
          <idle>-0     (-----) [004] dnh5   538.109045: sched_wakeup: comm=sugov:4 pid=5860 prio=49 target_cpu=004
          <idle>-0     (-----) [004] .n.2   538.109055: cpu_idle: state=4294967295 cpu_id=4
          <idle>-0     (-----) [004] d..3   538.109080: sched_switch: prev_comm=swapper/4 prev_pid=0 prev_prio=120 prev_state=R ==> next_comm=sugov:4 next_pid=5860 next_prio=49
sugov:4-5860  ( 5860) [004] ...1   538.109106: clock_set_rate: perfcl_clk state=345600000 cpu_id=4
sugov:4-5860  ( 5860) [004] ...1   538.109116: cpu_frequency: state=345600 cpu_id=4
sugov:4-5860  ( 5860) [004] ...1   538.109130: cpu_frequency: state=345600 cpu_id=5
sugov:4-5860  ( 5860) [004] ...1   538.109138: cpu_frequency: state=345600 cpu_id=6
sugov:4-5860  ( 5860) [004] ...1   538.109146: cpu_frequency: state=345600 cpu_id=7
sugov:4-5860  ( 5860) [004] d..3   538.109163: sugov_set_iowait_boost: skipping iow boost
sugov:4-5860  ( 5860) [004] d..3   538.109185: sched_switch: prev_comm=sugov:4 prev_pid=5860 prev_prio=49 prev_state=S ==> next_comm=ChromiumNet next_pid=7539 next_prio=120
ChromiumNet-7539 ( 7459) [004] d..3   538.109575: sugov_set_iowait_boost: skipping iow boost
ChromiumNet-7539 ( 7459) [004] d..3   538.109617: sched_switch: prev_comm=ChromiumNet prev_pid=7539 prev_prio=120 prev_state=S ==> next_comm=swapper/4 next_pid=0 next_prio=120
          <idle>-0     (-----) [004] dn.4   538.109642: sched_wakeup: comm=ksoftirqd/4 pid=41 prio=120 target_cpu=004
          <idle>-0     (-----) [004] d..3   538.109653: sched_switch: prev_comm=swapper/4 prev_pid=0 prev_prio=120 prev_state=R ==> next_comm=ksoftirqd/4 next_pid=41 next_prio=120
ksoftirqd/4-41 ( 41) [004] d..3   538.109688: sched_switch: prev_comm=ksoftirqd/4 prev_pid=41 prev_prio=120 prev_state=S ==> next_comm=swapper/4 next_pid=0 next_prio=120
          <idle>-0     (-----) [004] d..2   538.109721: cpu_idle: state=2 cpu_id=4
          <idle>-0     (-----) [001] d.h3   538.111282: sugov_set_iowait_boost: doing iow boost
          <idle>-0     (-----) [001] dnh3   538.111306: sched_wakeup: comm=smem_native_rpm pid=87 prio=120 target_cpu=001
          <idle>-0     (-----) [001] .n.2   538.111322: cpu_idle: state=4294967295 cpu_id=1
          <idle>-0     (-----) [001] d..3   538.111359: sched_switch: prev_comm=swapper/1 prev_pid=0 prev_prio=120 prev_state=R ==> next_comm=smem_native_rpm next_pid=87 next_prio=120
smem_native_rpm-87    (   87) [001] d..3   538.111457: sugov_set_iowait_boost: doing iow boost
smem_native_rpm-87    (   87) [001] d..3   538.111491: sched_switch: prev_comm=smem_native_rpm prev_pid=87 prev_prio=120 prev_state=S ==> next_comm=swapper/1 next_pid=0 next_prio=120
          <idle>-0     (-----) [001] dn.4   538.111516: sched_wakeup: comm=ksoftirqd/1 pid=17 prio=120 target_cpu=001
          <idle>-0     (-----) [001] d..3   538.111526: sched_switch: prev_comm=swapper/1 prev_pid=0 prev_prio=120 prev_state=R ==> next_comm=ksoftirqd/1 next_pid=17 next_prio=120
ksoftirqd/1-17 ( 17) [001] d..3   538.111560: sched_switch: prev_comm=ksoftirqd/1 prev_pid=17 prev_prio=120 prev_state=S ==> next_comm=swapper/1 next_pid=0 next_prio=120
          <idle>-0     (-----) [001] d..2   538.111589: cpu_idle: state=2 cpu_id=1
          <idle>-0     (-----) [004] ...2   538.112217: cpu_idle: state=4294967295 cpu_id=4
          <idle>-0     (-----) [004] d..2   538.112242: cpu_idle: state=2 cpu_id=4
          <idle>-0     (-----) [004] d..4   538.162005: sugov_set_iowait_boost: skipping iow boost
          <idle>-0     (-----) [004] dn.4   538.162033: sched_wakeup: comm=ksoftirqd/4 pid=41 prio=120 target_cpu=004
          <idle>-0     (-----) [004] dnh5   538.162063: sched_wakeup: comm=sugov:4 pid=5860 prio=49 target_cpu=004
          <idle>-0     (-----) [004] dns5   538.162155: sched_wakeup: comm=kworker/4:2 pid=463 prio=120 target_cpu=004
          <idle>-0     (-----) [004] .n.2   538.162173: cpu_idle: state=4294967295 cpu_id=4
          <idle>-0     (-----) [004] d..3   538.162204: sched_switch: prev_comm=swapper/4 prev_pid=0 prev_prio=120 prev_state=R ==> next_comm=sugov:4 next_pid=5860 next_prio=49
sugov:4-5860  ( 5860) [004] ...1   538.162240: clock_set_rate: perfcl_clk state=300000000 cpu_id=4
sugov:4-5860  ( 5860) [004] ...1   538.162251: cpu_frequency: state=300000 cpu_id=4
sugov:4-5860  ( 5860) [004] ...1   538.162270: cpu_frequency: state=300000 cpu_id=5
sugov:4-5860  ( 5860) [004] ...1   538.162279: cpu_frequency: state=300000 cpu_id=6
sugov:4-5860  ( 5860) [004] ...1   538.162286: cpu_frequency: state=300000 cpu_id=7
sugov:4-5860  ( 5860) [004] d..3   538.162304: sugov_set_iowait_boost: skipping iow boost
sugov:4-5860  ( 5860) [004] d..3   538.162330: sched_switch: prev_comm=sugov:4 prev_pid=5860 prev_prio=49 prev_state=S ==> next_comm=kworker/4:2 next_pid=463 next_prio=120
kworker/4:2-463 ( 463) [004] d..3   538.162423: sched_switch: prev_comm=kworker/4:2 prev_pid=463 prev_prio=120 prev_state=S ==> next_comm=ksoftirqd/4 next_pid=41 next_prio=120
ksoftirqd/4-41 ( 41) [004] d..3   538.162463: sched_switch: prev_comm=ksoftirqd/4 prev_pid=41 prev_prio=120 prev_state=S ==> next_comm=swapper/4 next_pid=0 next_prio=120
          <idle>-0     (-----) [004] d..2   538.162495: cpu_idle: state=0 cpu_id=4
          <idle>-0     (-----) [004] dnh4   538.162779: sched_wakeup: comm=perfd pid=813 prio=120 target_cpu=004
          <idle>-0     (-----) [004] .n.2   538.162831: cpu_idle: state=4294967295 cpu_id=4
          <idle>-0     (-----) [004] d..3   538.162848: sched_switch: prev_comm=swapper/4 prev_pid=0 prev_prio=120 prev_state=R ==> next_comm=perfd next_pid=813 next_prio=120
perfd-813 ( 813) [004] d..3   538.162928: sched_switch: prev_comm=perfd prev_pid=813 prev_prio=120 prev_state=S ==> next_comm=swapper/4 next_pid=0 next_prio=120
          <idle>-0     (-----) [000] d.h3   538.162948: sugov_set_iowait_boost: doing iow boost
          <idle>-0     (-----) [004] d..2   538.162951: cpu_idle: state=2 cpu_id=4
          <idle>-0     (-----) [000] dnh3   538.162980: sched_wakeup: comm=kworker/u16:12 pid=1014 prio=120 target_cpu=000
          <idle>-0     (-----) [000] dnh5   538.163018: sched_wakeup: comm=sugov:0 pid=5859 prio=49 target_cpu=000
          <idle>-0     (-----) [000] .n.2   538.163031: cpu_idle: state=4294967295 cpu_id=0
          <idle>-0     (-----) [000] d..3   538.163065: sched_switch: prev_comm=swapper/0 prev_pid=0 prev_prio=120 prev_state=R ==> next_comm=sugov:0 next_pid=5859 next_prio=49
sugov:0-5859  ( 5859) [000] ...1   538.163100: clock_set_rate: pwrcl_clk state=300000000 cpu_id=0
sugov:0-5859  ( 5859) [000] ...1   538.163110: cpu_frequency: state=300000 cpu_id=0
sugov:0-5859  ( 5859) [000] ...1   538.163131: cpu_frequency: state=300000 cpu_id=1
sugov:0-5859  ( 5859) [000] ...1   538.163144: cpu_frequency: state=300000 cpu_id=2
sugov:0-5859  ( 5859) [000] ...1   538.163159: cpu_frequency: state=300000 cpu_id=3
sugov:0-5859  ( 5859) [000] d..3   538.163181: sugov_set_iowait_boost: doing iow boost
sugov:0-5859  ( 5859) [000] d..3   538.163216: sched_switch: prev_comm=sugov:0 prev_pid=5859 prev_prio=49 prev_state=S ==> next_comm=kworker/u16:12 next_pid=1014 next_prio=120
kworker/u16:12-1014 ( 1014) [000] d.h4   538.163355: sched_wakeup: comm=kworker/u16:11 pid=682 prio=120 target_cpu=000
kworker/u16:12-1014 ( 1014) [000] d..5   538.163751: sched_wakeup: comm=kworker/0:4 pid=6999 prio=120 target_cpu=000
kworker/u16:12-1014 ( 1014) [000] d..3   538.163787: sched_switch: prev_comm=kworker/u16:12 prev_pid=1014 prev_prio=120 prev_state=S ==> next_comm=kworker/0:4 next_pid=6999 next_prio=120
kworker/0:4-6999 ( 6999) [000] d..3   538.163832: sched_switch: prev_comm=kworker/0:4 prev_pid=6999 prev_prio=120 prev_state=S ==> next_comm=kworker/u16:11 next_pid=682 next_prio=120
kworker/u16:11-682   (  682) [000] d..3   538.163890: sched_switch: prev_comm=kworker/u16:11 prev_pid=682 prev_prio=120 prev_state=S ==> next_comm=swapper/0 next_pid=0 next_prio=120
          <idle>-0     (-----) [000] d..2   538.163941: cpu_idle: state=2 cpu_id=0
          <idle>-0     (-----) [005] d..4   538.203201: sugov_set_iowait_boost: skipping iow boost
          <idle>-0     (-----) [005] dn.4   538.203228: sched_wakeup: comm=ksoftirqd/5 pid=49 prio=120 target_cpu=005
          <idle>-0     (-----) [005] .n.2   538.203242: cpu_idle: state=4294967295 cpu_id=5
          <idle>-0     (-----) [005] d..3   538.203286: sched_switch: prev_comm=swapper/5 prev_pid=0 prev_prio=120 prev_state=R ==> next_comm=ksoftirqd/5 next_pid=49 next_prio=120
ksoftirqd/5-49 ( 49) [005] d..3   538.203355: sched_switch: prev_comm=ksoftirqd/5 prev_pid=49 prev_prio=120 prev_state=S ==> next_comm=swapper/5 next_pid=0 next_prio=120
          <idle>-0     (-----) [005] d..2   538.203387: cpu_idle: state=0 cpu_id=5
          <idle>-0     (-----) [005] d.h4   538.203904: sched_wakeup: comm=ChromiumNet pid=7502 prio=130 target_cpu=004
          <idle>-0     (-----) [005] ...2   538.203964: cpu_idle: state=4294967295 cpu_id=5
          <idle>-0     (-----) [005] d..2   538.203974: cpu_idle: state=2 cpu_id=5
          <idle>-0     (-----) [004] .n.2   538.204094: cpu_idle: state=4294967295 cpu_id=4
          <idle>-0     (-----) [004] d..3   538.204137: sched_switch: prev_comm=swapper/4 prev_pid=0 prev_prio=120 prev_state=R ==> next_comm=ChromiumNet next_pid=7502 next_prio=130
ChromiumNet-7502 ( 7459) [004] d..3   538.204312: sugov_set_iowait_boost: skipping iow boost
ChromiumNet-7502 ( 7459) [004] d..3   538.204353: sched_switch: prev_comm=ChromiumNet prev_pid=7502 prev_prio=130 prev_state=S ==> next_comm=swapper/4 next_pid=0 next_prio=120
          <idle>-0     (-----) [004] dnh6   538.204386: sched_wakeup: comm=sugov:4 pid=5860 prio=49 target_cpu=004
          <idle>-0     (-----) [004] d..3   538.204402: sched_switch: prev_comm=swapper/4 prev_pid=0 prev_prio=120 prev_state=R ==> next_comm=sugov:4 next_pid=5860 next_prio=49
sugov:4-5860  ( 5860) [004] ...1   538.204438: clock_set_rate: perfcl_clk state=345600000 cpu_id=4
sugov:4-5860  ( 5860) [004] ...1   538.204450: cpu_frequency: state=345600 cpu_id=4
sugov:4-5860  ( 5860) [004] ...1   538.204470: cpu_frequency: state=345600 cpu_id=5
sugov:4-5860  ( 5860) [004] ...1   538.204479: cpu_frequency: state=345600 cpu_id=6
sugov:4-5860  ( 5860) [004] ...1   538.204487: cpu_frequency: state=345600 cpu_id=7
sugov:4-5860  ( 5860) [004] d..3   538.204501: sugov_set_iowait_boost: skipping iow boost
sugov:4-5860  ( 5860) [004] d..3   538.204529: sugov_set_iowait_boost: skipping iow boost
sugov:4-5860  ( 5860) [004] d..3   538.204534: sched_switch: prev_comm=sugov:4 prev_pid=5860 prev_prio=49 prev_state=S ==> next_comm=swapper/4 next_pid=0 next_prio=120
          <idle>-0     (-----) [004] d..2   538.204561: cpu_idle: state=2 cpu_id=4
          <idle>-0     (-----) [000] d.h5   538.254199: sugov_set_iowait_boost: doing iow boost
          <idle>-0     (-----) [000] dnh5   538.254227: sched_wakeup: comm=kworker/u16:11 pid=682 prio=120 target_cpu=000
          <idle>-0     (-----) [000] dns4   538.254297: sched_blocked_reason: pid=4 iowait=0 caller=msleep+0x18/0x24
          <idle>-0     (-----) [000] dns4   538.254311: sched_wakeup: comm=kworker/0:0 pid=4 prio=120 target_cpu=000
          <idle>-0     (-----) [000] dns4   538.254328: sched_blocked_reason: pid=1633 iowait=0 caller=msleep+0x18/0x24
          <idle>-0     (-----) [000] dns4   538.254340: sched_wakeup: comm=kworker/0:5 pid=1633 prio=120 target_cpu=000
          <idle>-0     (-----) [000] .n.2   538.254386: cpu_idle: state=4294967295 cpu_id=0
          <idle>-0     (-----) [000] d..3   538.254431: sched_switch: prev_comm=swapper/0 prev_pid=0 prev_prio=120 prev_state=R ==> next_comm=kworker/0:0 next_pid=4 next_prio=120
kworker/0:0-4     (    4) [000] d..3   538.254483: sched_switch: prev_comm=kworker/0:0 prev_pid=4 prev_prio=120 prev_state=S ==> next_comm=kworker/0:5 next_pid=1633 next_prio=120
kworker/0:5-1633 ( 1633) [000] d..3   538.254523: sched_switch: prev_comm=kworker/0:5 prev_pid=1633 prev_prio=120 prev_state=S ==> next_comm=kworker/u16:11 next_pid=682 next_prio=120
kworker/u16:11-682   (  682) [000] d..5   538.254559: sched_wakeup: comm=kworker/0:5 pid=1633 prio=120 target_cpu=000
kworker/u16:11-682   (  682) [000] d..3   538.254584: sched_switch: prev_comm=kworker/u16:11 prev_pid=682 prev_prio=120 prev_state=S ==> next_comm=kworker/0:5 next_pid=1633 next_prio=120
kworker/0:5-1633 ( 1633) [000] d..3   538.254613: sugov_set_iowait_boost: doing iow boost
kworker/0:5-1633 ( 1633) [000] d..3   538.254655: sched_switch: prev_comm=kworker/0:5 prev_pid=1633 prev_prio=120 prev_state=S ==> next_comm=swapper/0 next_pid=0 next_prio=120
          <idle>-0     (-----) [000] d..2   538.254707: cpu_idle: state=2 cpu_id=0
          <idle>-0     (-----) [000] d.s6   538.259680: sugov_set_iowait_boost: doing iow boost
          <idle>-0     (-----) [000] dns6   538.259707: sched_wakeup: comm=kworker/u16:11 pid=682 prio=120 target_cpu=000
          <idle>-0     (-----) [000] .n.2   538.259732: cpu_idle: state=4294967295 cpu_id=0
          <idle>-0     (-----) [000] d..3   538.259784: sched_switch: prev_comm=swapper/0 prev_pid=0 prev_prio=120 prev_state=R ==> next_comm=kworker/u16:11 next_pid=682 next_prio=120
kworker/u16:11-682   (  682) [000] d..4   538.259870: sched_wakeup: comm=kworker/u16:12 pid=1014 prio=120 target_cpu=000
kworker/u16:11-682   (  682) [000] d.s4   538.259991: sched_wakeup: comm=kworker/0:5 pid=1633 prio=120 target_cpu=000
kworker/u16:11-682   (  682) [000] d..3   538.260220: sugov_set_iowait_boost: doing iow boost
kworker/u16:11-682   (  682) [000] d..3   538.260244: sched_switch: prev_comm=kworker/u16:11 prev_pid=682 prev_prio=120 prev_state=S ==> next_comm=kworker/0:5 next_pid=1633 next_prio=120
kworker/0:5-1633 ( 1633) [000] d..3   538.260350: sched_switch: prev_comm=kworker/0:5 prev_pid=1633 prev_prio=120 prev_state=S ==> next_comm=kworker/u16:12 next_pid=1014 next_prio=120
kworker/u16:12-1014 ( 1014) [000] d..3   538.260407: sched_switch: prev_comm=kworker/u16:12 prev_pid=1014 prev_prio=120 prev_state=S ==> next_comm=swapper/0 next_pid=0 next_prio=120
          <idle>-0     (-----) [000] d..2   538.260456: cpu_idle: state=2 cpu_id=0
          <idle>-0     (-----) [006] d.h3   538.261097: sugov_set_iowait_boost: skipping iow boost
          <idle>-0     (-----) [006] dnh3   538.261127: sched_wakeup: comm=sensors@1.0-ser pid=1593 prio=120 target_cpu=006
          <idle>-0     (-----) [006] dnh5   538.261167: sched_wakeup: comm=sugov:4 pid=5860 prio=49 target_cpu=006
          <idle>-0     (-----) [006] .n.2   538.261180: cpu_idle: state=4294967295 cpu_id=6
          <idle>-0     (-----) [006] d..3   538.261213: sched_switch: prev_comm=swapper/6 prev_pid=0 prev_prio=120 prev_state=R ==> next_comm=sugov:4 next_pid=5860 next_prio=49
sugov:4-5860  ( 5860) [006] ...1   538.261247: clock_set_rate: perfcl_clk state=300000000 cpu_id=6
sugov:4-5860  ( 5860) [006] ...1   538.261258: cpu_frequency: state=300000 cpu_id=4
sugov:4-5860  ( 5860) [006] ...1   538.261277: cpu_frequency: state=300000 cpu_id=5
sugov:4-5860  ( 5860) [006] ...1   538.261285: cpu_frequency: state=300000 cpu_id=6
sugov:4-5860  ( 5860) [006] ...1   538.261293: cpu_frequency: state=300000 cpu_id=7
sugov:4-5860  ( 5860) [006] d..3   538.261311: sugov_set_iowait_boost: skipping iow boost
sugov:4-5860  ( 5860) [006] d..3   538.261334: sched_switch: prev_comm=sugov:4 prev_pid=5860 prev_prio=49 prev_state=S ==> next_comm=sensors@1.0-ser next_pid=1593 next_prio=120
sensors@1.0-ser-1593 ( 706) [006] d..3   538.261549: sched_wakeup: comm=android.hardwar pid=951 prio=120 target_cpu=005
sensors@1.0-ser-1593 ( 706) [006] d..3   538.261583: sugov_set_iowait_boost: skipping iow boost
sensors@1.0-ser-1593 ( 706) [006] d..3   538.261621: sched_switch: prev_comm=sensors@1.0-ser prev_pid=1593 prev_prio=120 prev_state=S ==> next_comm=swapper/6 next_pid=0 next_prio=120
          <idle>-0     (-----) [006] d..2   538.261659: cpu_idle: state=2 cpu_id=6
          <idle>-0     (-----) [005] .n.2   538.261740: cpu_idle: state=4294967295 cpu_id=5
          <idle>-0     (-----) [005] d..3   538.261779: sched_switch: prev_comm=swapper/5 prev_pid=0 prev_prio=120 prev_state=R ==> next_comm=android.hardwar next_pid=951 next_prio=120
android.hardwar-951 ( 706) [005] d..3   538.261904: sched_wakeup: comm=android.hardwar pid=1066 prio=120 target_cpu=007
android.hardwar-951 ( 706) [005] d..3   538.261955: sched_switch: prev_comm=android.hardwar prev_pid=951 prev_prio=120 prev_state=S ==> next_comm=swapper/5 next_pid=0 next_prio=120
          <idle>-0     (-----) [005] d..2   538.261987: cpu_idle: state=2 cpu_id=5
          <idle>-0     (-----) [007] .n.2   538.262089: cpu_idle: state=4294967295 cpu_id=7
          <idle>-0     (-----) [007] d..3   538.262129: sched_switch: prev_comm=swapper/7 prev_pid=0 prev_prio=120 prev_state=R ==> next_comm=android.hardwar next_pid=1066 next_prio=120
android.hardwar-1066 ( 706) [007] dn.3   538.262230: sched_wakeup: comm=sensors@1.0-ser pid=706 prio=89 target_cpu=007
android.hardwar-1066 ( 706) [007] d..3   538.262245: sched_switch: prev_comm=android.hardwar prev_pid=1066 prev_prio=120 prev_state=R+ ==> next_comm=sensors@1.0-ser next_pid=706 next_prio=89
sensors@1.0-ser-706   (  706) [007] d..3   538.262267: sugov_set_iowait_boost: skipping iow boost
sensors@1.0-ser-706   (  706) [007] d..3   538.262285: sched_switch: prev_comm=sensors@1.0-ser prev_pid=706 prev_prio=89 prev_state=S ==> next_comm=android.hardwar next_pid=1066 next_prio=120
android.hardwar-1066 ( 706) [007] dn.3   538.262304: sched_wakeup: comm=sensors@1.0-ser pid=706 prio=89 target_cpu=007
android.hardwar-1066 ( 706) [007] d..3   538.262312: sched_switch: prev_comm=android.hardwar prev_pid=1066 prev_prio=120 prev_state=R+ ==> next_comm=sensors@1.0-ser next_pid=706 next_prio=89
sensors@1.0-ser-706   (  706) [007] d..3   538.262444: sugov_set_iowait_boost: skipping iow boost
sensors@1.0-ser-706   (  706) [007] d..3   538.262465: sugov_set_iowait_boost: skipping iow boost
sensors@1.0-ser-706   (  706) [007] dnh6   538.262492: sched_wakeup: comm=sugov:4 pid=5860 prio=49 target_cpu=007
sensors@1.0-ser-706   (  706) [007] d..3   538.262506: sched_switch: prev_comm=sensors@1.0-ser prev_pid=706 prev_prio=120 prev_state=R+ ==> next_comm=sugov:4 next_pid=5860 next_prio=49
sugov:4-5860  ( 5860) [007] ...1   538.262533: clock_set_rate: perfcl_clk state=422400000 cpu_id=7
sugov:4-5860  ( 5860) [007] ...1   538.262542: cpu_frequency: state=422400 cpu_id=4
sugov:4-5860  ( 5860) [007] ...1   538.262558: cpu_frequency: state=422400 cpu_id=5
sugov:4-5860  ( 5860) [007] ...1   538.262569: cpu_frequency: state=422400 cpu_id=6
sugov:4-5860  ( 5860) [007] ...1   538.262577: cpu_frequency: state=422400 cpu_id=7
sugov:4-5860  ( 5860) [007] d..3   538.262589: sugov_set_iowait_boost: skipping iow boost
sugov:4-5860  ( 5860) [007] d..3   538.262600: sugov_set_iowait_boost: skipping iow boost
sugov:4-5860  ( 5860) [007] d..3   538.262607: sched_switch: prev_comm=sugov:4 prev_pid=5860 prev_prio=49 prev_state=S ==> next_comm=android.hardwar next_pid=1066 next_prio=120
android.hardwar-1066 ( 706) [007] dnh6   538.262617: sched_wakeup: comm=sugov:4 pid=5860 prio=49 target_cpu=007
android.hardwar-1066 ( 706) [007] d..3   538.262625: sched_switch: prev_comm=android.hardwar prev_pid=1066 prev_prio=120 prev_state=R+ ==> next_comm=sugov:4 next_pid=5860 next_prio=49
sugov:4-5860  ( 5860) [007] ...1   538.262637: cpu_frequency: state=422400 cpu_id=4
sugov:4-5860  ( 5860) [007] ...1   538.262643: cpu_frequency: state=422400 cpu_id=5
sugov:4-5860  ( 5860) [007] ...1   538.262649: cpu_frequency: state=422400 cpu_id=6
sugov:4-5860  ( 5860) [007] ...1   538.262655: cpu_frequency: state=422400 cpu_id=7
sugov:4-5860  ( 5860) [007] d..3   538.262662: sugov_set_iowait_boost: skipping iow boost
sugov:4-5860  ( 5860) [007] d..3   538.262669: sched_switch: prev_comm=sugov:4 prev_pid=5860 prev_prio=49 prev_state=S ==> next_comm=android.hardwar next_pid=1066 next_prio=120
android.hardwar-1066 ( 706) [007] d..3   538.262692: sched_switch: prev_comm=android.hardwar prev_pid=1066 prev_prio=120 prev_state=S ==> next_comm=sensors@1.0-ser next_pid=706 next_prio=120
sensors@1.0-ser-706   (  706) [007] d..3   538.262777: sched_switch: prev_comm=sensors@1.0-ser prev_pid=706 prev_prio=120 prev_state=S ==> next_comm=swapper/7 next_pid=0 next_prio=120
          <idle>-0     (-----) [007] d..2   538.262804: cpu_idle: state=2 cpu_id=7
          <idle>-0     (-----) [004] d.h4   538.263218: sugov_set_iowait_boost: skipping iow boost
          <idle>-0     (-----) [004] dnh4   538.263229: sched_wakeup: comm=perfd pid=813 prio=120 target_cpu=004
          <idle>-0     (-----) [004] .n.2   538.263250: cpu_idle: state=4294967295 cpu_id=4
          <idle>-0     (-----) [004] d..3   538.263279: sched_switch: prev_comm=swapper/4 prev_pid=0 prev_prio=120 prev_state=R ==> next_comm=perfd next_pid=813 next_prio=120
          <idle>-0     (-----) [001] dnh3   538.263300: sched_wakeup: comm=SensorService pid=1307 prio=89 target_cpu=001
          <idle>-0     (-----) [001] .n.2   538.263328: cpu_idle: state=4294967295 cpu_id=1
perfd-813 ( 813) [004] d..3   538.263346: sched_switch: prev_comm=perfd prev_pid=813 prev_prio=120 prev_state=S ==> next_comm=swapper/4 next_pid=0 next_prio=120
          <idle>-0     (-----) [004] dn.4   538.263363: sched_wakeup: comm=ksoftirqd/4 pid=41 prio=120 target_cpu=004
          <idle>-0     (-----) [004] d..3   538.263370: sched_switch: prev_comm=swapper/4 prev_pid=0 prev_prio=120 prev_state=R ==> next_comm=ksoftirqd/4 next_pid=41 next_prio=120
          <idle>-0     (-----) [001] d..3   538.263371: sched_switch: prev_comm=swapper/1 prev_pid=0 prev_prio=120 prev_state=R ==> next_comm=SensorService next_pid=1307 next_prio=89
ksoftirqd/4-41 ( 41) [004] d..3   538.263433: sched_switch: prev_comm=ksoftirqd/4 prev_pid=41 prev_prio=120 prev_state=S ==> next_comm=swapper/4 next_pid=0 next_prio=120
          <idle>-0     (-----) [004] d..2   538.263452: cpu_idle: state=2 cpu_id=4
          <idle>-0     (-----) [000] d.h3   538.263624: sugov_set_iowait_boost: doing iow boost
          <idle>-0     (-----) [000] dnh3   538.263653: sched_wakeup: comm=kworker/u16:12 pid=1014 prio=120 target_cpu=000
          <idle>-0     (-----) [000] .n.2   538.263669: cpu_idle: state=4294967295 cpu_id=0
          <idle>-0     (-----) [000] d..3   538.263708: sched_switch: prev_comm=swapper/0 prev_pid=0 prev_prio=120 prev_state=R ==> next_comm=kworker/u16:12 next_pid=1014 next_prio=120
          <idle>-0     (-----) [004] d.h3   538.263827: sugov_set_iowait_boost: skipping iow boost
          <idle>-0     (-----) [004] dnh3   538.263839: sched_wakeup: comm=android.youtube pid=7459 prio=110 target_cpu=004
SensorService-1307 ( 1118) [001] d..3   538.263846: sugov_set_iowait_boost: doing iow boost
          <idle>-0     (-----) [004] .n.2   538.263849: cpu_idle: state=4294967295 cpu_id=4
          <idle>-0     (-----) [004] d..3   538.263867: sched_switch: prev_comm=swapper/4 prev_pid=0 prev_prio=120 prev_state=R ==> next_comm=android.youtube next_pid=7459 next_prio=110
SensorService-1307 ( 1118) [001] d..3   538.263874: sugov_set_iowait_boost: doing iow boost
SensorService-1307 ( 1118) [001] d..3   538.263911: sugov_set_iowait_boost: doing iow boost
SensorService-1307 ( 1118) [001] d..3   538.263924: sched_switch: prev_comm=SensorService prev_pid=1307 prev_prio=89 prev_state=S ==> next_comm=swapper/1 next_pid=0 next_prio=120
          <idle>-0     (-----) [007] dnh3   538.263969: sched_wakeup: comm=sensors@1.0-ser pid=706 prio=89 target_cpu=007
          <idle>-0     (-----) [001] d..2   538.263974: cpu_idle: state=2 cpu_id=1
          <idle>-0     (-----) [007] .n.2   538.263981: cpu_idle: state=4294967295 cpu_id=7
          <idle>-0     (-----) [007] d..3   538.263999: sched_switch: prev_comm=swapper/7 prev_pid=0 prev_prio=120 prev_state=R ==> next_comm=sensors@1.0-ser next_pid=706 next_prio=89
sensors@1.0-ser-706   (  706) [007] d..3   538.264055: sugov_set_iowait_boost: skipping iow boost
sensors@1.0-ser-706   (  706) [007] d..3   538.264068: sugov_set_iowait_boost: skipping iow boost
sensors@1.0-ser-706   (  706) [007] d..3   538.264085: sugov_set_iowait_boost: skipping iow boost
sensors@1.0-ser-706   (  706) [007] d..3   538.264090: sched_switch: prev_comm=sensors@1.0-ser prev_pid=706 prev_prio=89 prev_state=S ==> next_comm=swapper/7 next_pid=0 next_prio=120
android.youtube-7459 ( 7459) [004] d..3   538.264091: sugov_set_iowait_boost: skipping iow boost
kworker/u16:12-1014 ( 1014) [000] d..3   538.264095: sched_switch: prev_comm=kworker/u16:12 prev_pid=1014 prev_prio=120 prev_state=S ==> next_comm=swapper/0 next_pid=0 next_prio=120
          <idle>-0     (-----) [007] d..2   538.264111: cpu_idle: state=2 cpu_id=7
android.youtube-7459 ( 7459) [004] d..3   538.264119: sched_switch: prev_comm=android.youtube prev_pid=7459 prev_prio=110 prev_state=S ==> next_comm=swapper/4 next_pid=0 next_prio=120
          <idle>-0     (-----) [000] d..2   538.264138: cpu_idle: state=2 cpu_id=0
          <idle>-0     (-----) [004] d..2   538.264142: cpu_idle: state=2 cpu_id=4
          <idle>-0     (-----) [006] d..4   538.267571: sugov_set_iowait_boost: skipping iow boost
          <idle>-0     (-----) [006] dn.4   538.267583: sched_wakeup: comm=ksoftirqd/6 pid=57 prio=120 target_cpu=006
          <idle>-0     (-----) [006] .n.2   538.267591: cpu_idle: state=4294967295 cpu_id=6
          <idle>-0     (-----) [006] d..3   538.267611: sched_switch: prev_comm=swapper/6 prev_pid=0 prev_prio=120 prev_state=R ==> next_comm=ksoftirqd/6 next_pid=57 next_prio=120
ksoftirqd/6-57 ( 57) [006] d..3   538.267646: sched_switch: prev_comm=ksoftirqd/6 prev_pid=57 prev_prio=120 prev_state=S ==> next_comm=swapper/6 next_pid=0 next_prio=120
          <idle>-0     (-----) [006] d..2   538.267665: cpu_idle: state=2 cpu_id=6
          <idle>-0     (-----) [000] d.h3   538.268460: sugov_set_iowait_boost: doing iow boost
          <idle>-0     (-----) [000] d.h3   538.268480: sugov_set_iowait_boost: doing iow boost
          <idle>-0     (-----) [000] dnh3   538.268500: sched_wakeup: comm=Thread-50 pid=7599 prio=120 target_cpu=000
