<!DOCTYPE html>
<html>
<head i18n-values="dir:textdirection;">
<meta http-equiv="Content-Type" content="text/html; charset=utf-8">
<meta charset="utf-8"/>
<title>Android System Trace</title>
<style>
  html,
  body {
    height: 100%;
  }

  body {
    -webkit-flex-direction: column;
    display: -webkit-flex;
    margin: 0;
    padding: 0;
  }

  body > tr-ui-timeline-view {
    -webkit-flex: 1 1 auto;
    min-height: 0;
  }
  body > tr-ui-timeline-view:focus {
    outline: none;
  }
</style>
<template id="overlay-template">
  <style>
    overlay-mask {
      left: 0;
      padding: 8px;
      position: absolute;
      top: 0;
      z-index: 1000;
      font-family: sans-serif;
      -webkit-justify-content: center;
      background: rgba(0, 0, 0, 0.8);
      display: -webkit-flex;
      height: 100%;
      left: 0;
      position: fixed;
      top: 0;
      width: 100%;
    }
    overlay-mask:focus {
      outline: none;
    }
    overlay-vertical-centering-container {
      -webkit-justify-content: center;
      -webkit-flex-direction: column;
      display: -webkit-flex;
    }
    overlay-frame {
      z-index: 1100;
      background: rgb(255, 255, 255);
      border: 1px solid #ccc;
      margin: 75px;
      display: -webkit-flex;
      -webkit-flex-direction: column;
      min-height: 0;
    }
    title-bar {
      -webkit-align-items: center;
      -webkit-flex-direction: row;
      border-bottom: 1px solid #ccc;
      background-color: #ddd;
      display: -webkit-flex;
      padding: 5px;
      -webkit-flex: 0 0 auto;
    }
    title {
      display: inline;
      font-weight: bold;
      -webkit-box-flex: 1;
      -webkit-flex: 1 1 auto;
    }
    close-button {
      -webkit-align-self: flex-end;
      border: 1px solid #eee;
      background-color: #999;
      font-size: 10pt;
      font-weight: bold;
      padding: 2px;
      text-align: center;
      width: 16px;
    }
    close-button:hover {
      background-color: #ddd;
      border-color: black;
      cursor: pointer;
    }
    overlay-content {
      display: -webkit-flex;
      -webkit-flex: 1 1 auto;
      -webkit-flex-direction: column;
      overflow-y: auto;
      padding: 10px;
      min-width: 300px;
      min-height: 0;
    }
    button-bar {
      -webkit-align-items: baseline;
      border-top: 1px solid #ccc;
      display: -webkit-flex;
      -webkit-flex: 0 0 auto;
      -webkit-flex-direction: row-reverse;
      padding: 4px;
    }
  </style>

  <overlay-mask>
    <overlay-vertical-centering-container>
      <overlay-frame>
        <title-bar>
          <title></title>
          <close-button>✕</close-button>
        </title-bar>
        <overlay-content>
          <content></content>
        </overlay-content>
        <button-bar></button-bar>
      </overlay-frame>
    </overlay-vertical-centering-container>
  </overlay-mask>
</template><style>
* /deep/ .labeled-checkbox {
  display: flex;
  white-space: nowrap;
}
</style><dom-module id="tr-ui-a-analysis-link">
  <template>
    <style>
    :host {
      display: inline;
      cursor: pointer;
      cursor: pointer;
      white-space: nowrap;
    }
    a {
      text-decoration: underline;
    }
    </style>
    <a href="{{href}}" on-click="onClicked_" on-mouseenter="onMouseEnter_" on-mouseleave="onMouseLeave_"><content></content></a>

  </template>
</dom-module><dom-module id="tr-ui-b-table">
  <template>
    <style>
      :host {
        display: flex;
        flex-direction: column;
      }

      table {
        flex: 1 1 auto;
        align-self: stretch;
        border-collapse: separate;
        border-spacing: 0;
        border-width: 0;
        -webkit-user-select: initial;
      }

      tr > td {
        padding: 2px 4px 2px 4px;
        vertical-align: top;
      }

      table > tbody:focus {
        outline: none;
      }
      table > tbody:focus[selection-mode="row"] > tr[selected],
      table > tbody:focus[selection-mode="cell"] > tr > td[selected],
      table > tbody:focus > tr.empty-row > td {
        outline: 1px dotted #666666;
        outline-offset: -1px;
      }

      button.toggle-button {
        height: 15px;
        line-height: 60%;
        vertical-align: middle;
        width: 100%;
      }

      button > * {
        height: 15px;
        vertical-align: middle;
      }

      td.button-column {
        width: 30px;
      }

      table > thead > tr > td.sensitive:hover {
        background-color: #fcfcfc;
      }

      table > thead > tr > td {
        font-weight: bold;
        text-align: left;

        background-color: #eee;
        white-space: nowrap;
        overflow: hidden;
        text-overflow: ellipsis;

        border-top: 1px solid #ffffff;
        border-bottom: 1px solid #aaa;
      }

      table > tfoot {
        background-color: #eee;
        font-weight: bold;
      }

      /* Light row and cell highlight. */
      table > tbody[row-highlight-style="light"] > tr[selected],
      table > tbody[cell-highlight-style="light"] > tr > td[selected] {
        background-color: rgb(213, 236, 229);  /* light turquoise */
      }
      table > tbody[row-highlight-style="light"] >
          tr:not(.empty-row):not([selected]):hover,
      table > tbody[cell-highlight-style="light"] >
          tr:not(.empty-row):not([selected]) > td:hover {
        background-color: #f6f6f6;  /* light grey */
      }

      /* Dark row and cell highlight. */
      table > tbody[row-highlight-style="dark"] > tr[selected],
      table > tbody[cell-highlight-style="dark"] > tr > td[selected] {
        background-color: rgb(103, 199, 165);  /* turquoise */
      }
      table > tbody[row-highlight-style="dark"] >
          tr:not(.empty-row):not([selected]):hover,
      table > tbody[cell-highlight-style="dark"] >
          tr:not(.empty-row):not([selected]) > td:hover {
        background-color: #e6e6e6;  /* grey */
      }
      table > tbody[row-highlight-style="dark"] > tr:hover[selected],
      table > tbody[cell-highlight-style="dark"] > tr[selected] > td:hover {
        background-color: rgb(171, 217, 202);  /* semi-light turquoise */
      }

      table > colgroup > col[selected] {
        background-color: #e6e6e6;  /* grey */
      }

      table > tbody > tr.empty-row > td {
        color: #666;
        font-style: italic;
        text-align: center;
      }

      table > tbody.has-footer > tr:last-child > td {
        border-bottom: 1px solid #aaa;
      }

      table > tfoot > tr:first-child > td {
        border-top: 1px solid #ffffff;
      }

      :host([zebra]) table tbody tr:nth-child(even) {
        background-color: #f4f4f4;
      }

      expand-button {
        -webkit-user-select: none;
        cursor: pointer;
        margin-right: 3px;
        font-size: smaller;
        height: 1rem;
      }

      expand-button.button-expanded {
        transform: rotate(90deg);
      }
    </style>
    <table>
      <colgroup id="cols">
      </colgroup>
      <thead id="head">
      </thead>
      <tbody id="body">
      </tbody>
      <tfoot id="foot">
      </tfoot>
    </table>
  </template>
</dom-module><dom-module id="tr-ui-b-table-header-cell">
  <template>
  <style>
    :host {
      -webkit-user-select: none;
      display: flex;
    }

    span {
      flex: 0 1 auto;
    }

    #side {
      -webkit-user-select: none;
      flex: 0 0 auto;
      padding-left: 2px;
      padding-right: 2px;
      vertical-align: top;
      font-size: 15px;
      font-family: sans-serif;
      line-height: 85%;
      margin-left: 5px;
    }

    #side.disabled {
      color: rgb(140, 140, 140);
    }

    #title:empty, #side:empty {
      display: none;
    }
  </style>

    <span id="title"></span>
    <span id="side"></span>
  </template>
</dom-module><dom-module id="tr-v-ui-scalar-context-controller">
  <template></template>
</dom-module><dom-module id="tr-v-ui-scalar-span">
  <template>
    <style>
    :host {
      display: flex;
      flex-direction: row;
      justify-content: flex-end;
      position: relative;
      /* Limit the sparkline's negative z-index to the span only. */
      isolation: isolate;
    }

    :host(.left-align) {
      justify-content: flex-start;
    }

    :host(.inline) {
      display: inline-flex;
    }

    #sparkline {
      width: 0%;
      position: absolute;
      bottom: 0;
      display: none;
      height: 100%;
      background-color: hsla(216, 100%, 94.5%, .75);
      border-color: hsl(216, 100%, 89%);
      box-sizing: border-box;
      z-index: -1;
    }
    #sparkline.positive {
      border-right-style: solid;
      /* The border width must be kept in sync with buildSparklineStyle_(). */
      border-right-width: 1px;
    }
    #sparkline:not(.positive) {
      border-left-style: solid;
      /* The border width must be kept in sync with buildSparklineStyle_(). */
      border-left-width: 1px;
    }
    #sparkline.better {
      background-color: hsla(115, 100%, 93%, .75);
      border-color: hsl(118, 60%, 80%);
    }
    #sparkline.worse {
      background-color: hsla(0, 100%, 88%, .75);
      border-color: hsl(0, 100%, 80%);
    }

    #content, #significance, #warning {
      flex-grow: 0;
    }
    #content.better {
      color: green;
    }
    #content.worse {
      color: red;
    }

    #significance svg {
      margin-left: 4px;
      display: none;
      height: 1em;
      vertical-align: text-top;
      stroke-width: 4;
      fill: rgba(0, 0, 0, 0);
    }
    #significance #insignificant {
      stroke: black;
    }
    #significance #significantly_better {
      stroke: green;
    }
    #significance #significantly_worse {
      stroke: red;
    }

    #warning {
      display: none;
      margin-left: 4px;
      height: 1em;
      vertical-align: text-top;
      stroke-width: 0;
    }
    #warning path {
      fill: rgb(255, 185, 185);
    }
    #warning rect {
      fill: red;
    }
    </style>

    <span id="sparkline"></span>

    <span id="content"></span>

    <span id="significance">
      
      <svg id="insignificant" viewBox="0 0 128 128">
        <circle cx="64" cy="64" r="60"></circle>
        <circle cx="44" cy="44" r="4"></circle>
        <circle cx="84" cy="44" r="4"></circle>
        <line x1="36" x2="92" y1="80" y2="80"></line>
      </svg>

      
      <svg id="significantly_better" viewBox="0 0 128 128">
        <circle cx="64" cy="64" r="60"></circle>
        <circle cx="44" cy="44" r="4"></circle>
        <circle cx="84" cy="44" r="4"></circle>
        <path d="M 28 64 Q 64 128 100 64"></path>
      </svg>

      
      <svg id="significantly_worse" viewBox="0 0 128 128">
        <circle cx="64" cy="64" r="60"></circle>
        <circle cx="44" cy="44" r="4"></circle>
        <circle cx="84" cy="44" r="4"></circle>
        <path d="M 36 96 Q 64 48 92 96"></path>
      </svg>
    </span>

    <svg id="warning" viewBox="0 0 128 128">
      <path d="M 64 0 L 128 128 L 0 128 L 64 0"></path>
      <rect height="84" width="8" x="60" y="0"></rect>
      <rect height="24" width="8" x="60" y="100"></rect>
    </svg>
  </template>
</dom-module><dom-module id="tr-ui-a-generic-object-view">
  <template>
    <style>
    :host {
      display: block;
      font-family: monospace;
    }
    </style>
    <div id="content">
    </div>
  </template>
</dom-module><dom-module id="tr-ui-a-generic-object-view-with-label">
  <template>
    <style>
    :host {
      display: block;
    }
    </style>
  </template>
</dom-module><dom-module id="tr-ui-b-drag-handle">
  <template>
    <style>
    :host {
      -webkit-user-select: none;
      box-sizing: border-box;
      display: block;
    }

    :host(.horizontal-drag-handle) {
      background-image: -webkit-gradient(linear,
                                         0 0, 0 100%,
                                         from(#E5E5E5),
                                         to(#D1D1D1));
      border-bottom: 1px solid #8e8e8e;
      border-top: 1px solid white;
      cursor: ns-resize;
      flex: 0 0 auto;
      height: 7px;
      position: relative;
    }

    :host(.vertical-drag-handle) {
      background-image: -webkit-gradient(linear,
                                         0 0, 100% 0,
                                         from(#E5E5E5),
                                         to(#D1D1D1));
      border-left: 1px solid white;
      border-right: 1px solid #8e8e8e;
      cursor: ew-resize;
      flex: 0 0 auto;
      position: relative;
      width: 7px;
    }
    </style>
    <div></div>
  </template>
</dom-module><dom-module id="tv-ui-b-hotkey-controller">
  <template>
    <div></div>
  </template>
</dom-module><dom-module id="tr-ui-b-info-bar">
  <template>
    <style>
    :host {
      align-items: center;
      flex: 0 0 auto;
      background-color: rgb(252, 235, 162);
      border-bottom: 1px solid #A3A3A3;
      border-left: 1px solid white;
      border-right: 1px solid #A3A3A3;
      border-top: 1px solid white;
      display: flex;
      height: 26px;
      padding: 0 3px 0 3px;
    }

    :host([hidden]) {
      display: none !important;
    }

    #message { flex: 1 1 auto; }
    </style>

    <span id="message"></span>
    <span id="buttons"></span>
  </template>
</dom-module>
<!--CATAPULT_REV=1fb40f5928326d109b716dc85d78c5e86612f7a6-->
</head>
<body>
  <tr-ui-timeline-view>
    <track-view-container id='track_view_container'></track-view-container>
  </tr-ui-timeline-view>

  <script>
  'use strict';
  var timelineViewEl;

  function onLoad() {
    timelineViewEl = document.querySelector('tr-ui-timeline-view');
    timelineViewEl.globalMode = true;

    var traceDataEls = document.body.querySelectorAll('.trace-data');
    var traces = [];
    for (var i = 0; i < traceDataEls.length; i++) {
      var traceText = traceDataEls[i].textContent;
      // Remove the leading newline.
      traceText = traceText.substring(1);
      traces.push(traceText);
    }

    var m = new tr.Model();
    var i = new tr.importer.Import(m);
    var p = i.importTracesWithProgressDialog(traces);
    p.then(
      function() {
        timelineViewEl.model = m;
        timelineViewEl.updateDocumentFavicon();
        timelineViewEl.globalMode = true;
        timelineViewEl.viewTitle = 'Android System Trace';
      },
      function(err) {
        var overlay = new tr.ui.b.Overlay();
        overlay.textContent = tr.b.normalizeException(err).message;
        overlay.title = 'Import error';
        overlay.visible = true;
      });
  }
  window.addEventListener('load', onLoad);
  </script>
<!-- BEGIN TRACE -->
  <script class="trace-data" type="application/text">
# tracer: nop
#
# entries-in-buffer/entries-written: 180350/180350   #P:8
#
#                                      _-----=> irqs-off
#                                     / _----=> need-resched
#                                    | / _---=> hardirq/softirq
#                                    || / _--=> preempt-depth
#                                    ||| /     delay
#           TASK-PID    TGID   CPU#  ||||    TIMESTAMP  FUNCTION
#              | |        |      |   ||||       |         |
kworker/u17:1-959   (  959) [006] d..3   538.064659: sched_switch: prev_comm=kworker/u17:1 prev_pid=959 prev_prio=100 prev_state=S ==> next_comm=swapper/6 next_pid=0 next_prio=120
          <idle>-0     (-----) [006] d..2   538.064674: cpu_idle: state=2 cpu_id=6
<7952>-7952  (-----) [000] ...1   538.064761: tracing_mark_write: trace_event_clock_sync: parent_ts=538.064758
<7952>-7952  (-----) [000] ...1   538.064769: tracing_mark_write: trace_event_clock_sync: realtime_ts=1495123564025
<7952>-7952  (-----) [000] d..4   538.064909: sugov_set_iowait_boost: doing iow boost
<7952>-7952  (-----) [000] dn.4   538.064912: sched_wakeup: comm=kworker/u16:11 pid=682 prio=120 target_cpu=000
<7952>-7952  (-----) [000] d..3   538.064918: sched_switch: prev_comm=atrace prev_pid=7952 prev_prio=120 prev_state=R ==> next_comm=kworker/u16:11 next_pid=682 next_prio=120
          <idle>-0     (-----) [006] d.h3   538.064923: sugov_set_iowait_boost: skipping iow boost
kworker/u16:11-682   (  682) [000] d..3   538.064928: sched_switch: prev_comm=kworker/u16:11 prev_pid=682 prev_prio=120 prev_state=S ==> next_comm=atrace next_pid=7952 next_prio=120
          <idle>-0     (-----) [006] dnh3   538.064931: sched_wakeup: comm=kworker/u17:1 pid=959 prio=100 target_cpu=006
          <idle>-0     (-----) [006] .n.2   538.064937: cpu_idle: state=4294967295 cpu_id=6
          <idle>-0     (-----) [006] d..3   538.064947: sched_switch: prev_comm=swapper/6 prev_pid=0 prev_prio=120 prev_state=R ==> next_comm=kworker/u17:1 next_pid=959 next_prio=100
kworker/u17:1-959   (  959) [006] d..4   538.064996: sched_wakeup: comm=<-transport pid=5851 prio=120 target_cpu=007
<7952>-7952  (-----) [000] dn.4   538.065022: sched_wakeup: comm=kworker/u16:11 pid=682 prio=120 target_cpu=000
kworker/u17:1-959   (  959) [006] d..3   538.065026: sched_switch: prev_comm=kworker/u17:1 prev_pid=959 prev_prio=100 prev_state=S ==> next_comm=swapper/6 next_pid=0 next_prio=120
<7952>-7952  (-----) [000] d..3   538.065028: sched_switch: prev_comm=atrace prev_pid=7952 prev_prio=120 prev_state=R+ ==> next_comm=kworker/u16:11 next_pid=682 next_prio=120
kworker/u16:11-682   (  682) [000] d..3   538.065034: sched_switch: prev_comm=kworker/u16:11 prev_pid=682 prev_prio=120 prev_state=S ==> next_comm=atrace next_pid=7952 next_prio=120
          <idle>-0     (-----) [006] d..2   538.065039: cpu_idle: state=2 cpu_id=6
<7952>-7952  (-----) [000] dn.4   538.065041: sched_wakeup: comm=kworker/u16:11 pid=682 prio=120 target_cpu=000
<7952>-7952  (-----) [000] d..3   538.065045: sched_switch: prev_comm=atrace prev_pid=7952 prev_prio=120 prev_state=R+ ==> next_comm=kworker/u16:11 next_pid=682 next_prio=120
kworker/u16:11-682   (  682) [000] d..3   538.065051: sched_switch: prev_comm=kworker/u16:11 prev_pid=682 prev_prio=120 prev_state=S ==> next_comm=atrace next_pid=7952 next_prio=120
<7952>-7952  (-----) [000] dn.4   538.065059: sched_wakeup: comm=kworker/u16:11 pid=682 prio=120 target_cpu=000
<7952>-7952  (-----) [000] d..3   538.065062: sched_switch: prev_comm=atrace prev_pid=7952 prev_prio=120 prev_state=R+ ==> next_comm=kworker/u16:11 next_pid=682 next_prio=120
kworker/u16:11-682   (  682) [000] d..3   538.065070: sched_switch: prev_comm=kworker/u16:11 prev_pid=682 prev_prio=120 prev_state=S ==> next_comm=atrace next_pid=7952 next_prio=120
          <idle>-0     (-----) [007] .n.2   538.065134: cpu_idle: state=4294967295 cpu_id=7
          <idle>-0     (-----) [007] d..3   538.065152: sched_switch: prev_comm=swapper/7 prev_pid=0 prev_prio=120 prev_state=R ==> next_comm=<-transport next_pid=5851 next_prio=120
<7952>-7952  (-----) [000] dn.4   538.065161: sched_wakeup: comm=kworker/u16:11 pid=682 prio=120 target_cpu=000
<7952>-7952  (-----) [000] d..3   538.065165: sched_switch: prev_comm=atrace prev_pid=7952 prev_prio=120 prev_state=R+ ==> next_comm=kworker/u16:11 next_pid=682 next_prio=120
kworker/u16:11-682   (  682) [000] d..3   538.065183: sched_switch: prev_comm=kworker/u16:11 prev_pid=682 prev_prio=120 prev_state=S ==> next_comm=atrace next_pid=7952 next_prio=120
<7952>-7952  (-----) [000] dn.4   538.065190: sched_wakeup: comm=kworker/u16:11 pid=682 prio=120 target_cpu=000
<7952>-7952  (-----) [000] d..3   538.065194: sched_switch: prev_comm=atrace prev_pid=7952 prev_prio=120 prev_state=R+ ==> next_comm=kworker/u16:11 next_pid=682 next_prio=120
kworker/u16:11-682   (  682) [000] d..3   538.065199: sugov_set_iowait_boost: doing iow boost
kworker/u16:11-682   (  682) [000] d..3   538.065202: sched_switch: prev_comm=kworker/u16:11 prev_pid=682 prev_prio=120 prev_state=S ==> next_comm=atrace next_pid=7952 next_prio=120
<-transport-5851  ( 5833) [007] d..4   538.065208: sugov_set_iowait_boost: skipping iow boost
<-transport-5851  ( 5833) [007] d..4   538.065215: sched_wakeup: comm=adbd pid=5833 prio=120 target_cpu=007
<7952>-7952  (-----) [000] dn.4   538.065224: sched_wakeup: comm=kworker/u16:11 pid=682 prio=120 target_cpu=000
<-transport-5851  ( 5833) [007] dnh5   538.065227: sched_wakeup: comm=sugov:4 pid=5860 prio=49 target_cpu=007
<7952>-7952  (-----) [000] d..3   538.065227: sched_switch: prev_comm=atrace prev_pid=7952 prev_prio=120 prev_state=R+ ==> next_comm=kworker/u16:11 next_pid=682 next_prio=120
<-transport-5851  ( 5833) [007] d..3   538.065234: sched_switch: prev_comm=<-transport prev_pid=5851 prev_prio=120 prev_state=R+ ==> next_comm=sugov:4 next_pid=5860 next_prio=49
kworker/u16:11-682   (  682) [000] d..3   538.065237: sched_switch: prev_comm=kworker/u16:11 prev_pid=682 prev_prio=120 prev_state=S ==> next_comm=atrace next_pid=7952 next_prio=120
sugov:4-5860  ( 5860) [007] ...1   538.065247: clock_set_rate: perfcl_clk state=300000000 cpu_id=7
sugov:4-5860  ( 5860) [007] ...1   538.065254: cpu_frequency: state=300000 cpu_id=4
sugov:4-5860  ( 5860) [007] ...1   538.065264: cpu_frequency: state=300000 cpu_id=5
sugov:4-5860  ( 5860) [007] ...1   538.065270: cpu_frequency: state=300000 cpu_id=6
sugov:4-5860  ( 5860) [007] ...1   538.065286: cpu_frequency: state=300000 cpu_id=7
sugov:4-5860  ( 5860) [007] d..3   538.065322: sugov_set_iowait_boost: skipping iow boost
sugov:4-5860  ( 5860) [007] d..3   538.065354: sched_switch: prev_comm=sugov:4 prev_pid=5860 prev_prio=49 prev_state=S ==> next_comm=adbd next_pid=5833 next_prio=120
adbd-5833  ( 5833) [007] d..4   538.065540: sugov_set_iowait_boost: skipping iow boost
adbd-5833  ( 5833) [007] d..4   538.065545: sugov_set_iowait_boost: skipping iow boost
adbd-5833  ( 5833) [007] d..4   538.065552: sched_wakeup: comm=->transport pid=5850 prio=120 target_cpu=007
adbd-5833  ( 5833) [007] d..3   538.065732: sched_switch: prev_comm=adbd prev_pid=5833 prev_prio=120 prev_state=S ==> next_comm=->transport next_pid=5850 next_prio=120
->transport-5850  ( 5833) [007] d..3   538.065748: sched_switch: prev_comm=->transport prev_pid=5850 prev_prio=120 prev_state=S ==> next_comm=<-transport next_pid=5851 next_prio=120
<-transport-5851  ( 5833) [007] d..3   538.065851: sched_switch: prev_comm=<-transport prev_pid=5851 prev_prio=120 prev_state=S ==> next_comm=swapper/7 next_pid=0 next_prio=120
          <idle>-0     (-----) [007] d..2   538.065892: cpu_idle: state=2 cpu_id=7
<7952>-7952  (-----) [000] d..3   538.065896: sugov_set_iowait_boost: doing iow boost
<7952>-7952  (-----) [000] d..3   538.065906: sched_switch: prev_comm=atrace prev_pid=7952 prev_prio=120 prev_state=x ==> next_comm=swapper/0 next_pid=0 next_prio=120
          <idle>-0     (-----) [000] d..2   538.065916: cpu_idle: state=0 cpu_id=0
          <idle>-0     (-----) [004] d.h3   538.066111: sugov_set_iowait_boost: skipping iow boost
          <idle>-0     (-----) [004] dnh3   538.066127: sched_wakeup: comm=sh pid=7950 prio=120 target_cpu=004
          <idle>-0     (-----) [004] .n.2   538.066140: cpu_idle: state=4294967295 cpu_id=4
          <idle>-0     (-----) [004] d..3   538.066168: sched_switch: prev_comm=swapper/4 prev_pid=0 prev_prio=120 prev_state=R ==> next_comm=sh next_pid=7950 next_prio=120
          <idle>-0     (-----) [000] dns4   538.066594: sched_wakeup: comm=rcu_preempt pid=7 prio=120 target_cpu=000
          <idle>-0     (-----) [000] .n.2   538.066603: cpu_idle: state=4294967295 cpu_id=0
          <idle>-0     (-----) [000] d..3   538.066607: sched_switch: prev_comm=swapper/0 prev_pid=0 prev_prio=120 prev_state=R ==> next_comm=rcu_preempt next_pid=7 next_prio=120
rcu_preempt-7     (    7) [000] d..3   538.066623: sched_switch: prev_comm=rcu_preempt prev_pid=7 prev_prio=120 prev_state=S ==> next_comm=swapper/0 next_pid=0 next_prio=120
          <idle>-0     (-----) [000] d..2   538.066632: cpu_idle: state=2 cpu_id=0
          <idle>-0     (-----) [001] d.s4   538.066728: sugov_set_iowait_boost: doing iow boost
          <idle>-0     (-----) [001] dns4   538.066732: sched_wakeup: comm=rcu_sched pid=8 prio=120 target_cpu=001
          <idle>-0     (-----) [001] .n.2   538.066736: cpu_idle: state=4294967295 cpu_id=1
          <idle>-0     (-----) [001] d..3   538.066740: sched_switch: prev_comm=swapper/1 prev_pid=0 prev_prio=120 prev_state=R ==> next_comm=rcu_sched next_pid=8 next_prio=120
rcu_sched-8 ( 8) [001] d..3   538.066754: sched_switch: prev_comm=rcu_sched prev_pid=8 prev_prio=120 prev_state=S ==> next_comm=swapper/1 next_pid=0 next_prio=120
          <idle>-0     (-----) [001] d..2   538.066761: cpu_idle: state=2 cpu_id=1
<7950>-7950  (-----) [004] d..4   538.066927: sugov_set_iowait_boost: skipping iow boost
<7950>-7950  (-----) [004] dn.4   538.066946: sched_wakeup: comm=shell srvc 7950 pid=7951 prio=120 target_cpu=004
<7950>-7950  (-----) [004] d..3   538.066969: sched_switch: prev_comm=sh prev_pid=7950 prev_prio=120 prev_state=R+ ==> next_comm=shell srvc 7950 next_pid=7951 next_prio=120
<7951>-7951  (-----) [004] d..4   538.067045: sugov_set_iowait_boost: skipping iow boost
<7951>-7951  (-----) [004] d..4   538.067051: sugov_set_iowait_boost: skipping iow boost
<7951>-7951  (-----) [004] d..4   538.067058: sched_wakeup: comm=adbd pid=5833 prio=120 target_cpu=004
<7951>-7951  (-----) [004] d..3   538.067093: sched_switch: prev_comm=shell srvc 7950 prev_pid=7951 prev_prio=120 prev_state=S ==> next_comm=adbd next_pid=5833 next_prio=120
adbd-5833  ( 5833) [004] d..4   538.067283: sugov_set_iowait_boost: skipping iow boost
adbd-5833  ( 5833) [004] d..4   538.067291: sched_wakeup: comm=->transport pid=5850 prio=120 target_cpu=004
adbd-5833  ( 5833) [004] d..3   538.067398: sched_switch: prev_comm=adbd prev_pid=5833 prev_prio=120 prev_state=S ==> next_comm=->transport next_pid=5850 next_prio=120
->transport-5850  ( 5833) [004] d..3   538.067489: sched_switch: prev_comm=->transport prev_pid=5850 prev_prio=120 prev_state=S ==> next_comm=sh next_pid=7950 next_prio=120
<7950>-7950  (-----) [004] dn.4   538.067938: sched_wakeup: comm=shell srvc 7950 pid=7951 prio=120 target_cpu=004
<7950>-7950  (-----) [004] d..3   538.067955: sched_switch: prev_comm=sh prev_pid=7950 prev_prio=120 prev_state=R+ ==> next_comm=shell srvc 7950 next_pid=7951 next_prio=120
<7951>-7951  (-----) [004] d..3   538.068044: sched_switch: prev_comm=shell srvc 7950 prev_pid=7951 prev_prio=120 prev_state=S ==> next_comm=sh next_pid=7950 next_prio=120
<7950>-7950  (-----) [004] d..4   538.068102: sugov_set_iowait_boost: skipping iow boost
<7950>-7950  (-----) [004] dn.4   538.068111: sched_wakeup: comm=shell srvc 7950 pid=7951 prio=120 target_cpu=004
<7950>-7950  (-----) [004] d..3   538.068123: sched_switch: prev_comm=sh prev_pid=7950 prev_prio=120 prev_state=R+ ==> next_comm=shell srvc 7950 next_pid=7951 next_prio=120
<7951>-7951  (-----) [004] d..3   538.068182: sched_switch: prev_comm=shell srvc 7950 prev_pid=7951 prev_prio=120 prev_state=S ==> next_comm=sh next_pid=7950 next_prio=120
          <idle>-0     (-----) [000] ...2   538.068397: cpu_idle: state=4294967295 cpu_id=0
          <idle>-0     (-----) [000] d..2   538.068420: cpu_idle: state=0 cpu_id=0
          <idle>-0     (-----) [006] d.h3   538.068576: sugov_set_iowait_boost: skipping iow boost
          <idle>-0     (-----) [006] dnh3   538.068594: sched_wakeup: comm=kworker/u17:1 pid=959 prio=100 target_cpu=006
          <idle>-0     (-----) [006] .n.2   538.068609: cpu_idle: state=4294967295 cpu_id=6
          <idle>-0     (-----) [006] d..3   538.068636: sched_switch: prev_comm=swapper/6 prev_pid=0 prev_prio=120 prev_state=R ==> next_comm=kworker/u17:1 next_pid=959 next_prio=100
kworker/u17:1-959   (  959) [006] d..4   538.068702: sched_wakeup: comm=->transport pid=5850 prio=120 target_cpu=004
<7950>-7950  (-----) [004] d..3   538.068718: sched_switch: prev_comm=sh prev_pid=7950 prev_prio=120 prev_state=R+ ==> next_comm=->transport next_pid=5850 next_prio=120
kworker/u17:1-959   (  959) [006] d..3   538.068758: sched_switch: prev_comm=kworker/u17:1 prev_pid=959 prev_prio=100 prev_state=S ==> next_comm=swapper/6 next_pid=0 next_prio=120
          <idle>-0     (-----) [006] d..2   538.068790: cpu_idle: state=2 cpu_id=6
->transport-5850  ( 5833) [004] d..3   538.068810: sched_switch: prev_comm=->transport prev_pid=5850 prev_prio=120 prev_state=S ==> next_comm=sh next_pid=7950 next_prio=120
          <idle>-0     (-----) [000] ...2   538.068828: cpu_idle: state=4294967295 cpu_id=0
          <idle>-0     (-----) [000] d..2   538.068831: cpu_idle: state=0 cpu_id=0
          <idle>-0     (-----) [006] d.h3   538.069132: sugov_set_iowait_boost: skipping iow boost
          <idle>-0     (-----) [006] dnh3   538.069150: sched_wakeup: comm=kworker/u17:1 pid=959 prio=100 target_cpu=006
          <idle>-0     (-----) [000] ...2   538.069157: cpu_idle: state=4294967295 cpu_id=0
          <idle>-0     (-----) [000] d..2   538.069160: cpu_idle: state=2 cpu_id=0
          <idle>-0     (-----) [006] .n.2   538.069163: cpu_idle: state=4294967295 cpu_id=6
          <idle>-0     (-----) [006] d..3   538.069188: sched_switch: prev_comm=swapper/6 prev_pid=0 prev_prio=120 prev_state=R ==> next_comm=kworker/u17:1 next_pid=959 next_prio=100
kworker/u17:1-959   (  959) [006] d..4   538.069252: sched_wakeup: comm=->transport pid=5850 prio=120 target_cpu=004
<7950>-7950  (-----) [004] d..3   538.069265: sched_switch: prev_comm=sh prev_pid=7950 prev_prio=120 prev_state=R+ ==> next_comm=->transport next_pid=5850 next_prio=120
kworker/u17:1-959   (  959) [006] d..3   538.069305: sched_switch: prev_comm=kworker/u17:1 prev_pid=959 prev_prio=100 prev_state=S ==> next_comm=swapper/6 next_pid=0 next_prio=120
          <idle>-0     (-----) [006] d..2   538.069341: cpu_idle: state=0 cpu_id=6
->transport-5850  ( 5833) [004] d..3   538.069349: sched_switch: prev_comm=->transport prev_pid=5850 prev_prio=120 prev_state=S ==> next_comm=sh next_pid=7950 next_prio=120
<7950>-7950  (-----) [004] dn.6   538.069417: sched_wakeup: comm=shell srvc 7950 pid=7951 prio=120 target_cpu=004
<7950>-7950  (-----) [004] d..3   538.069430: sched_switch: prev_comm=sh prev_pid=7950 prev_prio=120 prev_state=R+ ==> next_comm=shell srvc 7950 next_pid=7951 next_prio=120
          <idle>-0     (-----) [006] dnh3   538.069583: sched_wakeup: comm=kworker/u17:1 pid=959 prio=100 target_cpu=006
<7951>-7951  (-----) [004] d..4   538.069588: sched_wakeup: comm=adbd pid=5833 prio=120 target_cpu=004
          <idle>-0     (-----) [006] .n.2   538.069594: cpu_idle: state=4294967295 cpu_id=6
          <idle>-0     (-----) [000] ...2   538.069597: cpu_idle: state=4294967295 cpu_id=0
          <idle>-0     (-----) [006] d..3   538.069610: sched_switch: prev_comm=swapper/6 prev_pid=0 prev_prio=120 prev_state=R ==> next_comm=kworker/u17:1 next_pid=959 next_prio=100
          <idle>-0     (-----) [000] d..2   538.069619: cpu_idle: state=2 cpu_id=0
kworker/u17:1-959   (  959) [006] d..3   538.069728: sched_switch: prev_comm=kworker/u17:1 prev_pid=959 prev_prio=100 prev_state=S ==> next_comm=swapper/6 next_pid=0 next_prio=120
          <idle>-0     (-----) [006] d..2   538.069826: cpu_idle: state=0 cpu_id=6
          <idle>-0     (-----) [006] dnh3   538.069990: sched_wakeup: comm=kworker/u17:1 pid=959 prio=100 target_cpu=006
          <idle>-0     (-----) [006] .n.2   538.070002: cpu_idle: state=4294967295 cpu_id=6
          <idle>-0     (-----) [006] d..3   538.070019: sched_switch: prev_comm=swapper/6 prev_pid=0 prev_prio=120 prev_state=R ==> next_comm=kworker/u17:1 next_pid=959 next_prio=100
          <idle>-0     (-----) [000] d.h3   538.070023: sugov_set_iowait_boost: doing iow boost
          <idle>-0     (-----) [000] dnh3   538.070051: sched_wakeup: comm=rcu_preempt pid=7 prio=120 target_cpu=000
          <idle>-0     (-----) [000] .n.2   538.070066: cpu_idle: state=4294967295 cpu_id=0
<7951>-7951  (-----) [004] d..3   538.070091: sched_switch: prev_comm=shell srvc 7950 prev_pid=7951 prev_prio=120 prev_state=x ==> next_comm=adbd next_pid=5833 next_prio=120
          <idle>-0     (-----) [000] d..3   538.070093: sched_switch: prev_comm=swapper/0 prev_pid=0 prev_prio=120 prev_state=R ==> next_comm=rcu_preempt next_pid=7 next_prio=120
kworker/u17:1-959   (  959) [006] d..4   538.070101: sched_wakeup: comm=<-transport pid=5851 prio=120 target_cpu=007
rcu_preempt-7     (    7) [000] d..5   538.070113: sched_wakeup: comm=rcuop/0 pid=10 prio=120 target_cpu=000
rcu_preempt-7     (    7) [000] d..3   538.070130: sched_switch: prev_comm=rcu_preempt prev_pid=7 prev_prio=120 prev_state=S ==> next_comm=rcuop/0 next_pid=10 next_prio=120
kworker/u17:1-959   (  959) [006] d..3   538.070137: sched_switch: prev_comm=kworker/u17:1 prev_pid=959 prev_prio=100 prev_state=S ==> next_comm=swapper/6 next_pid=0 next_prio=120
          <idle>-0     (-----) [001] d.h3   538.070148: sugov_set_iowait_boost: doing iow boost
          <idle>-0     (-----) [001] dnh3   538.070153: sched_wakeup: comm=rcu_sched pid=8 prio=120 target_cpu=001
rcuop/0-10    (   10) [000] d..4   538.070156: sched_wakeup: comm=rcuop/1 pid=20 prio=120 target_cpu=001
          <idle>-0     (-----) [001] .n.2   538.070160: cpu_idle: state=4294967295 cpu_id=1
          <idle>-0     (-----) [006] d..2   538.070164: cpu_idle: state=0 cpu_id=6
          <idle>-0     (-----) [001] d..3   538.070169: sched_switch: prev_comm=swapper/1 prev_pid=0 prev_prio=120 prev_state=R ==> next_comm=rcuop/1 next_pid=20 next_prio=120
rcuop/1-20    (   20) [001] d..3   538.070204: sched_switch: prev_comm=rcuop/1 prev_pid=20 prev_prio=120 prev_state=S ==> next_comm=rcu_sched next_pid=8 next_prio=120
rcu_sched-8 ( 8) [001] d..5   538.070215: sched_wakeup: comm=rcuos/0 pid=11 prio=120 target_cpu=000
rcu_sched-8 ( 8) [001] d..3   538.070242: sched_switch: prev_comm=rcu_sched prev_pid=8 prev_prio=120 prev_state=S ==> next_comm=swapper/1 next_pid=0 next_prio=120
rcuop/0-10    (   10) [000] d..3   538.070252: sched_switch: prev_comm=rcuop/0 prev_pid=10 prev_prio=120 prev_state=S ==> next_comm=rcuos/0 next_pid=11 next_prio=120
          <idle>-0     (-----) [001] d..2   538.070256: cpu_idle: state=2 cpu_id=1
rcuos/0-11    (   11) [000] d..4   538.070268: sched_wakeup: comm=rcu_sched pid=8 prio=120 target_cpu=001
rcuos/0-11    (   11) [000] d..3   538.070278: sched_switch: prev_comm=rcuos/0 prev_pid=11 prev_prio=120 prev_state=S ==> next_comm=swapper/0 next_pid=0 next_prio=120
adbd-5833  ( 5833) [004] d..4   538.070284: sugov_set_iowait_boost: skipping iow boost
          <idle>-0     (-----) [000] d..2   538.070287: cpu_idle: state=0 cpu_id=0
          <idle>-0     (-----) [007] .n.2   538.070295: cpu_idle: state=4294967295 cpu_id=7
adbd-5833  ( 5833) [004] d..4   538.070296: sched_wakeup: comm=->transport pid=5850 prio=120 target_cpu=004
          <idle>-0     (-----) [007] d..3   538.070332: sched_switch: prev_comm=swapper/7 prev_pid=0 prev_prio=120 prev_state=R ==> next_comm=<-transport next_pid=5851 next_prio=120
          <idle>-0     (-----) [001] .n.2   538.070419: cpu_idle: state=4294967295 cpu_id=1
          <idle>-0     (-----) [001] d..3   538.070426: sched_switch: prev_comm=swapper/1 prev_pid=0 prev_prio=120 prev_state=R ==> next_comm=rcu_sched next_pid=8 next_prio=120
rcu_sched-8 ( 8) [001] d..3   538.070432: sugov_set_iowait_boost: doing iow boost
rcu_sched-8 ( 8) [001] d..3   538.070441: sched_switch: prev_comm=rcu_sched prev_pid=8 prev_prio=120 prev_state=S ==> next_comm=swapper/1 next_pid=0 next_prio=120
          <idle>-0     (-----) [001] d..2   538.070448: cpu_idle: state=2 cpu_id=1
<-transport-5851  ( 5833) [007] d..3   538.070509: sched_switch: prev_comm=<-transport prev_pid=5851 prev_prio=120 prev_state=S ==> next_comm=swapper/7 next_pid=0 next_prio=120
          <idle>-0     (-----) [006] ...2   538.070513: cpu_idle: state=4294967295 cpu_id=6
          <idle>-0     (-----) [006] d..2   538.070526: cpu_idle: state=0 cpu_id=6
          <idle>-0     (-----) [007] d..2   538.070551: cpu_idle: state=2 cpu_id=7
adbd-5833  ( 5833) [004] d..3   538.070648: sched_switch: prev_comm=adbd prev_pid=5833 prev_prio=120 prev_state=S ==> next_comm=->transport next_pid=5850 next_prio=120
          <idle>-0     (-----) [000] ...2   538.070709: cpu_idle: state=4294967295 cpu_id=0
          <idle>-0     (-----) [000] d..2   538.070713: cpu_idle: state=0 cpu_id=0
->transport-5850  ( 5833) [004] d..3   538.070735: sched_switch: prev_comm=->transport prev_pid=5850 prev_prio=120 prev_state=S ==> next_comm=sh next_pid=7950 next_prio=120
          <idle>-0     (-----) [000] ...2   538.070753: cpu_idle: state=4294967295 cpu_id=0
          <idle>-0     (-----) [000] d..2   538.070756: cpu_idle: state=0 cpu_id=0
          <idle>-0     (-----) [006] d.h3   538.070760: sugov_set_iowait_boost: skipping iow boost
          <idle>-0     (-----) [006] dnh3   538.070769: sched_wakeup: comm=kworker/u17:1 pid=959 prio=100 target_cpu=006
<7950>-7950  (-----) [004] d..3   538.070773: sched_switch: prev_comm=sh prev_pid=7950 prev_prio=120 prev_state=x ==> next_comm=swapper/4 next_pid=0 next_prio=120
          <idle>-0     (-----) [006] .n.2   538.070777: cpu_idle: state=4294967295 cpu_id=6
          <idle>-0     (-----) [006] d..3   538.070790: sched_switch: prev_comm=swapper/6 prev_pid=0 prev_prio=120 prev_state=R ==> next_comm=kworker/u17:1 next_pid=959 next_prio=100
          <idle>-0     (-----) [004] d..2   538.070816: cpu_idle: state=2 cpu_id=4
kworker/u17:1-959   (  959) [006] d..4   538.070848: sched_wakeup: comm=->transport pid=5850 prio=120 target_cpu=004
kworker/u17:1-959   (  959) [006] d..3   538.070886: sched_switch: prev_comm=kworker/u17:1 prev_pid=959 prev_prio=100 prev_state=S ==> next_comm=swapper/6 next_pid=0 next_prio=120
          <idle>-0     (-----) [000] ...2   538.070903: cpu_idle: state=4294967295 cpu_id=0
          <idle>-0     (-----) [000] d..2   538.070907: cpu_idle: state=2 cpu_id=0
          <idle>-0     (-----) [006] dnh4   538.070909: sched_wakeup: comm=kworker/u17:1 pid=959 prio=100 target_cpu=006
          <idle>-0     (-----) [006] d..3   538.070924: sched_switch: prev_comm=swapper/6 prev_pid=0 prev_prio=120 prev_state=R ==> next_comm=kworker/u17:1 next_pid=959 next_prio=100
kworker/u17:1-959   (  959) [006] d..3   538.070962: sched_switch: prev_comm=kworker/u17:1 prev_pid=959 prev_prio=100 prev_state=S ==> next_comm=swapper/6 next_pid=0 next_prio=120
          <idle>-0     (-----) [006] d..2   538.070987: cpu_idle: state=0 cpu_id=6
          <idle>-0     (-----) [004] .n.2   538.071165: cpu_idle: state=4294967295 cpu_id=4
          <idle>-0     (-----) [004] d..3   538.071202: sched_switch: prev_comm=swapper/4 prev_pid=0 prev_prio=120 prev_state=R ==> next_comm=->transport next_pid=5850 next_prio=120
->transport-5850  ( 5833) [004] d..3   538.071335: sched_switch: prev_comm=->transport prev_pid=5850 prev_prio=120 prev_state=S ==> next_comm=swapper/4 next_pid=0 next_prio=120
          <idle>-0     (-----) [006] ...2   538.071349: cpu_idle: state=4294967295 cpu_id=6
          <idle>-0     (-----) [006] d..2   538.071361: cpu_idle: state=0 cpu_id=6
          <idle>-0     (-----) [004] d..2   538.071371: cpu_idle: state=0 cpu_id=4
          <idle>-0     (-----) [006] ...2   538.071727: cpu_idle: state=4294967295 cpu_id=6
          <idle>-0     (-----) [006] d..2   538.071738: cpu_idle: state=0 cpu_id=6
          <idle>-0     (-----) [004] ...2   538.071811: cpu_idle: state=4294967295 cpu_id=4
          <idle>-0     (-----) [004] d..2   538.071824: cpu_idle: state=0 cpu_id=4
          <idle>-0     (-----) [006] ...2   538.072129: cpu_idle: state=4294967295 cpu_id=6
          <idle>-0     (-----) [006] d..2   538.072139: cpu_idle: state=0 cpu_id=6
          <idle>-0     (-----) [004] ...2   538.072317: cpu_idle: state=4294967295 cpu_id=4
          <idle>-0     (-----) [004] d..2   538.072328: cpu_idle: state=0 cpu_id=4
          <idle>-0     (-----) [006] d.h3   538.072550: sugov_set_iowait_boost: skipping iow boost
          <idle>-0     (-----) [006] dnh3   538.072556: sched_wakeup: comm=kworker/u17:1 pid=959 prio=100 target_cpu=006
          <idle>-0     (-----) [000] ...2   538.072561: cpu_idle: state=4294967295 cpu_id=0
          <idle>-0     (-----) [006] .n.2   538.072571: cpu_idle: state=4294967295 cpu_id=6
          <idle>-0     (-----) [000] d..2   538.072582: cpu_idle: state=2 cpu_id=0
          <idle>-0     (-----) [006] d..3   538.072585: sched_switch: prev_comm=swapper/6 prev_pid=0 prev_prio=120 prev_state=R ==> next_comm=kworker/u17:1 next_pid=959 next_prio=100
kworker/u17:1-959   (  959) [006] d..4   538.072642: sugov_set_iowait_boost: skipping iow boost
kworker/u17:1-959   (  959) [006] d..4   538.072649: sched_wakeup: comm=->transport pid=5850 prio=120 target_cpu=006
kworker/u17:1-959   (  959) [006] d..3   538.072684: sched_switch: prev_comm=kworker/u17:1 prev_pid=959 prev_prio=100 prev_state=S ==> next_comm=->transport next_pid=5850 next_prio=120
          <idle>-0     (-----) [004] ...2   538.072858: cpu_idle: state=4294967295 cpu_id=4
->transport-5850  ( 5833) [006] d..3   538.072865: sched_switch: prev_comm=->transport prev_pid=5850 prev_prio=120 prev_state=S ==> next_comm=swapper/6 next_pid=0 next_prio=120
          <idle>-0     (-----) [004] d..2   538.072869: cpu_idle: state=0 cpu_id=4
          <idle>-0     (-----) [006] d..2   538.072904: cpu_idle: state=0 cpu_id=6
          <idle>-0     (-----) [006] dnh3   538.073018: sched_wakeup: comm=kworker/u17:1 pid=959 prio=100 target_cpu=006
          <idle>-0     (-----) [006] .n.2   538.073027: cpu_idle: state=4294967295 cpu_id=6
          <idle>-0     (-----) [000] ...2   538.073029: cpu_idle: state=4294967295 cpu_id=0
          <idle>-0     (-----) [006] d..3   538.073043: sched_switch: prev_comm=swapper/6 prev_pid=0 prev_prio=120 prev_state=R ==> next_comm=kworker/u17:1 next_pid=959 next_prio=100
          <idle>-0     (-----) [000] d..2   538.073051: cpu_idle: state=2 cpu_id=0
kworker/u17:1-959   (  959) [006] d..4   538.073107: sched_wakeup: comm=<-transport pid=5851 prio=120 target_cpu=007
kworker/u17:1-959   (  959) [006] d..4   538.073139: sched_wakeup: comm=->transport pid=5850 prio=120 target_cpu=006
kworker/u17:1-959   (  959) [006] d..3   538.073163: sched_switch: prev_comm=kworker/u17:1 prev_pid=959 prev_prio=100 prev_state=S ==> next_comm=->transport next_pid=5850 next_prio=120
          <idle>-0     (-----) [007] .n.2   538.073301: cpu_idle: state=4294967295 cpu_id=7
->transport-5850  ( 5833) [006] d.h5   538.073335: sugov_set_iowait_boost: skipping iow boost
          <idle>-0     (-----) [007] d..3   538.073339: sched_switch: prev_comm=swapper/7 prev_pid=0 prev_prio=120 prev_state=R ==> next_comm=<-transport next_pid=5851 next_prio=120
->transport-5850  ( 5833) [006] d.h5   538.073345: sched_wakeup: comm=kworker/u16:11 pid=682 prio=120 target_cpu=006
          <idle>-0     (-----) [004] ...2   538.073414: cpu_idle: state=4294967295 cpu_id=4
->transport-5850  ( 5833) [006] d..3   538.073418: sched_switch: prev_comm=->transport prev_pid=5850 prev_prio=120 prev_state=S ==> next_comm=kworker/u16:11 next_pid=682 next_prio=120
          <idle>-0     (-----) [004] d..2   538.073430: cpu_idle: state=0 cpu_id=4
kworker/u16:11-682   (  682) [006] d.h4   538.073434: sched_wakeup: comm=kworker/u17:1 pid=959 prio=100 target_cpu=006
<-transport-5851  ( 5833) [007] d..4   538.073438: sugov_set_iowait_boost: skipping iow boost
<-transport-5851  ( 5833) [007] d..4   538.073455: sched_wakeup: comm=adbd pid=5833 prio=120 target_cpu=007
kworker/u16:11-682   (  682) [006] d..5   538.073459: sched_wakeup: comm=kworker/6:0 pid=6528 prio=120 target_cpu=006
kworker/u16:11-682   (  682) [006] d..3   538.073472: sched_switch: prev_comm=kworker/u16:11 prev_pid=682 prev_prio=120 prev_state=S ==> next_comm=kworker/6:0 next_pid=6528 next_prio=120
          <idle>-0     (-----) [000] ...2   538.073494: cpu_idle: state=4294967295 cpu_id=0
kworker/6:0-6528  ( 6528) [006] d..3   538.073495: sched_switch: prev_comm=kworker/6:0 prev_pid=6528 prev_prio=120 prev_state=S ==> next_comm=kworker/u17:1 next_pid=959 next_prio=100
          <idle>-0     (-----) [000] d..2   538.073508: cpu_idle: state=0 cpu_id=0
kworker/u17:1-959   (  959) [006] d..3   538.073539: sched_switch: prev_comm=kworker/u17:1 prev_pid=959 prev_prio=100 prev_state=S ==> next_comm=swapper/6 next_pid=0 next_prio=120
<-transport-5851  ( 5833) [007] d..3   538.073551: sched_switch: prev_comm=<-transport prev_pid=5851 prev_prio=120 prev_state=S ==> next_comm=adbd next_pid=5833 next_prio=120
          <idle>-0     (-----) [000] ...2   538.073560: cpu_idle: state=4294967295 cpu_id=0
          <idle>-0     (-----) [000] d..2   538.073562: cpu_idle: state=0 cpu_id=0
          <idle>-0     (-----) [006] dnh3   538.073573: sched_wakeup: comm=kworker/u17:1 pid=959 prio=100 target_cpu=006
          <idle>-0     (-----) [006] d..3   538.073591: sched_switch: prev_comm=swapper/6 prev_pid=0 prev_prio=120 prev_state=R ==> next_comm=kworker/u17:1 next_pid=959 next_prio=100
kworker/u17:1-959   (  959) [006] d..4   538.073629: sugov_set_iowait_boost: skipping iow boost
kworker/u17:1-959   (  959) [006] d..4   538.073636: sched_wakeup: comm=->transport pid=5850 prio=120 target_cpu=006
kworker/u17:1-959   (  959) [006] d..3   538.073662: sched_switch: prev_comm=kworker/u17:1 prev_pid=959 prev_prio=100 prev_state=S ==> next_comm=->transport next_pid=5850 next_prio=120
          <idle>-0     (-----) [000] ...2   538.073675: cpu_idle: state=4294967295 cpu_id=0
          <idle>-0     (-----) [000] d..2   538.073678: cpu_idle: state=0 cpu_id=0
->transport-5850  ( 5833) [006] dnh3   538.073682: sched_wakeup: comm=kworker/u17:1 pid=959 prio=100 target_cpu=006
->transport-5850  ( 5833) [006] d..3   538.073694: sched_switch: prev_comm=->transport prev_pid=5850 prev_prio=120 prev_state=R+ ==> next_comm=kworker/u17:1 next_pid=959 next_prio=100
kworker/u17:1-959   (  959) [006] d..4   538.073748: sched_wakeup: comm=<-transport pid=5851 prio=120 target_cpu=007
kworker/u17:1-959   (  959) [006] d..3   538.073771: sched_switch: prev_comm=kworker/u17:1 prev_pid=959 prev_prio=100 prev_state=S ==> next_comm=->transport next_pid=5850 next_prio=120
adbd-5833  ( 5833) [007] d..3   538.073849: sugov_set_iowait_boost: skipping iow boost
adbd-5833  ( 5833) [007] d..3   538.073865: sched_switch: prev_comm=adbd prev_pid=5833 prev_prio=120 prev_state=S ==> next_comm=<-transport next_pid=5851 next_prio=120
          <idle>-0     (-----) [000] ...2   538.073912: cpu_idle: state=4294967295 cpu_id=0
->transport-5850  ( 5833) [006] d..3   538.073913: sched_switch: prev_comm=->transport prev_pid=5850 prev_prio=120 prev_state=S ==> next_comm=swapper/6 next_pid=0 next_prio=120
          <idle>-0     (-----) [000] d..2   538.073915: cpu_idle: state=0 cpu_id=0
          <idle>-0     (-----) [006] dnh4   538.073928: sched_wakeup: comm=kworker/u17:1 pid=959 prio=100 target_cpu=006
<-transport-5851  ( 5833) [007] d..4   538.073935: sched_wakeup: comm=adbd pid=5833 prio=120 target_cpu=007
          <idle>-0     (-----) [006] d..3   538.073941: sched_switch: prev_comm=swapper/6 prev_pid=0 prev_prio=120 prev_state=R ==> next_comm=kworker/u17:1 next_pid=959 next_prio=100
kworker/u17:1-959   (  959) [006] d..4   538.073977: sched_wakeup: comm=->transport pid=5850 prio=120 target_cpu=006
<-transport-5851  ( 5833) [007] d..3   538.073990: sched_switch: prev_comm=<-transport prev_pid=5851 prev_prio=120 prev_state=S ==> next_comm=adbd next_pid=5833 next_prio=120
          <idle>-0     (-----) [004] ...2   538.073994: cpu_idle: state=4294967295 cpu_id=4
kworker/u17:1-959   (  959) [006] d..3   538.074000: sched_switch: prev_comm=kworker/u17:1 prev_pid=959 prev_prio=100 prev_state=S ==> next_comm=->transport next_pid=5850 next_prio=120
          <idle>-0     (-----) [004] d..2   538.074004: cpu_idle: state=0 cpu_id=4
          <idle>-0     (-----) [000] ...2   538.074015: cpu_idle: state=4294967295 cpu_id=0
          <idle>-0     (-----) [000] d..2   538.074019: cpu_idle: state=0 cpu_id=0
->transport-5850  ( 5833) [006] dnh2   538.074020: sched_wakeup: comm=kworker/u17:1 pid=959 prio=100 target_cpu=006
->transport-5850  ( 5833) [006] d..3   538.074030: sched_switch: prev_comm=->transport prev_pid=5850 prev_prio=120 prev_state=R+ ==> next_comm=kworker/u17:1 next_pid=959 next_prio=100
kworker/u17:1-959   (  959) [006] d..3   538.074060: sched_switch: prev_comm=kworker/u17:1 prev_pid=959 prev_prio=100 prev_state=S ==> next_comm=->transport next_pid=5850 next_prio=120
->transport-5850  ( 5833) [006] d..3   538.074130: sched_switch: prev_comm=->transport prev_pid=5850 prev_prio=120 prev_state=S ==> next_comm=swapper/6 next_pid=0 next_prio=120
          <idle>-0     (-----) [006] d..2   538.074167: cpu_idle: state=2 cpu_id=6
          <idle>-0     (-----) [000] ...2   538.074222: cpu_idle: state=4294967295 cpu_id=0
          <idle>-0     (-----) [000] d..2   538.074224: cpu_idle: state=2 cpu_id=0
adbd-5833  ( 5833) [007] d..3   538.074232: sched_switch: prev_comm=adbd prev_pid=5833 prev_prio=120 prev_state=S ==> next_comm=swapper/7 next_pid=0 next_prio=120
          <idle>-0     (-----) [007] d..2   538.074276: cpu_idle: state=2 cpu_id=7
          <idle>-0     (-----) [004] ...2   538.074611: cpu_idle: state=4294967295 cpu_id=4
          <idle>-0     (-----) [004] d..2   538.074621: cpu_idle: state=0 cpu_id=4
          <idle>-0     (-----) [004] ...2   538.075264: cpu_idle: state=4294967295 cpu_id=4
          <idle>-0     (-----) [004] d..2   538.075270: cpu_idle: state=2 cpu_id=4
          <idle>-0     (-----) [001] d.s4   538.076857: sched_wakeup: comm=rcu_sched pid=8 prio=120 target_cpu=000
          <idle>-0     (-----) [001] d.s3   538.076871: sugov_set_iowait_boost: doing iow boost
          <idle>-0     (-----) [001] ...2   538.076902: cpu_idle: state=4294967295 cpu_id=1
          <idle>-0     (-----) [000] dns4   538.076905: sched_wakeup: comm=rcu_preempt pid=7 prio=120 target_cpu=000
          <idle>-0     (-----) [001] d..2   538.076906: cpu_idle: state=2 cpu_id=1
