          <idle>-0     (-----) [000] .n.2   538.268524: cpu_idle: state=4294967295 cpu_id=0
          <idle>-0     (-----) [000] d..3   538.268575: sched_switch: prev_comm=swapper/0 prev_pid=0 prev_prio=120 prev_state=R ==> next_comm=Thread-50 next_pid=7599 next_prio=120
<7599>-7599  (-----) [000] d..3   538.268810: sugov_set_iowait_boost: doing iow boost
<7599>-7599  (-----) [000] d..3   538.268874: sched_switch: prev_comm=Thread-50 prev_pid=7599 prev_prio=120 prev_state=S ==> next_comm=swapper/0 next_pid=0 next_prio=120
          <idle>-0     (-----) [000] d..2   538.268926: cpu_idle: state=2 cpu_id=0
          <idle>-0     (-----) [006] d..4   538.294034: sugov_set_iowait_boost: skipping iow boost
          <idle>-0     (-----) [006] dn.4   538.294055: sched_wakeup: comm=ksoftirqd/6 pid=57 prio=120 target_cpu=006
          <idle>-0     (-----) [006] .n.2   538.294183: cpu_idle: state=4294967295 cpu_id=6
          <idle>-0     (-----) [006] d..3   538.294213: sched_switch: prev_comm=swapper/6 prev_pid=0 prev_prio=120 prev_state=R ==> next_comm=ksoftirqd/6 next_pid=57 next_prio=120
ksoftirqd/6-57 ( 57) [006] d..3   538.294233: sugov_set_iowait_boost: skipping iow boost
ksoftirqd/6-57 ( 57) [006] d..3   538.294250: sched_switch: prev_comm=ksoftirqd/6 prev_pid=57 prev_prio=120 prev_state=S ==> next_comm=swapper/6 next_pid=0 next_prio=120
          <idle>-0     (-----) [006] d..2   538.294280: cpu_idle: state=2 cpu_id=6
          <idle>-0     (-----) [000] d.h3   538.295054: sugov_set_iowait_boost: doing iow boost
          <idle>-0     (-----) [000] dnh3   538.295089: sched_wakeup: comm=kworker/u16:12 pid=1014 prio=120 target_cpu=000
          <idle>-0     (-----) [000] .n.2   538.295112: cpu_idle: state=4294967295 cpu_id=0
          <idle>-0     (-----) [000] d..3   538.295164: sched_switch: prev_comm=swapper/0 prev_pid=0 prev_prio=120 prev_state=R ==> next_comm=kworker/u16:12 next_pid=1014 next_prio=120
kworker/u16:12-1014 ( 1014) [000] d..5   538.295215: sched_wakeup: comm=kworker/0:5 pid=1633 prio=120 target_cpu=000
kworker/u16:12-1014 ( 1014) [000] d..3   538.295249: sched_switch: prev_comm=kworker/u16:12 prev_pid=1014 prev_prio=120 prev_state=S ==> next_comm=kworker/0:5 next_pid=1633 next_prio=120
kworker/0:5-1633 ( 1633) [000] d..3   538.295331: sched_switch: prev_comm=kworker/0:5 prev_pid=1633 prev_prio=120 prev_state=S ==> next_comm=swapper/0 next_pid=0 next_prio=120
          <idle>-0     (-----) [000] d..2   538.295381: cpu_idle: state=2 cpu_id=0
          <idle>-0     (-----) [000] d..4   538.344691: sugov_set_iowait_boost: doing iow boost
          <idle>-0     (-----) [000] dn.4   538.344723: sched_wakeup: comm=ksoftirqd/0 pid=3 prio=120 target_cpu=000
          <idle>-0     (-----) [000] .n.2   538.344740: cpu_idle: state=4294967295 cpu_id=0
          <idle>-0     (-----) [000] d..3   538.344792: sched_switch: prev_comm=swapper/0 prev_pid=0 prev_prio=120 prev_state=R ==> next_comm=ksoftirqd/0 next_pid=3 next_prio=120
ksoftirqd/0-3 ( 3) [000] d.s4   538.344838: sched_wakeup: comm=kworker/0:5 pid=1633 prio=120 target_cpu=000
ksoftirqd/0-3 ( 3) [000] d..3   538.344876: sched_switch: prev_comm=ksoftirqd/0 prev_pid=3 prev_prio=120 prev_state=S ==> next_comm=kworker/0:5 next_pid=1633 next_prio=120
kworker/0:5-1633 ( 1633) [000] d..3   538.344977: sched_switch: prev_comm=kworker/0:5 prev_pid=1633 prev_prio=120 prev_state=S ==> next_comm=swapper/0 next_pid=0 next_prio=120
          <idle>-0     (-----) [000] d..2   538.345020: cpu_idle: state=0 cpu_id=0
          <idle>-0     (-----) [000] dnh4   538.345104: sched_wakeup: comm=Thread-2 pid=4433 prio=120 target_cpu=000
          <idle>-0     (-----) [000] .n.2   538.345166: cpu_idle: state=4294967295 cpu_id=0
          <idle>-0     (-----) [000] d..3   538.345199: sched_switch: prev_comm=swapper/0 prev_pid=0 prev_prio=120 prev_state=R ==> next_comm=Thread-2 next_pid=4433 next_prio=120
Thread-2-4433 ( 1806) [000] d..4   538.345611: sugov_set_iowait_boost: doing iow boost
Thread-2-4433 ( 1806) [000] d..4   538.345621: sugov_set_iowait_boost: doing iow boost
Thread-2-4433 ( 1806) [000] d..4   538.345633: sched_wakeup: comm=logd.writer pid=571 prio=130 target_cpu=000
Thread-2-4433 ( 1806) [000] d..6   538.345861: sched_wakeup: comm=hwservicemanage pid=564 prio=120 target_cpu=000
Thread-2-4433 ( 1806) [000] d..3   538.345935: sched_switch: prev_comm=Thread-2 prev_pid=4433 prev_prio=120 prev_state=S ==> next_comm=logd.writer next_pid=571 next_prio=130
logd.writer-571 ( 566) [000] d..3   538.346169: sched_switch: prev_comm=logd.writer prev_pid=571 prev_prio=130 prev_state=S ==> next_comm=hwservicemanage next_pid=564 next_prio=120
hwservicemanage-564   (  564) [000] d.h3   538.346616: sugov_set_iowait_boost: doing iow boost
hwservicemanage-564   (  564) [000] d.h5   538.346688: sched_wakeup: comm=kworker/u16:12 pid=1014 prio=120 target_cpu=000
hwservicemanage-564   (  564) [000] d..4   538.347586: sugov_set_iowait_boost: doing iow boost
hwservicemanage-564   (  564) [000] d..4   538.347602: sched_wakeup: comm=rcuop/0 pid=10 prio=120 target_cpu=000
hwservicemanage-564   (  564) [000] d..4   538.348377: sched_wakeup: comm=logd.writer pid=571 prio=130 target_cpu=000
hwservicemanage-564   (  564) [000] d..4   538.348510: sched_wakeup: comm=Thread-2 pid=4433 prio=120 target_cpu=000
hwservicemanage-564   (  564) [000] d..3   538.348617: sugov_set_iowait_boost: doing iow boost
hwservicemanage-564   (  564) [000] d..3   538.348641: sched_switch: prev_comm=hwservicemanage prev_pid=564 prev_prio=120 prev_state=S ==> next_comm=rcuop/0 next_pid=10 next_prio=120
rcuop/0-10    (   10) [000] d..4   538.348684: sched_wakeup: comm=rcu_preempt pid=7 prio=120 target_cpu=000
rcuop/0-10    (   10) [000] d..3   538.348707: sched_switch: prev_comm=rcuop/0 prev_pid=10 prev_prio=120 prev_state=S ==> next_comm=rcu_preempt next_pid=7 next_prio=120
rcu_preempt-7     (    7) [000] d..3   538.348741: sched_switch: prev_comm=rcu_preempt prev_pid=7 prev_prio=120 prev_state=S ==> next_comm=Thread-2 next_pid=4433 next_prio=120
Thread-2-4433 ( 1806) [000] d..6   538.348899: sched_wakeup: comm=hwservicemanage pid=564 prio=120 target_cpu=000
Thread-2-4433 ( 1806) [000] d..3   538.348958: sched_switch: prev_comm=Thread-2 prev_pid=4433 prev_prio=120 prev_state=S ==> next_comm=kworker/u16:12 next_pid=1014 next_prio=120
kworker/u16:12-1014 ( 1014) [000] d..5   538.348997: sched_wakeup: comm=kworker/0:5 pid=1633 prio=120 target_cpu=000
kworker/u16:12-1014 ( 1014) [000] d..3   538.349022: sched_switch: prev_comm=kworker/u16:12 prev_pid=1014 prev_prio=120 prev_state=S ==> next_comm=kworker/0:5 next_pid=1633 next_prio=120
kworker/0:5-1633 ( 1633) [000] d..3   538.349058: sched_switch: prev_comm=kworker/0:5 prev_pid=1633 prev_prio=120 prev_state=S ==> next_comm=logd.writer next_pid=571 next_prio=130
logd.writer-571 ( 566) [000] d..3   538.349218: sched_switch: prev_comm=logd.writer prev_pid=571 prev_prio=130 prev_state=S ==> next_comm=hwservicemanage next_pid=564 next_prio=120
hwservicemanage-564   (  564) [000] d.h2   538.349941: sugov_set_iowait_boost: doing iow boost
hwservicemanage-564   (  564) [000] dn.4   538.350111: sched_wakeup: comm=Thread-2 pid=4433 prio=120 target_cpu=000
hwservicemanage-564   (  564) [000] d..3   538.350133: sched_switch: prev_comm=hwservicemanage prev_pid=564 prev_prio=120 prev_state=R+ ==> next_comm=Thread-2 next_pid=4433 next_prio=120
Thread-2-4433 ( 1806) [000] d..4   538.350925: sugov_set_iowait_boost: doing iow boost
Thread-2-4433 ( 1806) [000] d..4   538.350943: sched_wakeup: comm=logd.writer pid=571 prio=130 target_cpu=000
Thread-2-4433 ( 1806) [000] d..3   538.351103: sched_switch: prev_comm=Thread-2 prev_pid=4433 prev_prio=120 prev_state=S ==> next_comm=hwservicemanage next_pid=564 next_prio=120
hwservicemanage-564   (  564) [000] d..3   538.351222: sched_switch: prev_comm=hwservicemanage prev_pid=564 prev_prio=120 prev_state=S ==> next_comm=logd.writer next_pid=571 next_prio=130
logd.writer-571 ( 566) [000] d..3   538.351415: sched_switch: prev_comm=logd.writer prev_pid=571 prev_prio=130 prev_state=S ==> next_comm=swapper/0 next_pid=0 next_prio=120
          <idle>-0     (-----) [000] d..2   538.351469: cpu_idle: state=2 cpu_id=0
          <idle>-0     (-----) [000] d.s4   538.353547: sugov_set_iowait_boost: doing iow boost
          <idle>-0     (-----) [000] dns4   538.353562: sched_wakeup: comm=rcu_preempt pid=7 prio=120 target_cpu=000
          <idle>-0     (-----) [000] .n.2   538.353599: cpu_idle: state=4294967295 cpu_id=0
          <idle>-0     (-----) [000] d..3   538.353619: sched_switch: prev_comm=swapper/0 prev_pid=0 prev_prio=120 prev_state=R ==> next_comm=rcu_preempt next_pid=7 next_prio=120
rcu_preempt-7     (    7) [000] d..5   538.353664: sched_wakeup: comm=rcuop/0 pid=10 prio=120 target_cpu=000
rcu_preempt-7     (    7) [000] d..3   538.353689: sched_switch: prev_comm=rcu_preempt prev_pid=7 prev_prio=120 prev_state=S ==> next_comm=rcuop/0 next_pid=10 next_prio=120
rcuop/0-10    (   10) [000] d..4   538.353724: sched_wakeup: comm=rcu_preempt pid=7 prio=120 target_cpu=000
rcuop/0-10    (   10) [000] d..3   538.353745: sched_switch: prev_comm=rcuop/0 prev_pid=10 prev_prio=120 prev_state=S ==> next_comm=rcu_preempt next_pid=7 next_prio=120
rcu_preempt-7     (    7) [000] d..3   538.353791: sched_switch: prev_comm=rcu_preempt prev_pid=7 prev_prio=120 prev_state=S ==> next_comm=swapper/0 next_pid=0 next_prio=120
          <idle>-0     (-----) [000] d..2   538.353829: cpu_idle: state=2 cpu_id=0
          <idle>-0     (-----) [004] d.h4   538.360752: sugov_set_iowait_boost: skipping iow boost
          <idle>-0     (-----) [004] dnh4   538.360774: sched_wakeup: comm=ChromiumNet pid=7539 prio=120 target_cpu=004
          <idle>-0     (-----) [004] dnh5   538.360812: sched_wakeup: comm=sugov:4 pid=5860 prio=49 target_cpu=004
          <idle>-0     (-----) [004] .n.2   538.360823: cpu_idle: state=4294967295 cpu_id=4
          <idle>-0     (-----) [004] d..3   538.360851: sched_switch: prev_comm=swapper/4 prev_pid=0 prev_prio=120 prev_state=R ==> next_comm=sugov:4 next_pid=5860 next_prio=49
sugov:4-5860  ( 5860) [004] ...1   538.360880: clock_set_rate: perfcl_clk state=300000000 cpu_id=4
sugov:4-5860  ( 5860) [004] ...1   538.360890: cpu_frequency: state=300000 cpu_id=4
sugov:4-5860  ( 5860) [004] ...1   538.360906: cpu_frequency: state=300000 cpu_id=5
sugov:4-5860  ( 5860) [004] ...1   538.360914: cpu_frequency: state=300000 cpu_id=6
sugov:4-5860  ( 5860) [004] ...1   538.360922: cpu_frequency: state=300000 cpu_id=7
sugov:4-5860  ( 5860) [004] d..3   538.360940: sugov_set_iowait_boost: skipping iow boost
sugov:4-5860  ( 5860) [004] d..3   538.360966: sched_switch: prev_comm=sugov:4 prev_pid=5860 prev_prio=49 prev_state=S ==> next_comm=ChromiumNet next_pid=7539 next_prio=120
ChromiumNet-7539 ( 7459) [004] dnh6   538.360987: sched_wakeup: comm=sugov:4 pid=5860 prio=49 target_cpu=004
ChromiumNet-7539 ( 7459) [004] d..3   538.361006: sched_switch: prev_comm=ChromiumNet prev_pid=7539 prev_prio=120 prev_state=R ==> next_comm=sugov:4 next_pid=5860 next_prio=49
sugov:4-5860  ( 5860) [004] ...1   538.361024: clock_set_rate: perfcl_clk state=345600000 cpu_id=4
sugov:4-5860  ( 5860) [004] ...1   538.361032: cpu_frequency: state=345600 cpu_id=4
sugov:4-5860  ( 5860) [004] ...1   538.361045: cpu_frequency: state=345600 cpu_id=5
sugov:4-5860  ( 5860) [004] ...1   538.361053: cpu_frequency: state=345600 cpu_id=6
sugov:4-5860  ( 5860) [004] ...1   538.361062: cpu_frequency: state=345600 cpu_id=7
sugov:4-5860  ( 5860) [004] d..3   538.361073: sugov_set_iowait_boost: skipping iow boost
sugov:4-5860  ( 5860) [004] d..3   538.361084: sched_switch: prev_comm=sugov:4 prev_pid=5860 prev_prio=49 prev_state=S ==> next_comm=ChromiumNet next_pid=7539 next_prio=120
ChromiumNet-7539 ( 7459) [004] d..3   538.361338: sched_switch: prev_comm=ChromiumNet prev_pid=7539 prev_prio=120 prev_state=S ==> next_comm=swapper/4 next_pid=0 next_prio=120
          <idle>-0     (-----) [004] dn.4   538.361362: sched_wakeup: comm=ksoftirqd/4 pid=41 prio=120 target_cpu=004
          <idle>-0     (-----) [004] d..3   538.361373: sched_switch: prev_comm=swapper/4 prev_pid=0 prev_prio=120 prev_state=R ==> next_comm=ksoftirqd/4 next_pid=41 next_prio=120
ksoftirqd/4-41 ( 41) [004] d.s4   538.361401: sched_wakeup: comm=kworker/4:2 pid=463 prio=120 target_cpu=004
ksoftirqd/4-41 ( 41) [004] d..3   538.361421: sched_switch: prev_comm=ksoftirqd/4 prev_pid=41 prev_prio=120 prev_state=S ==> next_comm=kworker/4:2 next_pid=463 next_prio=120
kworker/4:2-463 ( 463) [004] d..3   538.361506: sched_switch: prev_comm=kworker/4:2 prev_pid=463 prev_prio=120 prev_state=S ==> next_comm=swapper/4 next_pid=0 next_prio=120
          <idle>-0     (-----) [004] d..2   538.361536: cpu_idle: state=2 cpu_id=4
          <idle>-0     (-----) [000] d.s4   538.361600: sugov_set_iowait_boost: doing iow boost
          <idle>-0     (-----) [000] dns4   538.361629: sched_wakeup: comm=rcu_preempt pid=7 prio=120 target_cpu=000
          <idle>-0     (-----) [000] .n.2   538.361657: cpu_idle: state=4294967295 cpu_id=0
          <idle>-0     (-----) [000] d..3   538.361705: sched_switch: prev_comm=swapper/0 prev_pid=0 prev_prio=120 prev_state=R ==> next_comm=rcu_preempt next_pid=7 next_prio=120
rcu_preempt-7     (    7) [000] d..5   538.361762: sched_wakeup: comm=rcuop/0 pid=10 prio=120 target_cpu=000
rcu_preempt-7     (    7) [000] d..3   538.361794: sched_switch: prev_comm=rcu_preempt prev_pid=7 prev_prio=120 prev_state=S ==> next_comm=rcuop/0 next_pid=10 next_prio=120
rcuop/0-10    (   10) [000] d..3   538.361862: sched_switch: prev_comm=rcuop/0 prev_pid=10 prev_prio=120 prev_state=S ==> next_comm=swapper/0 next_pid=0 next_prio=120
          <idle>-0     (-----) [000] d..2   538.361914: cpu_idle: state=2 cpu_id=0
          <idle>-0     (-----) [004] d.h4   538.363662: sugov_set_iowait_boost: skipping iow boost
          <idle>-0     (-----) [004] dnh4   538.363676: sched_wakeup: comm=perfd pid=813 prio=120 target_cpu=004
          <idle>-0     (-----) [004] .n.2   538.363692: cpu_idle: state=4294967295 cpu_id=4
          <idle>-0     (-----) [004] d..3   538.363717: sched_switch: prev_comm=swapper/4 prev_pid=0 prev_prio=120 prev_state=R ==> next_comm=perfd next_pid=813 next_prio=120
perfd-813 ( 813) [004] d..3   538.363790: sched_switch: prev_comm=perfd prev_pid=813 prev_prio=120 prev_state=S ==> next_comm=swapper/4 next_pid=0 next_prio=120
          <idle>-0     (-----) [004] dn.4   538.363809: sched_wakeup: comm=ksoftirqd/4 pid=41 prio=120 target_cpu=004
          <idle>-0     (-----) [004] d..3   538.363818: sched_switch: prev_comm=swapper/4 prev_pid=0 prev_prio=120 prev_state=R ==> next_comm=ksoftirqd/4 next_pid=41 next_prio=120
ksoftirqd/4-41 ( 41) [004] d..3   538.363898: sched_switch: prev_comm=ksoftirqd/4 prev_pid=41 prev_prio=120 prev_state=S ==> next_comm=swapper/4 next_pid=0 next_prio=120
          <idle>-0     (-----) [004] d..2   538.363921: cpu_idle: state=2 cpu_id=4
          <idle>-0     (-----) [000] d.h3   538.364783: sugov_set_iowait_boost: doing iow boost
          <idle>-0     (-----) [000] dnh3   538.364817: sched_wakeup: comm=kworker/u16:12 pid=1014 prio=120 target_cpu=000
          <idle>-0     (-----) [000] .n.2   538.364841: cpu_idle: state=4294967295 cpu_id=0
          <idle>-0     (-----) [000] d..3   538.364895: sched_switch: prev_comm=swapper/0 prev_pid=0 prev_prio=120 prev_state=R ==> next_comm=kworker/u16:12 next_pid=1014 next_prio=120
kworker/u16:12-1014 ( 1014) [000] d..3   538.365315: sched_switch: prev_comm=kworker/u16:12 prev_pid=1014 prev_prio=120 prev_state=S ==> next_comm=swapper/0 next_pid=0 next_prio=120
          <idle>-0     (-----) [000] d..2   538.365373: cpu_idle: state=2 cpu_id=0
          <idle>-0     (-----) [000] d.s6   538.438024: sugov_set_iowait_boost: doing iow boost
          <idle>-0     (-----) [000] dns6   538.438054: sched_wakeup: comm=kworker/u16:12 pid=1014 prio=120 target_cpu=000
          <idle>-0     (-----) [000] .n.2   538.438080: cpu_idle: state=4294967295 cpu_id=0
          <idle>-0     (-----) [000] d..3   538.438134: sched_switch: prev_comm=swapper/0 prev_pid=0 prev_prio=120 prev_state=R ==> next_comm=kworker/u16:12 next_pid=1014 next_prio=120
kworker/u16:12-1014 ( 1014) [000] d..4   538.438219: sched_wakeup: comm=kworker/u16:11 pid=682 prio=120 target_cpu=000
kworker/u16:12-1014 ( 1014) [000] d..3   538.438459: sugov_set_iowait_boost: doing iow boost
kworker/u16:12-1014 ( 1014) [000] d..3   538.438484: sched_switch: prev_comm=kworker/u16:12 prev_pid=1014 prev_prio=120 prev_state=S ==> next_comm=kworker/u16:11 next_pid=682 next_prio=120
kworker/u16:11-682   (  682) [000] d..3   538.438543: sched_switch: prev_comm=kworker/u16:11 prev_pid=682 prev_prio=120 prev_state=S ==> next_comm=swapper/0 next_pid=0 next_prio=120
          <idle>-0     (-----) [000] dn.4   538.438582: sched_wakeup: comm=ksoftirqd/0 pid=3 prio=120 target_cpu=000
          <idle>-0     (-----) [000] d..3   538.438600: sched_switch: prev_comm=swapper/0 prev_pid=0 prev_prio=120 prev_state=R ==> next_comm=ksoftirqd/0 next_pid=3 next_prio=120
ksoftirqd/0-3 ( 3) [000] d..3   538.438656: sched_switch: prev_comm=ksoftirqd/0 prev_pid=3 prev_prio=120 prev_state=S ==> next_comm=swapper/0 next_pid=0 next_prio=120
          <idle>-0     (-----) [000] d..2   538.438702: cpu_idle: state=2 cpu_id=0
          <idle>-0     (-----) [006] d.h3   538.439335: sugov_set_iowait_boost: skipping iow boost
          <idle>-0     (-----) [006] dnh3   538.439365: sched_wakeup: comm=sensors@1.0-ser pid=1593 prio=120 target_cpu=006
          <idle>-0     (-----) [006] dnh5   538.439404: sched_wakeup: comm=sugov:4 pid=5860 prio=49 target_cpu=006
          <idle>-0     (-----) [006] .n.2   538.439417: cpu_idle: state=4294967295 cpu_id=6
          <idle>-0     (-----) [006] d..3   538.439449: sched_switch: prev_comm=swapper/6 prev_pid=0 prev_prio=120 prev_state=R ==> next_comm=sugov:4 next_pid=5860 next_prio=49
sugov:4-5860  ( 5860) [006] ...1   538.439483: clock_set_rate: perfcl_clk state=300000000 cpu_id=6
sugov:4-5860  ( 5860) [006] ...1   538.439494: cpu_frequency: state=300000 cpu_id=4
sugov:4-5860  ( 5860) [006] ...1   538.439513: cpu_frequency: state=300000 cpu_id=5
sugov:4-5860  ( 5860) [006] ...1   538.439521: cpu_frequency: state=300000 cpu_id=6
sugov:4-5860  ( 5860) [006] ...1   538.439529: cpu_frequency: state=300000 cpu_id=7
sugov:4-5860  ( 5860) [006] d..3   538.439546: sugov_set_iowait_boost: skipping iow boost
sugov:4-5860  ( 5860) [006] d..3   538.439570: sched_switch: prev_comm=sugov:4 prev_pid=5860 prev_prio=49 prev_state=S ==> next_comm=sensors@1.0-ser next_pid=1593 next_prio=120
sensors@1.0-ser-1593 ( 706) [006] d..3   538.439905: sched_wakeup: comm=android.hardwar pid=951 prio=120 target_cpu=005
sensors@1.0-ser-1593 ( 706) [006] d..3   538.440062: sched_switch: prev_comm=sensors@1.0-ser prev_pid=1593 prev_prio=120 prev_state=S ==> next_comm=swapper/6 next_pid=0 next_prio=120
          <idle>-0     (-----) [005] .n.2   538.440098: cpu_idle: state=4294967295 cpu_id=5
          <idle>-0     (-----) [006] d..2   538.440100: cpu_idle: state=2 cpu_id=6
          <idle>-0     (-----) [005] d..3   538.440136: sched_switch: prev_comm=swapper/5 prev_pid=0 prev_prio=120 prev_state=R ==> next_comm=android.hardwar next_pid=951 next_prio=120
android.hardwar-951 ( 706) [005] d..3   538.440294: sched_wakeup: comm=android.hardwar pid=1066 prio=120 target_cpu=007
android.hardwar-951 ( 706) [005] d..3   538.440350: sched_switch: prev_comm=android.hardwar prev_pid=951 prev_prio=120 prev_state=S ==> next_comm=swapper/5 next_pid=0 next_prio=120
          <idle>-0     (-----) [005] d..2   538.440389: cpu_idle: state=2 cpu_id=5
          <idle>-0     (-----) [007] .n.2   538.440498: cpu_idle: state=4294967295 cpu_id=7
          <idle>-0     (-----) [007] d..3   538.440537: sched_switch: prev_comm=swapper/7 prev_pid=0 prev_prio=120 prev_state=R ==> next_comm=android.hardwar next_pid=1066 next_prio=120
android.hardwar-1066 ( 706) [007] dn.3   538.440592: sched_wakeup: comm=sensors@1.0-ser pid=706 prio=89 target_cpu=007
android.hardwar-1066 ( 706) [007] d..3   538.440608: sched_switch: prev_comm=android.hardwar prev_pid=1066 prev_prio=120 prev_state=R+ ==> next_comm=sensors@1.0-ser next_pid=706 next_prio=89
sensors@1.0-ser-706   (  706) [007] d..3   538.440630: sugov_set_iowait_boost: skipping iow boost
sensors@1.0-ser-706   (  706) [007] d..3   538.440646: sched_switch: prev_comm=sensors@1.0-ser prev_pid=706 prev_prio=89 prev_state=S ==> next_comm=android.hardwar next_pid=1066 next_prio=120
          <idle>-0     (-----) [000] d.h3   538.440651: sugov_set_iowait_boost: doing iow boost
android.hardwar-1066 ( 706) [007] dn.3   538.440664: sched_wakeup: comm=sensors@1.0-ser pid=706 prio=89 target_cpu=007
android.hardwar-1066 ( 706) [007] d..3   538.440672: sched_switch: prev_comm=android.hardwar prev_pid=1066 prev_prio=120 prev_state=R+ ==> next_comm=sensors@1.0-ser next_pid=706 next_prio=89
          <idle>-0     (-----) [000] dnh3   538.440687: sched_wakeup: comm=kworker/u16:11 pid=682 prio=120 target_cpu=000
          <idle>-0     (-----) [000] dnh3   538.440702: sched_wakeup: comm=dsps_smem_glink pid=86 prio=120 target_cpu=000
          <idle>-0     (-----) [000] .n.2   538.440723: cpu_idle: state=4294967295 cpu_id=0
          <idle>-0     (-----) [000] d..3   538.440776: sched_switch: prev_comm=swapper/0 prev_pid=0 prev_prio=120 prev_state=R ==> next_comm=dsps_smem_glink next_pid=86 next_prio=120
sensors@1.0-ser-706   (  706) [007] d..3   538.440804: sugov_set_iowait_boost: skipping iow boost
sensors@1.0-ser-706   (  706) [007] d..3   538.440825: sugov_set_iowait_boost: skipping iow boost
dsps_smem_glink-86 ( 86) [000] d..3   538.440838: sched_switch: prev_comm=dsps_smem_glink prev_pid=86 prev_prio=120 prev_state=S ==> next_comm=kworker/u16:11 next_pid=682 next_prio=120
sensors@1.0-ser-706   (  706) [007] dnh6   538.440852: sched_wakeup: comm=sugov:4 pid=5860 prio=49 target_cpu=007
sensors@1.0-ser-706   (  706) [007] dn.3   538.440866: sugov_set_iowait_boost: skipping iow boost
sensors@1.0-ser-706   (  706) [007] d..3   538.440871: sched_switch: prev_comm=sensors@1.0-ser prev_pid=706 prev_prio=120 prev_state=R+ ==> next_comm=sugov:4 next_pid=5860 next_prio=49
kworker/u16:11-682   (  682) [000] d..5   538.440888: sched_wakeup: comm=kworker/0:5 pid=1633 prio=120 target_cpu=000
sugov:4-5860  ( 5860) [007] ...1   538.440896: clock_set_rate: perfcl_clk state=422400000 cpu_id=7
sugov:4-5860  ( 5860) [007] ...1   538.440906: cpu_frequency: state=422400 cpu_id=4
kworker/u16:11-682   (  682) [000] d..3   538.440914: sched_switch: prev_comm=kworker/u16:11 prev_pid=682 prev_prio=120 prev_state=S ==> next_comm=kworker/0:5 next_pid=1633 next_prio=120
sugov:4-5860  ( 5860) [007] ...1   538.440922: cpu_frequency: state=422400 cpu_id=5
sugov:4-5860  ( 5860) [007] ...1   538.440933: cpu_frequency: state=422400 cpu_id=6
sugov:4-5860  ( 5860) [007] ...1   538.440941: cpu_frequency: state=422400 cpu_id=7
sugov:4-5860  ( 5860) [007] d..3   538.440953: sugov_set_iowait_boost: skipping iow boost
sugov:4-5860  ( 5860) [007] d..3   538.440966: sched_switch: prev_comm=sugov:4 prev_pid=5860 prev_prio=49 prev_state=S ==> next_comm=android.hardwar next_pid=1066 next_prio=120
android.hardwar-1066 ( 706) [007] d..3   538.440988: sched_switch: prev_comm=android.hardwar prev_pid=1066 prev_prio=120 prev_state=S ==> next_comm=sensors@1.0-ser next_pid=706 next_prio=120
kworker/0:5-1633 ( 1633) [000] d..3   538.440992: sched_switch: prev_comm=kworker/0:5 prev_pid=1633 prev_prio=120 prev_state=S ==> next_comm=swapper/0 next_pid=0 next_prio=120
          <idle>-0     (-----) [001] dnh3   538.441006: sched_wakeup: comm=SensorService pid=1307 prio=89 target_cpu=001
          <idle>-0     (-----) [001] .n.2   538.441026: cpu_idle: state=4294967295 cpu_id=1
          <idle>-0     (-----) [000] d..2   538.441039: cpu_idle: state=2 cpu_id=0
          <idle>-0     (-----) [001] d..3   538.441055: sched_switch: prev_comm=swapper/1 prev_pid=0 prev_prio=120 prev_state=R ==> next_comm=SensorService next_pid=1307 next_prio=89
sensors@1.0-ser-706   (  706) [007] d..3   538.441067: sched_switch: prev_comm=sensors@1.0-ser prev_pid=706 prev_prio=120 prev_state=S ==> next_comm=swapper/7 next_pid=0 next_prio=120
          <idle>-0     (-----) [007] d..2   538.441091: cpu_idle: state=2 cpu_id=7
SensorService-1307 ( 1118) [001] d..3   538.441513: sugov_set_iowait_boost: doing iow boost
SensorService-1307 ( 1118) [001] d..3   538.441541: sugov_set_iowait_boost: doing iow boost
SensorService-1307 ( 1118) [001] d..3   538.441574: sugov_set_iowait_boost: doing iow boost
SensorService-1307 ( 1118) [001] d..3   538.441586: sched_switch: prev_comm=SensorService prev_pid=1307 prev_prio=89 prev_state=S ==> next_comm=swapper/1 next_pid=0 next_prio=120
          <idle>-0     (-----) [001] d..2   538.441631: cpu_idle: state=2 cpu_id=1
          <idle>-0     (-----) [007] dnh3   538.442773: sched_wakeup: comm=sensors@1.0-ser pid=706 prio=89 target_cpu=007
          <idle>-0     (-----) [004] d.h3   538.442780: sugov_set_iowait_boost: skipping iow boost
          <idle>-0     (-----) [007] .n.2   538.442792: cpu_idle: state=4294967295 cpu_id=7
          <idle>-0     (-----) [004] dnh3   538.442796: sched_wakeup: comm=android.youtube pid=7459 prio=110 target_cpu=004
          <idle>-0     (-----) [004] .n.2   538.442806: cpu_idle: state=4294967295 cpu_id=4
          <idle>-0     (-----) [007] d..3   538.442818: sched_switch: prev_comm=swapper/7 prev_pid=0 prev_prio=120 prev_state=R ==> next_comm=sensors@1.0-ser next_pid=706 next_prio=89
          <idle>-0     (-----) [004] d..3   538.442833: sched_switch: prev_comm=swapper/4 prev_pid=0 prev_prio=120 prev_state=R ==> next_comm=android.youtube next_pid=7459 next_prio=110
sensors@1.0-ser-706   (  706) [007] d..3   538.442907: sugov_set_iowait_boost: skipping iow boost
sensors@1.0-ser-706   (  706) [007] d..3   538.442924: sugov_set_iowait_boost: skipping iow boost
sensors@1.0-ser-706   (  706) [007] d..3   538.442949: sugov_set_iowait_boost: skipping iow boost
sensors@1.0-ser-706   (  706) [007] d..3   538.442953: sched_switch: prev_comm=sensors@1.0-ser prev_pid=706 prev_prio=89 prev_state=S ==> next_comm=swapper/7 next_pid=0 next_prio=120
          <idle>-0     (-----) [007] d..2   538.442981: cpu_idle: state=2 cpu_id=7
android.youtube-7459 ( 7459) [004] d..3   538.443096: sched_switch: prev_comm=android.youtube prev_pid=7459 prev_prio=110 prev_state=S ==> next_comm=swapper/4 next_pid=0 next_prio=120
          <idle>-0     (-----) [004] d..2   538.443122: cpu_idle: state=2 cpu_id=4
          <idle>-0     (-----) [000] d.s6   538.444404: sugov_set_iowait_boost: doing iow boost
          <idle>-0     (-----) [000] dns6   538.444433: sched_wakeup: comm=smem_native_dsp pid=85 prio=120 target_cpu=000
          <idle>-0     (-----) [000] .n.2   538.444458: cpu_idle: state=4294967295 cpu_id=0
          <idle>-0     (-----) [000] d..3   538.444513: sched_switch: prev_comm=swapper/0 prev_pid=0 prev_prio=120 prev_state=R ==> next_comm=smem_native_dsp next_pid=85 next_prio=120
smem_native_dsp-85 ( 85) [000] d..3   538.444630: sched_switch: prev_comm=smem_native_dsp prev_pid=85 prev_prio=120 prev_state=S ==> next_comm=swapper/0 next_pid=0 next_prio=120
          <idle>-0     (-----) [000] dn.4   538.444670: sched_wakeup: comm=ksoftirqd/0 pid=3 prio=120 target_cpu=000
          <idle>-0     (-----) [000] d..3   538.444687: sched_switch: prev_comm=swapper/0 prev_pid=0 prev_prio=120 prev_state=R ==> next_comm=ksoftirqd/0 next_pid=3 next_prio=120
ksoftirqd/0-3 ( 3) [000] d..3   538.444743: sched_switch: prev_comm=ksoftirqd/0 prev_pid=3 prev_prio=120 prev_state=S ==> next_comm=swapper/0 next_pid=0 next_prio=120
          <idle>-0     (-----) [000] d..2   538.444788: cpu_idle: state=2 cpu_id=0
          <idle>-0     (-----) [004] d.h4   538.464677: sugov_set_iowait_boost: skipping iow boost
          <idle>-0     (-----) [004] dnh4   538.464701: sched_wakeup: comm=perfd pid=813 prio=120 target_cpu=004
          <idle>-0     (-----) [004] dnh5   538.464747: sched_wakeup: comm=sugov:4 pid=5860 prio=49 target_cpu=004
          <idle>-0     (-----) [004] .n.2   538.464758: cpu_idle: state=4294967295 cpu_id=4
          <idle>-0     (-----) [004] d..3   538.464787: sched_switch: prev_comm=swapper/4 prev_pid=0 prev_prio=120 prev_state=R ==> next_comm=sugov:4 next_pid=5860 next_prio=49
sugov:4-5860  ( 5860) [004] ...1   538.464815: clock_set_rate: perfcl_clk state=300000000 cpu_id=4
sugov:4-5860  ( 5860) [004] ...1   538.464826: cpu_frequency: state=300000 cpu_id=4
sugov:4-5860  ( 5860) [004] ...1   538.464842: cpu_frequency: state=300000 cpu_id=5
sugov:4-5860  ( 5860) [004] ...1   538.464851: cpu_frequency: state=300000 cpu_id=6
sugov:4-5860  ( 5860) [004] ...1   538.464859: cpu_frequency: state=300000 cpu_id=7
sugov:4-5860  ( 5860) [004] d..3   538.464875: sugov_set_iowait_boost: skipping iow boost
sugov:4-5860  ( 5860) [004] d..3   538.464904: sched_switch: prev_comm=sugov:4 prev_pid=5860 prev_prio=49 prev_state=S ==> next_comm=perfd next_pid=813 next_prio=120
perfd-813 ( 813) [004] d..3   538.465000: sched_switch: prev_comm=perfd prev_pid=813 prev_prio=120 prev_state=S ==> next_comm=swapper/4 next_pid=0 next_prio=120
          <idle>-0     (-----) [004] dn.4   538.465028: sched_wakeup: comm=ksoftirqd/4 pid=41 prio=120 target_cpu=004
          <idle>-0     (-----) [004] d..3   538.465040: sched_switch: prev_comm=swapper/4 prev_pid=0 prev_prio=120 prev_state=R ==> next_comm=ksoftirqd/4 next_pid=41 next_prio=120
ksoftirqd/4-41 ( 41) [004] d.s4   538.465071: sched_wakeup: comm=kworker/4:2 pid=463 prio=120 target_cpu=004
ksoftirqd/4-41 ( 41) [004] d..3   538.465119: sched_switch: prev_comm=ksoftirqd/4 prev_pid=41 prev_prio=120 prev_state=S ==> next_comm=kworker/4:2 next_pid=463 next_prio=120
kworker/4:2-463 ( 463) [004] d..3   538.465219: sched_switch: prev_comm=kworker/4:2 prev_pid=463 prev_prio=120 prev_state=S ==> next_comm=swapper/4 next_pid=0 next_prio=120
          <idle>-0     (-----) [004] d..2   538.465252: cpu_idle: state=2 cpu_id=4
          <idle>-0     (-----) [000] d.h3   538.466013: sugov_set_iowait_boost: doing iow boost
          <idle>-0     (-----) [000] dnh3   538.466049: sched_wakeup: comm=kworker/u16:11 pid=682 prio=120 target_cpu=000
          <idle>-0     (-----) [000] .n.2   538.466072: cpu_idle: state=4294967295 cpu_id=0
          <idle>-0     (-----) [000] d..3   538.466126: sched_switch: prev_comm=swapper/0 prev_pid=0 prev_prio=120 prev_state=R ==> next_comm=kworker/u16:11 next_pid=682 next_prio=120
kworker/u16:11-682   (  682) [000] d..3   538.466544: sched_switch: prev_comm=kworker/u16:11 prev_pid=682 prev_prio=120 prev_state=S ==> next_comm=swapper/0 next_pid=0 next_prio=120
          <idle>-0     (-----) [000] d..2   538.466597: cpu_idle: state=2 cpu_id=0
          <idle>-0     (-----) [000] d..4   538.552863: sugov_set_iowait_boost: doing iow boost
          <idle>-0     (-----) [000] dn.4   538.552894: sched_wakeup: comm=ksoftirqd/0 pid=3 prio=120 target_cpu=000
          <idle>-0     (-----) [000] .n.2   538.552912: cpu_idle: state=4294967295 cpu_id=0
          <idle>-0     (-----) [000] d..3   538.552966: sched_switch: prev_comm=swapper/0 prev_pid=0 prev_prio=120 prev_state=R ==> next_comm=ksoftirqd/0 next_pid=3 next_prio=120
ksoftirqd/0-3 ( 3) [000] d..3   538.553008: sugov_set_iowait_boost: doing iow boost
ksoftirqd/0-3 ( 3) [000] d..3   538.553069: sched_switch: prev_comm=ksoftirqd/0 prev_pid=3 prev_prio=120 prev_state=S ==> next_comm=swapper/0 next_pid=0 next_prio=120
          <idle>-0     (-----) [000] d..2   538.553108: cpu_idle: state=0 cpu_id=0
          <idle>-0     (-----) [000] dnh5   538.553327: sched_wakeup: comm=kworker/u16:11 pid=682 prio=120 target_cpu=000
          <idle>-0     (-----) [000] dns5   538.553410: sched_wakeup: comm=kworker/0:5 pid=1633 prio=120 target_cpu=000
          <idle>-0     (-----) [000] .n.2   538.553444: cpu_idle: state=4294967295 cpu_id=0
          <idle>-0     (-----) [000] d..3   538.553462: sched_switch: prev_comm=swapper/0 prev_pid=0 prev_prio=120 prev_state=R ==> next_comm=kworker/0:5 next_pid=1633 next_prio=120
kworker/0:5-1633 ( 1633) [000] d..3   538.553600: sched_switch: prev_comm=kworker/0:5 prev_pid=1633 prev_prio=120 prev_state=D ==> next_comm=kworker/u16:11 next_pid=682 next_prio=120
kworker/u16:11-682   (  682) [000] d..5   538.553642: sched_wakeup: comm=kworker/0:0 pid=4 prio=120 target_cpu=000
kworker/u16:11-682   (  682) [000] d..3   538.553668: sched_switch: prev_comm=kworker/u16:11 prev_pid=682 prev_prio=120 prev_state=S ==> next_comm=kworker/0:0 next_pid=4 next_prio=120
kworker/0:0-4     (    4) [000] d..3   538.553728: sched_switch: prev_comm=kworker/0:0 prev_pid=4 prev_prio=120 prev_state=S ==> next_comm=swapper/0 next_pid=0 next_prio=120
          <idle>-0     (-----) [000] d..2   538.553777: cpu_idle: state=2 cpu_id=0
          <idle>-0     (-----) [000] d.h5   538.554501: sugov_set_iowait_boost: doing iow boost
          <idle>-0     (-----) [000] dnh5   538.554533: sched_wakeup: comm=kworker/0:0 pid=4 prio=120 target_cpu=000
          <idle>-0     (-----) [000] .n.2   538.554580: cpu_idle: state=4294967295 cpu_id=0
          <idle>-0     (-----) [000] d..3   538.554629: sched_switch: prev_comm=swapper/0 prev_pid=0 prev_prio=120 prev_state=R ==> next_comm=kworker/0:0 next_pid=4 next_prio=120
kworker/0:0-4     (    4) [000] d..4   538.554662: sched_blocked_reason: pid=1633 iowait=0 caller=qpnp_vadc_hc_read+0x18c/0x318
kworker/0:0-4     (    4) [000] d..4   538.554678: sched_wakeup: comm=kworker/0:5 pid=1633 prio=120 target_cpu=000
kworker/0:0-4     (    4) [000] d..3   538.554711: sched_switch: prev_comm=kworker/0:0 prev_pid=4 prev_prio=120 prev_state=S ==> next_comm=kworker/0:5 next_pid=1633 next_prio=120
kworker/0:5-1633 ( 1633) [000] d..3   538.554939: sched_switch: prev_comm=kworker/0:5 prev_pid=1633 prev_prio=120 prev_state=S ==> next_comm=swapper/0 next_pid=0 next_prio=120
          <idle>-0     (-----) [000] d..2   538.554999: cpu_idle: state=2 cpu_id=0
          <idle>-0     (-----) [004] d.h4   538.566043: sugov_set_iowait_boost: skipping iow boost
          <idle>-0     (-----) [004] dnh4   538.566068: sched_wakeup: comm=perfd pid=813 prio=120 target_cpu=004
          <idle>-0     (-----) [004] .n.2   538.566093: cpu_idle: state=4294967295 cpu_id=4
          <idle>-0     (-----) [004] d..3   538.566136: sched_switch: prev_comm=swapper/4 prev_pid=0 prev_prio=120 prev_state=R ==> next_comm=perfd next_pid=813 next_prio=120
perfd-813 ( 813) [004] d..3   538.566230: sched_switch: prev_comm=perfd prev_pid=813 prev_prio=120 prev_state=S ==> next_comm=swapper/4 next_pid=0 next_prio=120
          <idle>-0     (-----) [004] dn.4   538.566255: sched_wakeup: comm=ksoftirqd/4 pid=41 prio=120 target_cpu=004
          <idle>-0     (-----) [004] d..3   538.566267: sched_switch: prev_comm=swapper/4 prev_pid=0 prev_prio=120 prev_state=R ==> next_comm=ksoftirqd/4 next_pid=41 next_prio=120
ksoftirqd/4-41 ( 41) [004] d.s4   538.566325: sched_wakeup: comm=kworker/4:2 pid=463 prio=120 target_cpu=004
ksoftirqd/4-41 ( 41) [004] d..3   538.566350: sched_switch: prev_comm=ksoftirqd/4 prev_pid=41 prev_prio=120 prev_state=S ==> next_comm=kworker/4:2 next_pid=463 next_prio=120
kworker/4:2-463 ( 463) [004] d..3   538.566451: sched_switch: prev_comm=kworker/4:2 prev_pid=463 prev_prio=120 prev_state=S ==> next_comm=swapper/4 next_pid=0 next_prio=120
          <idle>-0     (-----) [004] d..2   538.566485: cpu_idle: state=2 cpu_id=4
          <idle>-0     (-----) [000] d.h3   538.567215: sugov_set_iowait_boost: doing iow boost
          <idle>-0     (-----) [000] dnh3   538.567250: sched_wakeup: comm=kworker/u16:11 pid=682 prio=120 target_cpu=000
          <idle>-0     (-----) [000] .n.2   538.567273: cpu_idle: state=4294967295 cpu_id=0
          <idle>-0     (-----) [000] d..3   538.567327: sched_switch: prev_comm=swapper/0 prev_pid=0 prev_prio=120 prev_state=R ==> next_comm=kworker/u16:11 next_pid=682 next_prio=120
kworker/u16:11-682   (  682) [000] d..3   538.567746: sched_switch: prev_comm=kworker/u16:11 prev_pid=682 prev_prio=120 prev_state=S ==> next_comm=swapper/0 next_pid=0 next_prio=120
          <idle>-0     (-----) [000] dn.4   538.567788: sched_wakeup: comm=ksoftirqd/0 pid=3 prio=120 target_cpu=000
          <idle>-0     (-----) [000] d..3   538.567808: sched_switch: prev_comm=swapper/0 prev_pid=0 prev_prio=120 prev_state=R ==> next_comm=ksoftirqd/0 next_pid=3 next_prio=120
ksoftirqd/0-3 ( 3) [000] d..3   538.567862: sched_switch: prev_comm=ksoftirqd/0 prev_pid=3 prev_prio=120 prev_state=S ==> next_comm=swapper/0 next_pid=0 next_prio=120
          <idle>-0     (-----) [000] d..2   538.567909: cpu_idle: state=2 cpu_id=0
          <idle>-0     (-----) [004] d.h4   538.587466: sugov_set_iowait_boost: skipping iow boost
          <idle>-0     (-----) [004] dnh4   538.587491: sched_wakeup: comm=ChromiumNet pid=7539 prio=120 target_cpu=004
          <idle>-0     (-----) [004] .n.2   538.587525: cpu_idle: state=4294967295 cpu_id=4
          <idle>-0     (-----) [004] d..3   538.587566: sched_switch: prev_comm=swapper/4 prev_pid=0 prev_prio=120 prev_state=R ==> next_comm=ChromiumNet next_pid=7539 next_prio=120
ChromiumNet-7539 ( 7459) [004] d..3   538.587805: sugov_set_iowait_boost: skipping iow boost
ChromiumNet-7539 ( 7459) [004] d..3   538.587853: sched_switch: prev_comm=ChromiumNet prev_pid=7539 prev_prio=120 prev_state=S ==> next_comm=swapper/4 next_pid=0 next_prio=120
          <idle>-0     (-----) [004] dnh6   538.587883: sched_wakeup: comm=sugov:4 pid=5860 prio=49 target_cpu=004
          <idle>-0     (-----) [004] d..3   538.587898: sched_switch: prev_comm=swapper/4 prev_pid=0 prev_prio=120 prev_state=R ==> next_comm=sugov:4 next_pid=5860 next_prio=49
sugov:4-5860  ( 5860) [004] ...1   538.587933: clock_set_rate: perfcl_clk state=345600000 cpu_id=4
sugov:4-5860  ( 5860) [004] ...1   538.587946: cpu_frequency: state=345600 cpu_id=4
sugov:4-5860  ( 5860) [004] ...1   538.587966: cpu_frequency: state=345600 cpu_id=5
sugov:4-5860  ( 5860) [004] ...1   538.587975: cpu_frequency: state=345600 cpu_id=6
sugov:4-5860  ( 5860) [004] ...1   538.587983: cpu_frequency: state=345600 cpu_id=7
sugov:4-5860  ( 5860) [004] d..3   538.587996: sugov_set_iowait_boost: skipping iow boost
sugov:4-5860  ( 5860) [004] d..3   538.588023: sugov_set_iowait_boost: skipping iow boost
sugov:4-5860  ( 5860) [004] d..3   538.588029: sched_switch: prev_comm=sugov:4 prev_pid=5860 prev_prio=49 prev_state=S ==> next_comm=swapper/4 next_pid=0 next_prio=120
          <idle>-0     (-----) [004] dn.4   538.588052: sched_wakeup: comm=ksoftirqd/4 pid=41 prio=120 target_cpu=004
          <idle>-0     (-----) [004] d..3   538.588062: sched_switch: prev_comm=swapper/4 prev_pid=0 prev_prio=120 prev_state=R ==> next_comm=ksoftirqd/4 next_pid=41 next_prio=120
ksoftirqd/4-41 ( 41) [004] d..3   538.588097: sched_switch: prev_comm=ksoftirqd/4 prev_pid=41 prev_prio=120 prev_state=S ==> next_comm=swapper/4 next_pid=0 next_prio=120
          <idle>-0     (-----) [004] d..2   538.588125: cpu_idle: state=2 cpu_id=4
          <idle>-0     (-----) [000] d.s6   538.611956: sugov_set_iowait_boost: doing iow boost
          <idle>-0     (-----) [000] dns6   538.611985: sched_wakeup: comm=kworker/u16:11 pid=682 prio=120 target_cpu=000
          <idle>-0     (-----) [000] .n.2   538.612011: cpu_idle: state=4294967295 cpu_id=0
          <idle>-0     (-----) [000] d..3   538.612066: sched_switch: prev_comm=swapper/0 prev_pid=0 prev_prio=120 prev_state=R ==> next_comm=kworker/u16:11 next_pid=682 next_prio=120
kworker/u16:11-682   (  682) [000] d..4   538.612185: sugov_set_iowait_boost: doing iow boost
kworker/u16:11-682   (  682) [000] d..4   538.612199: sched_wakeup: comm=kworker/u16:12 pid=1014 prio=120 target_cpu=000
kworker/u16:11-682   (  682) [000] d..3   538.612440: sched_switch: prev_comm=kworker/u16:11 prev_pid=682 prev_prio=120 prev_state=S ==> next_comm=kworker/u16:12 next_pid=1014 next_prio=120
kworker/u16:12-1014 ( 1014) [000] d..3   538.612499: sched_switch: prev_comm=kworker/u16:12 prev_pid=1014 prev_prio=120 prev_state=S ==> next_comm=swapper/0 next_pid=0 next_prio=120
          <idle>-0     (-----) [000] dn.4   538.612536: sched_wakeup: comm=ksoftirqd/0 pid=3 prio=120 target_cpu=000
          <idle>-0     (-----) [000] d..3   538.612553: sched_switch: prev_comm=swapper/0 prev_pid=0 prev_prio=120 prev_state=R ==> next_comm=ksoftirqd/0 next_pid=3 next_prio=120
ksoftirqd/0-3 ( 3) [000] d..3   538.612605: sched_switch: prev_comm=ksoftirqd/0 prev_pid=3 prev_prio=120 prev_state=S ==> next_comm=swapper/0 next_pid=0 next_prio=120
          <idle>-0     (-----) [000] d..2   538.612648: cpu_idle: state=2 cpu_id=0
          <idle>-0     (-----) [006] d.h3   538.612734: sugov_set_iowait_boost: skipping iow boost
          <idle>-0     (-----) [004] d.h4   538.612753: sugov_set_iowait_boost: skipping iow boost
          <idle>-0     (-----) [006] dnh3   538.612757: sched_wakeup: comm=sensors@1.0-ser pid=1593 prio=120 target_cpu=006
          <idle>-0     (-----) [004] dnh4   538.612767: sched_wakeup: comm=ChromiumNet pid=7539 prio=120 target_cpu=004
          <idle>-0     (-----) [006] .n.2   538.612772: cpu_idle: state=4294967295 cpu_id=6
          <idle>-0     (-----) [004] .n.2   538.612785: cpu_idle: state=4294967295 cpu_id=4
          <idle>-0     (-----) [006] d..3   538.612809: sched_switch: prev_comm=swapper/6 prev_pid=0 prev_prio=120 prev_state=R ==> next_comm=sensors@1.0-ser next_pid=1593 next_prio=120
          <idle>-0     (-----) [004] d..3   538.612811: sched_switch: prev_comm=swapper/4 prev_pid=0 prev_prio=120 prev_state=R ==> next_comm=ChromiumNet next_pid=7539 next_prio=120
sensors@1.0-ser-1593 ( 706) [006] d..3   538.612990: sched_wakeup: comm=android.hardwar pid=951 prio=120 target_cpu=004
ChromiumNet-7539 ( 7459) [004] d..3   538.613038: sched_switch: prev_comm=ChromiumNet prev_pid=7539 prev_prio=120 prev_state=S ==> next_comm=android.hardwar next_pid=951 next_prio=120
sensors@1.0-ser-1593 ( 706) [006] d..3   538.613047: sched_switch: prev_comm=sensors@1.0-ser prev_pid=1593 prev_prio=120 prev_state=S ==> next_comm=swapper/6 next_pid=0 next_prio=120
          <idle>-0     (-----) [006] d..2   538.613081: cpu_idle: state=2 cpu_id=6
android.hardwar-951 ( 706) [004] d..3   538.613127: sched_wakeup: comm=android.hardwar pid=1066 prio=120 target_cpu=007
android.hardwar-951 ( 706) [004] d..3   538.613174: sched_switch: prev_comm=android.hardwar prev_pid=951 prev_prio=120 prev_state=S ==> next_comm=swapper/4 next_pid=0 next_prio=120
          <idle>-0     (-----) [004] d..2   538.613203: cpu_idle: state=2 cpu_id=4
          <idle>-0     (-----) [007] .n.2   538.613389: cpu_idle: state=4294967295 cpu_id=7
          <idle>-0     (-----) [007] d..3   538.613436: sched_switch: prev_comm=swapper/7 prev_pid=0 prev_prio=120 prev_state=R ==> next_comm=android.hardwar next_pid=1066 next_prio=120
android.hardwar-1066 ( 706) [007] dn.3   538.613489: sched_wakeup: comm=sensors@1.0-ser pid=706 prio=89 target_cpu=007
android.hardwar-1066 ( 706) [007] d..3   538.613503: sched_switch: prev_comm=android.hardwar prev_pid=1066 prev_prio=120 prev_state=R+ ==> next_comm=sensors@1.0-ser next_pid=706 next_prio=89
sensors@1.0-ser-706   (  706) [007] d..3   538.613522: sugov_set_iowait_boost: skipping iow boost
sensors@1.0-ser-706   (  706) [007] d..3   538.613538: sched_switch: prev_comm=sensors@1.0-ser prev_pid=706 prev_prio=89 prev_state=S ==> next_comm=android.hardwar next_pid=1066 next_prio=120
android.hardwar-1066 ( 706) [007] dn.3   538.613554: sched_wakeup: comm=sensors@1.0-ser pid=706 prio=89 target_cpu=007
android.hardwar-1066 ( 706) [007] d..3   538.613560: sched_switch: prev_comm=android.hardwar prev_pid=1066 prev_prio=120 prev_state=R+ ==> next_comm=sensors@1.0-ser next_pid=706 next_prio=89
sensors@1.0-ser-706   (  706) [007] d..3   538.613678: sugov_set_iowait_boost: skipping iow boost
sensors@1.0-ser-706   (  706) [007] d..3   538.613699: sugov_set_iowait_boost: skipping iow boost
sensors@1.0-ser-706   (  706) [007] dnh6   538.613725: sched_wakeup: comm=sugov:4 pid=5860 prio=49 target_cpu=007
sensors@1.0-ser-706   (  706) [007] d..3   538.613740: sched_switch: prev_comm=sensors@1.0-ser prev_pid=706 prev_prio=120 prev_state=R+ ==> next_comm=sugov:4 next_pid=5860 next_prio=49
sugov:4-5860  ( 5860) [007] ...1   538.613772: clock_set_rate: perfcl_clk state=499200000 cpu_id=7
sugov:4-5860  ( 5860) [007] ...1   538.613782: cpu_frequency: state=499200 cpu_id=4
sugov:4-5860  ( 5860) [007] ...1   538.613799: cpu_frequency: state=499200 cpu_id=5
sugov:4-5860  ( 5860) [007] ...1   538.613809: cpu_frequency: state=499200 cpu_id=6
sugov:4-5860  ( 5860) [007] ...1   538.613815: cpu_frequency: state=499200 cpu_id=7
sugov:4-5860  ( 5860) [007] d..3   538.613823: sugov_set_iowait_boost: skipping iow boost
sugov:4-5860  ( 5860) [007] d..3   538.613833: sched_switch: prev_comm=sugov:4 prev_pid=5860 prev_prio=49 prev_state=S ==> next_comm=android.hardwar next_pid=1066 next_prio=120
android.hardwar-1066 ( 706) [007] d..3   538.613854: sched_switch: prev_comm=android.hardwar prev_pid=1066 prev_prio=120 prev_state=S ==> next_comm=sensors@1.0-ser next_pid=706 next_prio=120
sensors@1.0-ser-706   (  706) [007] d..3   538.613925: sched_switch: prev_comm=sensors@1.0-ser prev_pid=706 prev_prio=120 prev_state=S ==> next_comm=swapper/7 next_pid=0 next_prio=120
          <idle>-0     (-----) [007] d..4   538.613941: sugov_set_iowait_boost: skipping iow boost
          <idle>-0     (-----) [007] dn.4   538.613945: sched_wakeup: comm=ksoftirqd/7 pid=65 prio=120 target_cpu=007
          <idle>-0     (-----) [007] d..3   538.613953: sched_switch: prev_comm=swapper/7 prev_pid=0 prev_prio=120 prev_state=R ==> next_comm=ksoftirqd/7 next_pid=65 next_prio=120
ksoftirqd/7-65 ( 65) [007] d..3   538.613983: sched_switch: prev_comm=ksoftirqd/7 prev_pid=65 prev_prio=120 prev_state=S ==> next_comm=swapper/7 next_pid=0 next_prio=120
          <idle>-0     (-----) [007] d..2   538.614002: cpu_idle: state=2 cpu_id=7
          <idle>-0     (-----) [001] dnh3   538.614580: sched_wakeup: comm=SensorService pid=1307 prio=89 target_cpu=001
          <idle>-0     (-----) [001] .n.2   538.614609: cpu_idle: state=4294967295 cpu_id=1
          <idle>-0     (-----) [001] d..3   538.614653: sched_switch: prev_comm=swapper/1 prev_pid=0 prev_prio=120 prev_state=R ==> next_comm=SensorService next_pid=1307 next_prio=89
SensorService-1307 ( 1118) [001] d..3   538.615120: sugov_set_iowait_boost: doing iow boost
SensorService-1307 ( 1118) [001] d..3   538.615152: sugov_set_iowait_boost: doing iow boost
SensorService-1307 ( 1118) [001] d..3   538.615196: sugov_set_iowait_boost: doing iow boost
SensorService-1307 ( 1118) [001] d..3   538.615209: sched_switch: prev_comm=SensorService prev_pid=1307 prev_prio=89 prev_state=S ==> next_comm=swapper/1 next_pid=0 next_prio=120
          <idle>-0     (-----) [001] d..2   538.615263: cpu_idle: state=2 cpu_id=1
          <idle>-0     (-----) [004] d.h3   538.615802: sugov_set_iowait_boost: skipping iow boost
          <idle>-0     (-----) [007] dnh3   538.615818: sched_wakeup: comm=sensors@1.0-ser pid=706 prio=89 target_cpu=007
          <idle>-0     (-----) [004] dnh3   538.615820: sched_wakeup: comm=android.youtube pid=7459 prio=110 target_cpu=004
          <idle>-0     (-----) [004] .n.2   538.615831: cpu_idle: state=4294967295 cpu_id=4
          <idle>-0     (-----) [007] .n.2   538.615831: cpu_idle: state=4294967295 cpu_id=7
          <idle>-0     (-----) [007] d..3   538.615855: sched_switch: prev_comm=swapper/7 prev_pid=0 prev_prio=120 prev_state=R ==> next_comm=sensors@1.0-ser next_pid=706 next_prio=89
          <idle>-0     (-----) [004] d..3   538.615858: sched_switch: prev_comm=swapper/4 prev_pid=0 prev_prio=120 prev_state=R ==> next_comm=android.youtube next_pid=7459 next_prio=110
sensors@1.0-ser-706   (  706) [007] d..3   538.615936: sugov_set_iowait_boost: skipping iow boost
sensors@1.0-ser-706   (  706) [007] d..3   538.615950: sugov_set_iowait_boost: skipping iow boost
sensors@1.0-ser-706   (  706) [007] d..3   538.615972: sugov_set_iowait_boost: skipping iow boost
sensors@1.0-ser-706   (  706) [007] d..3   538.615976: sched_switch: prev_comm=sensors@1.0-ser prev_pid=706 prev_prio=89 prev_state=S ==> next_comm=swapper/7 next_pid=0 next_prio=120
          <idle>-0     (-----) [007] d..2   538.616000: cpu_idle: state=2 cpu_id=7
android.youtube-7459 ( 7459) [004] d..3   538.616079: sugov_set_iowait_boost: skipping iow boost
android.youtube-7459 ( 7459) [004] d..3   538.616104: sched_switch: prev_comm=android.youtube prev_pid=7459 prev_prio=110 prev_state=S ==> next_comm=swapper/4 next_pid=0 next_prio=120
          <idle>-0     (-----) [004] d..2   538.616126: cpu_idle: state=2 cpu_id=4
          <idle>-0     (-----) [000] d.h4   538.666061: sugov_set_iowait_boost: doing iow boost
          <idle>-0     (-----) [000] dnh4   538.666089: sched_wakeup: comm=WifiService pid=1449 prio=120 target_cpu=000
          <idle>-0     (-----) [000] .n.2   538.666132: cpu_idle: state=4294967295 cpu_id=0
          <idle>-0     (-----) [000] d..3   538.666184: sched_switch: prev_comm=swapper/0 prev_pid=0 prev_prio=120 prev_state=R ==> next_comm=WifiService next_pid=1449 next_prio=120
WifiService-1449 ( 1118) [000] d.h4   538.666716: sched_wakeup: comm=kworker/u16:12 pid=1014 prio=120 target_cpu=000
WifiService-1449 ( 1118) [000] d.s4   538.666763: sched_wakeup: comm=kworker/0:5 pid=1633 prio=120 target_cpu=000
WifiService-1449 ( 1118) [000] d..4   538.666959: sched_wakeup: comm=rcuop/0 pid=10 prio=120 target_cpu=000
          <idle>-0     (-----) [004] d.h4   538.667140: sugov_set_iowait_boost: skipping iow boost
