          <idle>-0     (-----) [004] dnh4   538.667160: sched_wakeup: comm=perfd pid=813 prio=120 target_cpu=004
          <idle>-0     (-----) [004] dnh5   538.667194: sched_wakeup: comm=sugov:4 pid=5860 prio=49 target_cpu=004
          <idle>-0     (-----) [004] .n.2   538.667203: cpu_idle: state=4294967295 cpu_id=4
          <idle>-0     (-----) [004] d..3   538.667228: sched_switch: prev_comm=swapper/4 prev_pid=0 prev_prio=120 prev_state=R ==> next_comm=sugov:4 next_pid=5860 next_prio=49
sugov:4-5860  ( 5860) [004] ...1   538.667252: clock_set_rate: perfcl_clk state=300000000 cpu_id=4
sugov:4-5860  ( 5860) [004] ...1   538.667261: cpu_frequency: state=300000 cpu_id=4
sugov:4-5860  ( 5860) [004] ...1   538.667275: cpu_frequency: state=300000 cpu_id=5
sugov:4-5860  ( 5860) [004] ...1   538.667283: cpu_frequency: state=300000 cpu_id=6
sugov:4-5860  ( 5860) [004] ...1   538.667291: cpu_frequency: state=300000 cpu_id=7
sugov:4-5860  ( 5860) [004] d..3   538.667306: sugov_set_iowait_boost: skipping iow boost
sugov:4-5860  ( 5860) [004] d..3   538.667329: sched_switch: prev_comm=sugov:4 prev_pid=5860 prev_prio=49 prev_state=S ==> next_comm=perfd next_pid=813 next_prio=120
perfd-813 ( 813) [004] d..3   538.667425: sched_switch: prev_comm=perfd prev_pid=813 prev_prio=120 prev_state=S ==> next_comm=swapper/4 next_pid=0 next_prio=120
          <idle>-0     (-----) [004] d..2   538.667460: cpu_idle: state=2 cpu_id=4
WifiService-1449 ( 1118) [000] d..5   538.667675: sched_wakeup: comm=wlan_logging_th pid=1604 prio=118 target_cpu=002
          <idle>-0     (-----) [002] .n.2   538.667879: cpu_idle: state=4294967295 cpu_id=2
          <idle>-0     (-----) [002] d..3   538.667920: sched_switch: prev_comm=swapper/2 prev_pid=0 prev_prio=120 prev_state=R ==> next_comm=wlan_logging_th next_pid=1604 next_prio=118
wlan_logging_th-1604 ( 1604) [002] d..4   538.668005: sugov_set_iowait_boost: doing iow boost
wlan_logging_th-1604 ( 1604) [002] d..4   538.668016: sugov_set_iowait_boost: doing iow boost
wlan_logging_th-1604 ( 1604) [002] d..4   538.668029: sched_wakeup: comm=wifi@1.0-servic pid=1969 prio=120 target_cpu=002
wlan_logging_th-1604 ( 1604) [002] d..4   538.668067: sugov_set_iowait_boost: doing iow boost
wlan_logging_th-1604 ( 1604) [002] d..4   538.668078: sched_wakeup: comm=cnss_diag pid=829 prio=120 target_cpu=002
wlan_logging_th-1604 ( 1604) [002] d..3   538.668136: sched_switch: prev_comm=wlan_logging_th prev_pid=1604 prev_prio=118 prev_state=S ==> next_comm=wifi@1.0-servic next_pid=1969 next_prio=120
wifi@1.0-servic-1969 ( 712) [002] d..5   538.668829: sched_wakeup: comm=HwBinder:1118_1 pid=1165 prio=118 target_cpu=001
WifiService-1449 ( 1118) [000] d..5   538.668895: sched_wakeup: comm=Binder:1697_3 pid=1957 prio=120 target_cpu=003
          <idle>-0     (-----) [001] .n.2   538.669030: cpu_idle: state=4294967295 cpu_id=1
WifiService-1449 ( 1118) [000] d..3   538.669034: sugov_set_iowait_boost: doing iow boost
WifiService-1449 ( 1118) [000] d..3   538.669059: sched_switch: prev_comm=WifiService prev_pid=1449 prev_prio=120 prev_state=S ==> next_comm=kworker/0:5 next_pid=1633 next_prio=120
          <idle>-0     (-----) [001] d..3   538.669072: sched_switch: prev_comm=swapper/1 prev_pid=0 prev_prio=120 prev_state=R ==> next_comm=HwBinder:1118_1 next_pid=1165 next_prio=118
          <idle>-0     (-----) [003] .n.2   538.669088: cpu_idle: state=4294967295 cpu_id=3
          <idle>-0     (-----) [003] d..3   538.669131: sched_switch: prev_comm=swapper/3 prev_pid=0 prev_prio=120 prev_state=R ==> next_comm=Binder:1697_3 next_pid=1957 next_prio=120
kworker/0:5-1633 ( 1633) [000] d..3   538.669152: sugov_set_iowait_boost: doing iow boost
kworker/0:5-1633 ( 1633) [000] d..3   538.669172: sched_switch: prev_comm=kworker/0:5 prev_pid=1633 prev_prio=120 prev_state=S ==> next_comm=rcuop/0 next_pid=10 next_prio=120
rcuop/0-10    (   10) [000] d..4   538.669213: sched_wakeup: comm=rcu_preempt pid=7 prio=120 target_cpu=000
rcuop/0-10    (   10) [000] d..3   538.669235: sched_switch: prev_comm=rcuop/0 prev_pid=10 prev_prio=120 prev_state=S ==> next_comm=rcu_preempt next_pid=7 next_prio=120
rcu_preempt-7     (    7) [000] d..3   538.669267: sched_switch: prev_comm=rcu_preempt prev_pid=7 prev_prio=120 prev_state=S ==> next_comm=kworker/u16:12 next_pid=1014 next_prio=120
kworker/u16:12-1014 ( 1014) [000] d..4   538.669311: sched_wakeup: comm=kworker/u16:11 pid=682 prio=120 target_cpu=000
kworker/u16:12-1014 ( 1014) [000] d..5   538.669336: sched_wakeup: comm=kworker/0:5 pid=1633 prio=120 target_cpu=000
Binder:1697_3-1957  ( 1697) [003] d..3   538.669558: sched_switch: prev_comm=Binder:1697_3 prev_pid=1957 prev_prio=120 prev_state=S ==> next_comm=swapper/3 next_pid=0 next_prio=120
          <idle>-0     (-----) [003] d..2   538.669612: cpu_idle: state=2 cpu_id=3
kworker/u16:12-1014 ( 1014) [000] d..3   538.669690: sched_switch: prev_comm=kworker/u16:12 prev_pid=1014 prev_prio=120 prev_state=S ==> next_comm=kworker/0:5 next_pid=1633 next_prio=120
kworker/0:5-1633 ( 1633) [000] d..3   538.669729: sched_switch: prev_comm=kworker/0:5 prev_pid=1633 prev_prio=120 prev_state=S ==> next_comm=kworker/u16:11 next_pid=682 next_prio=120
wifi@1.0-servic-1969 ( 712) [002] d..3   538.669744: sugov_set_iowait_boost: doing iow boost
wifi@1.0-servic-1969 ( 712) [002] d..3   538.669771: sched_switch: prev_comm=wifi@1.0-servic prev_pid=1969 prev_prio=120 prev_state=S ==> next_comm=cnss_diag next_pid=829 next_prio=120
kworker/u16:11-682   (  682) [000] d..3   538.669778: sched_switch: prev_comm=kworker/u16:11 prev_pid=682 prev_prio=120 prev_state=S ==> next_comm=swapper/0 next_pid=0 next_prio=120
          <idle>-0     (-----) [000] d..2   538.669830: cpu_idle: state=2 cpu_id=0
cnss_diag-829 ( 829) [002] d.h2   538.669938: sugov_set_iowait_boost: doing iow boost
HwBinder:1118_1-1165  ( 1118) [001] d.h2   538.669950: sugov_set_iowait_boost: doing iow boost
          <idle>-0     (-----) [006] d.h3   538.670258: sugov_set_iowait_boost: skipping iow boost
          <idle>-0     (-----) [006] d.h3   538.670274: sugov_set_iowait_boost: skipping iow boost
          <idle>-0     (-----) [006] dnh3   538.670288: sched_wakeup: comm=ndroid.systemui pid=1697 prio=120 target_cpu=006
          <idle>-0     (-----) [006] .n.2   538.670306: cpu_idle: state=4294967295 cpu_id=6
          <idle>-0     (-----) [006] d..3   538.670347: sched_switch: prev_comm=swapper/6 prev_pid=0 prev_prio=120 prev_state=R ==> next_comm=ndroid.systemui next_pid=1697 next_prio=120
cnss_diag-829 ( 829) [002] d..3   538.670677: sched_switch: prev_comm=cnss_diag prev_pid=829 prev_prio=120 prev_state=S ==> next_comm=swapper/2 next_pid=0 next_prio=120
          <idle>-0     (-----) [002] d..2   538.670732: cpu_idle: state=2 cpu_id=2
ndroid.systemui-1697  ( 1697) [006] d..3   538.670842: sched_switch: prev_comm=ndroid.systemui prev_pid=1697 prev_prio=120 prev_state=S ==> next_comm=swapper/6 next_pid=0 next_prio=120
          <idle>-0     (-----) [006] d..2   538.670886: cpu_idle: state=2 cpu_id=6
HwBinder:1118_1-1165  ( 1118) [001] d.h2   538.673279: sugov_set_iowait_boost: doing iow boost
          <idle>-0     (-----) [000] d.s4   538.673575: sugov_set_iowait_boost: doing iow boost
          <idle>-0     (-----) [000] dns4   538.673594: sched_wakeup: comm=rcu_preempt pid=7 prio=120 target_cpu=000
          <idle>-0     (-----) [000] .n.2   538.673638: cpu_idle: state=4294967295 cpu_id=0
          <idle>-0     (-----) [000] d..3   538.673669: sched_switch: prev_comm=swapper/0 prev_pid=0 prev_prio=120 prev_state=R ==> next_comm=rcu_preempt next_pid=7 next_prio=120
rcu_preempt-7     (    7) [000] d..5   538.673744: sched_wakeup: comm=rcuop/0 pid=10 prio=120 target_cpu=000
rcu_preempt-7     (    7) [000] d..3   538.673769: sched_switch: prev_comm=rcu_preempt prev_pid=7 prev_prio=120 prev_state=S ==> next_comm=rcuop/0 next_pid=10 next_prio=120
rcuop/0-10    (   10) [000] d..3   538.673852: sched_switch: prev_comm=rcuop/0 prev_pid=10 prev_prio=120 prev_state=S ==> next_comm=swapper/0 next_pid=0 next_prio=120
          <idle>-0     (-----) [000] d..2   538.673902: cpu_idle: state=2 cpu_id=0
HwBinder:1118_1-1165  ( 1118) [001] d.h2   538.676608: sugov_set_iowait_boost: doing iow boost
HwBinder:1118_1-1165  ( 1118) [001] d.h2   538.679943: sugov_set_iowait_boost: doing iow boost
HwBinder:1118_1-1165  ( 1118) [001] d.h2   538.683277: sugov_set_iowait_boost: doing iow boost
HwBinder:1118_1-1165  ( 1118) [001] d.h4   538.683386: sched_wakeup: comm=kworker/u16:11 pid=682 prio=120 target_cpu=000
          <idle>-0     (-----) [000] .n.2   538.683586: cpu_idle: state=4294967295 cpu_id=0
          <idle>-0     (-----) [000] d..3   538.683629: sched_switch: prev_comm=swapper/0 prev_pid=0 prev_prio=120 prev_state=R ==> next_comm=kworker/u16:11 next_pid=682 next_prio=120
kworker/u16:11-682   (  682) [000] d..5   538.683672: sched_wakeup: comm=kworker/0:5 pid=1633 prio=120 target_cpu=000
kworker/u16:11-682   (  682) [000] d..3   538.683699: sched_switch: prev_comm=kworker/u16:11 prev_pid=682 prev_prio=120 prev_state=S ==> next_comm=kworker/0:5 next_pid=1633 next_prio=120
kworker/0:5-1633 ( 1633) [000] d..3   538.683764: sched_switch: prev_comm=kworker/0:5 prev_pid=1633 prev_prio=120 prev_state=S ==> next_comm=swapper/0 next_pid=0 next_prio=120
          <idle>-0     (-----) [000] d..2   538.683800: cpu_idle: state=2 cpu_id=0
HwBinder:1118_1-1165  ( 1118) [001] d..3   538.684128: sugov_set_iowait_boost: doing iow boost
HwBinder:1118_1-1165  ( 1118) [001] d..3   538.684177: sched_switch: prev_comm=HwBinder:1118_1 prev_pid=1165 prev_prio=118 prev_state=S ==> next_comm=swapper/1 next_pid=0 next_prio=120
          <idle>-0     (-----) [001] d..2   538.684236: cpu_idle: state=2 cpu_id=1
          <idle>-0     (-----) [000] d.s6   538.727380: sugov_set_iowait_boost: doing iow boost
          <idle>-0     (-----) [000] dns6   538.727410: sched_wakeup: comm=kworker/u16:11 pid=682 prio=120 target_cpu=000
          <idle>-0     (-----) [000] .n.2   538.727436: cpu_idle: state=4294967295 cpu_id=0
          <idle>-0     (-----) [000] d..3   538.727490: sched_switch: prev_comm=swapper/0 prev_pid=0 prev_prio=120 prev_state=R ==> next_comm=kworker/u16:11 next_pid=682 next_prio=120
kworker/u16:11-682   (  682) [000] d..4   538.727576: sched_wakeup: comm=kworker/u16:12 pid=1014 prio=120 target_cpu=000
kworker/u16:11-682   (  682) [000] d..3   538.727828: sched_switch: prev_comm=kworker/u16:11 prev_pid=682 prev_prio=120 prev_state=S ==> next_comm=kworker/u16:12 next_pid=1014 next_prio=120
kworker/u16:12-1014 ( 1014) [000] d..3   538.727887: sched_switch: prev_comm=kworker/u16:12 prev_pid=1014 prev_prio=120 prev_state=S ==> next_comm=swapper/0 next_pid=0 next_prio=120
          <idle>-0     (-----) [000] dn.4   538.727926: sched_wakeup: comm=ksoftirqd/0 pid=3 prio=120 target_cpu=000
          <idle>-0     (-----) [000] d..3   538.727945: sched_switch: prev_comm=swapper/0 prev_pid=0 prev_prio=120 prev_state=R ==> next_comm=ksoftirqd/0 next_pid=3 next_prio=120
ksoftirqd/0-3 ( 3) [000] d..3   538.728000: sched_switch: prev_comm=ksoftirqd/0 prev_pid=3 prev_prio=120 prev_state=S ==> next_comm=swapper/0 next_pid=0 next_prio=120
          <idle>-0     (-----) [000] d..2   538.728045: cpu_idle: state=2 cpu_id=0
          <idle>-0     (-----) [006] d.h3   538.728708: sugov_set_iowait_boost: skipping iow boost
          <idle>-0     (-----) [006] dnh3   538.728736: sched_wakeup: comm=sensors@1.0-ser pid=1593 prio=120 target_cpu=006
          <idle>-0     (-----) [006] .n.2   538.728755: cpu_idle: state=4294967295 cpu_id=6
          <idle>-0     (-----) [006] d..3   538.728797: sched_switch: prev_comm=swapper/6 prev_pid=0 prev_prio=120 prev_state=R ==> next_comm=sensors@1.0-ser next_pid=1593 next_prio=120
sensors@1.0-ser-1593 ( 706) [006] d..3   538.729001: sugov_set_iowait_boost: skipping iow boost
sensors@1.0-ser-1593 ( 706) [006] d..3   538.729012: sched_wakeup: comm=android.hardwar pid=951 prio=120 target_cpu=006
sensors@1.0-ser-1593 ( 706) [006] d..3   538.729052: sched_switch: prev_comm=sensors@1.0-ser prev_pid=1593 prev_prio=120 prev_state=S ==> next_comm=android.hardwar next_pid=951 next_prio=120
android.hardwar-951 ( 706) [006] d..3   538.729135: sugov_set_iowait_boost: skipping iow boost
android.hardwar-951 ( 706) [006] d..3   538.729143: sched_wakeup: comm=android.hardwar pid=1066 prio=120 target_cpu=006
android.hardwar-951 ( 706) [006] d..3   538.729166: sched_switch: prev_comm=android.hardwar prev_pid=951 prev_prio=120 prev_state=S ==> next_comm=android.hardwar next_pid=1066 next_prio=120
android.hardwar-1066 ( 706) [006] dn.3   538.729217: sched_wakeup: comm=sensors@1.0-ser pid=706 prio=89 target_cpu=006
android.hardwar-1066 ( 706) [006] d..3   538.729230: sched_switch: prev_comm=android.hardwar prev_pid=1066 prev_prio=120 prev_state=R+ ==> next_comm=sensors@1.0-ser next_pid=706 next_prio=89
sensors@1.0-ser-706   (  706) [006] d..3   538.729250: sugov_set_iowait_boost: skipping iow boost
sensors@1.0-ser-706   (  706) [006] d..3   538.729266: sched_switch: prev_comm=sensors@1.0-ser prev_pid=706 prev_prio=89 prev_state=S ==> next_comm=android.hardwar next_pid=1066 next_prio=120
android.hardwar-1066 ( 706) [006] dn.3   538.729283: sched_wakeup: comm=sensors@1.0-ser pid=706 prio=89 target_cpu=006
android.hardwar-1066 ( 706) [006] d..3   538.729291: sched_switch: prev_comm=android.hardwar prev_pid=1066 prev_prio=120 prev_state=R+ ==> next_comm=sensors@1.0-ser next_pid=706 next_prio=89
sensors@1.0-ser-706   (  706) [006] d..3   538.729420: sugov_set_iowait_boost: skipping iow boost
sensors@1.0-ser-706   (  706) [006] d..3   538.729442: sugov_set_iowait_boost: skipping iow boost
sensors@1.0-ser-706   (  706) [006] dnh6   538.729471: sched_wakeup: comm=sugov:4 pid=5860 prio=49 target_cpu=006
sensors@1.0-ser-706   (  706) [006] d..3   538.729486: sched_switch: prev_comm=sensors@1.0-ser prev_pid=706 prev_prio=120 prev_state=R+ ==> next_comm=sugov:4 next_pid=5860 next_prio=49
sugov:4-5860  ( 5860) [006] ...1   538.729523: clock_set_rate: perfcl_clk state=422400000 cpu_id=6
sugov:4-5860  ( 5860) [006] ...1   538.729535: cpu_frequency: state=422400 cpu_id=4
sugov:4-5860  ( 5860) [006] ...1   538.729555: cpu_frequency: state=422400 cpu_id=5
sugov:4-5860  ( 5860) [006] ...1   538.729564: cpu_frequency: state=422400 cpu_id=6
sugov:4-5860  ( 5860) [006] ...1   538.729572: cpu_frequency: state=422400 cpu_id=7
sugov:4-5860  ( 5860) [006] d..3   538.729585: sugov_set_iowait_boost: skipping iow boost
sugov:4-5860  ( 5860) [006] d..3   538.729599: sched_switch: prev_comm=sugov:4 prev_pid=5860 prev_prio=49 prev_state=S ==> next_comm=android.hardwar next_pid=1066 next_prio=120
android.hardwar-1066 ( 706) [006] d..3   538.729620: sched_switch: prev_comm=android.hardwar prev_pid=1066 prev_prio=120 prev_state=S ==> next_comm=sensors@1.0-ser next_pid=706 next_prio=120
sensors@1.0-ser-706   (  706) [006] d..3   538.729703: sched_switch: prev_comm=sensors@1.0-ser prev_pid=706 prev_prio=120 prev_state=S ==> next_comm=swapper/6 next_pid=0 next_prio=120
          <idle>-0     (-----) [006] d..2   538.729732: cpu_idle: state=2 cpu_id=6
          <idle>-0     (-----) [001] dnh3   538.730335: sched_wakeup: comm=SensorService pid=1307 prio=89 target_cpu=001
          <idle>-0     (-----) [001] .n.2   538.730362: cpu_idle: state=4294967295 cpu_id=1
          <idle>-0     (-----) [001] d..3   538.730406: sched_switch: prev_comm=swapper/1 prev_pid=0 prev_prio=120 prev_state=R ==> next_comm=SensorService next_pid=1307 next_prio=89
SensorService-1307 ( 1118) [001] d..3   538.730872: sugov_set_iowait_boost: doing iow boost
SensorService-1307 ( 1118) [001] d..3   538.730903: sugov_set_iowait_boost: doing iow boost
SensorService-1307 ( 1118) [001] d..3   538.730944: sugov_set_iowait_boost: doing iow boost
SensorService-1307 ( 1118) [001] d..3   538.730957: sched_switch: prev_comm=SensorService prev_pid=1307 prev_prio=89 prev_state=S ==> next_comm=swapper/1 next_pid=0 next_prio=120
          <idle>-0     (-----) [001] dn.4   538.731003: sched_wakeup: comm=ksoftirqd/1 pid=17 prio=120 target_cpu=001
          <idle>-0     (-----) [001] d..3   538.731026: sched_switch: prev_comm=swapper/1 prev_pid=0 prev_prio=120 prev_state=R ==> next_comm=ksoftirqd/1 next_pid=17 next_prio=120
ksoftirqd/1-17 ( 17) [001] d..3   538.731086: sched_switch: prev_comm=ksoftirqd/1 prev_pid=17 prev_prio=120 prev_state=S ==> next_comm=swapper/1 next_pid=0 next_prio=120
          <idle>-0     (-----) [001] d..2   538.731134: cpu_idle: state=2 cpu_id=1
          <idle>-0     (-----) [004] d.h3   538.731541: sugov_set_iowait_boost: skipping iow boost
          <idle>-0     (-----) [006] dnh3   538.731558: sched_wakeup: comm=sensors@1.0-ser pid=706 prio=89 target_cpu=006
          <idle>-0     (-----) [004] dnh3   538.731560: sched_wakeup: comm=android.youtube pid=7459 prio=110 target_cpu=004
          <idle>-0     (-----) [004] .n.2   538.731574: cpu_idle: state=4294967295 cpu_id=4
          <idle>-0     (-----) [006] .n.2   538.731576: cpu_idle: state=4294967295 cpu_id=6
          <idle>-0     (-----) [006] d..3   538.731602: sched_switch: prev_comm=swapper/6 prev_pid=0 prev_prio=120 prev_state=R ==> next_comm=sensors@1.0-ser next_pid=706 next_prio=89
          <idle>-0     (-----) [004] d..3   538.731606: sched_switch: prev_comm=swapper/4 prev_pid=0 prev_prio=120 prev_state=R ==> next_comm=android.youtube next_pid=7459 next_prio=110
sensors@1.0-ser-706   (  706) [006] d..3   538.731691: sugov_set_iowait_boost: skipping iow boost
sensors@1.0-ser-706   (  706) [006] d..3   538.731708: sugov_set_iowait_boost: skipping iow boost
sensors@1.0-ser-706   (  706) [006] d..3   538.731731: sugov_set_iowait_boost: skipping iow boost
sensors@1.0-ser-706   (  706) [006] d..3   538.731737: sched_switch: prev_comm=sensors@1.0-ser prev_pid=706 prev_prio=89 prev_state=S ==> next_comm=swapper/6 next_pid=0 next_prio=120
          <idle>-0     (-----) [006] d..2   538.731764: cpu_idle: state=2 cpu_id=6
android.youtube-7459 ( 7459) [004] d..3   538.731849: sugov_set_iowait_boost: skipping iow boost
android.youtube-7459 ( 7459) [004] d..3   538.731881: sched_switch: prev_comm=android.youtube prev_pid=7459 prev_prio=110 prev_state=S ==> next_comm=swapper/4 next_pid=0 next_prio=120
          <idle>-0     (-----) [004] d..2   538.731906: cpu_idle: state=2 cpu_id=4
          <idle>-0     (-----) [005] d.h4   538.734902: sched_wakeup: comm=background2-12 pid=7553 prio=130 target_cpu=004
          <idle>-0     (-----) [005] d..4   538.734926: sugov_set_iowait_boost: skipping iow boost
          <idle>-0     (-----) [005] dn.4   538.734932: sched_wakeup: comm=ksoftirqd/5 pid=49 prio=120 target_cpu=005
          <idle>-0     (-----) [005] .n.2   538.734938: cpu_idle: state=4294967295 cpu_id=5
          <idle>-0     (-----) [005] d..3   538.734960: sched_switch: prev_comm=swapper/5 prev_pid=0 prev_prio=120 prev_state=R ==> next_comm=ksoftirqd/5 next_pid=49 next_prio=120
ksoftirqd/5-49 ( 49) [005] d..3   538.735002: sched_switch: prev_comm=ksoftirqd/5 prev_pid=49 prev_prio=120 prev_state=S ==> next_comm=swapper/5 next_pid=0 next_prio=120
          <idle>-0     (-----) [005] d..2   538.735023: cpu_idle: state=2 cpu_id=5
          <idle>-0     (-----) [004] .n.2   538.735059: cpu_idle: state=4294967295 cpu_id=4
          <idle>-0     (-----) [004] d..3   538.735086: sched_switch: prev_comm=swapper/4 prev_pid=0 prev_prio=120 prev_state=R ==> next_comm=background2-12 next_pid=7553 next_prio=130
background2-12-7553 ( 7459) [004] d..3   538.735217: sched_wakeup: comm=background2-2 pid=7481 prio=130 target_cpu=005
          <idle>-0     (-----) [005] .n.2   538.735377: cpu_idle: state=4294967295 cpu_id=5
          <idle>-0     (-----) [005] d..3   538.735401: sched_switch: prev_comm=swapper/5 prev_pid=0 prev_prio=120 prev_state=R ==> next_comm=background2-2 next_pid=7481 next_prio=130
background2-2-7481 ( 7459) [005] d..3   538.735486: sugov_set_iowait_boost: skipping iow boost
background2-2-7481 ( 7459) [005] d..3   538.735507: sched_switch: prev_comm=background2-2 prev_pid=7481 prev_prio=130 prev_state=S ==> next_comm=swapper/5 next_pid=0 next_prio=120
          <idle>-0     (-----) [005] d..2   538.735527: cpu_idle: state=2 cpu_id=5
background2-12-7553 ( 7459) [004] d..3   538.735793: sched_wakeup: comm=Jit thread pool pid=7464 prio=129 target_cpu=005
          <idle>-0     (-----) [005] .n.2   538.735954: cpu_idle: state=4294967295 cpu_id=5
          <idle>-0     (-----) [005] d..3   538.735978: sched_switch: prev_comm=swapper/5 prev_pid=0 prev_prio=120 prev_state=R ==> next_comm=Jit thread pool next_pid=7464 next_prio=129
Jit thread pool-7464  (-----) [005] d.h2   538.736598: sugov_set_iowait_boost: skipping iow boost
background2-12-7553 ( 7459) [004] d.h2   538.736605: sugov_set_iowait_boost: skipping iow boost
background2-12-7553 ( 7459) [004] d..5   538.737468: sched_wakeup: comm=android.youtube pid=7459 prio=110 target_cpu=006
          <idle>-0     (-----) [000] d.h3   538.737493: sugov_set_iowait_boost: doing iow boost
          <idle>-0     (-----) [000] dnh3   538.737524: sched_wakeup: comm=kworker/u16:12 pid=1014 prio=120 target_cpu=000
background2-12-7553 ( 7459) [004] d..3   538.737541: sched_wakeup: comm=background2-6 pid=7489 prio=130 target_cpu=007
          <idle>-0     (-----) [000] .n.2   538.737545: cpu_idle: state=4294967295 cpu_id=0
          <idle>-0     (-----) [000] d..3   538.737595: sched_switch: prev_comm=swapper/0 prev_pid=0 prev_prio=120 prev_state=R ==> next_comm=kworker/u16:12 next_pid=1014 next_prio=120
background2-12-7553 ( 7459) [004] d..3   538.737598: sugov_set_iowait_boost: skipping iow boost
background2-12-7553 ( 7459) [004] d..3   538.737622: sched_switch: prev_comm=background2-12 prev_pid=7553 prev_prio=130 prev_state=S ==> next_comm=swapper/4 next_pid=0 next_prio=120
          <idle>-0     (-----) [006] .n.2   538.737628: cpu_idle: state=4294967295 cpu_id=6
kworker/u16:12-1014 ( 1014) [000] d..5   538.737645: sched_wakeup: comm=kworker/0:5 pid=1633 prio=120 target_cpu=000
          <idle>-0     (-----) [004] d..2   538.737651: cpu_idle: state=2 cpu_id=4
          <idle>-0     (-----) [006] d..3   538.737654: sched_switch: prev_comm=swapper/6 prev_pid=0 prev_prio=120 prev_state=R ==> next_comm=android.youtube next_pid=7459 next_prio=110
kworker/u16:12-1014 ( 1014) [000] d..3   538.737678: sched_switch: prev_comm=kworker/u16:12 prev_pid=1014 prev_prio=120 prev_state=S ==> next_comm=kworker/0:5 next_pid=1633 next_prio=120
          <idle>-0     (-----) [007] .n.2   538.737705: cpu_idle: state=4294967295 cpu_id=7
kworker/0:5-1633 ( 1633) [000] d..3   538.737709: sugov_set_iowait_boost: doing iow boost
          <idle>-0     (-----) [007] d..3   538.737735: sched_switch: prev_comm=swapper/7 prev_pid=0 prev_prio=120 prev_state=R ==> next_comm=background2-6 next_pid=7489 next_prio=130
kworker/0:5-1633 ( 1633) [000] d..3   538.737762: sched_switch: prev_comm=kworker/0:5 prev_pid=1633 prev_prio=120 prev_state=S ==> next_comm=swapper/0 next_pid=0 next_prio=120
          <idle>-0     (-----) [000] d..2   538.737808: cpu_idle: state=2 cpu_id=0
background2-6-7489 ( 7459) [007] d..3   538.737811: sugov_set_iowait_boost: skipping iow boost
background2-6-7489 ( 7459) [007] d..3   538.737839: sched_switch: prev_comm=background2-6 prev_pid=7489 prev_prio=130 prev_state=S ==> next_comm=swapper/7 next_pid=0 next_prio=120
          <idle>-0     (-----) [007] d..2   538.737863: cpu_idle: state=2 cpu_id=7
android.youtube-7459 ( 7459) [006] d..5   538.738370: sched_wakeup: comm=RenderThread pid=7591 prio=110 target_cpu=004
          <idle>-0     (-----) [004] .n.2   538.738526: cpu_idle: state=4294967295 cpu_id=4
          <idle>-0     (-----) [004] d..3   538.738551: sched_switch: prev_comm=swapper/4 prev_pid=0 prev_prio=120 prev_state=R ==> next_comm=RenderThread next_pid=7591 next_prio=110
RenderThread-7591 ( 7459) [004] ...1   538.738762: tracing_mark_write: B|7459|notifyFramePending
RenderThread-7591 ( 7459) [004] ...1   538.738774: tracing_mark_write: E
RenderThread-7591 ( 7459) [004] d..3   538.738823: sched_switch: prev_comm=RenderThread prev_pid=7591 prev_prio=110 prev_state=S ==> next_comm=swapper/4 next_pid=0 next_prio=120
          <idle>-0     (-----) [004] d..2   538.738877: cpu_idle: state=2 cpu_id=4
          <idle>-0     (-----) [001] d.h3   538.739408: sugov_set_iowait_boost: doing iow boost
          <idle>-0     (-----) [000] d.h3   538.739427: sugov_set_iowait_boost: doing iow boost
          <idle>-0     (-----) [001] dnh3   538.739439: sched_wakeup: comm=rcuop/4 pid=44 prio=120 target_cpu=001
          <idle>-0     (-----) [000] d.h3   538.739440: sugov_set_iowait_boost: doing iow boost
          <idle>-0     (-----) [000] dnh3   538.739454: sched_wakeup: comm=Binder:594_5 pid=2074 prio=120 target_cpu=000
          <idle>-0     (-----) [001] .n.2   538.739461: cpu_idle: state=4294967295 cpu_id=1
          <idle>-0     (-----) [000] .n.2   538.739469: cpu_idle: state=4294967295 cpu_id=0
          <idle>-0     (-----) [000] d..3   538.739510: sched_switch: prev_comm=swapper/0 prev_pid=0 prev_prio=120 prev_state=R ==> next_comm=Binder:594_5 next_pid=2074 next_prio=120
          <idle>-0     (-----) [001] d..3   538.739510: sched_switch: prev_comm=swapper/1 prev_pid=0 prev_prio=120 prev_state=R ==> next_comm=rcuop/4 next_pid=44 next_prio=120
rcuop/4-44    (   44) [001] d..4   538.739603: sched_wakeup: comm=rcu_preempt pid=7 prio=120 target_cpu=000
android.youtube-7459 ( 7459) [006] d..3   538.739632: sugov_set_iowait_boost: skipping iow boost
rcuop/4-44    (   44) [001] d..3   538.739660: sched_switch: prev_comm=rcuop/4 prev_pid=44 prev_prio=120 prev_state=S ==> next_comm=swapper/1 next_pid=0 next_prio=120
android.youtube-7459 ( 7459) [006] d..3   538.739663: sched_switch: prev_comm=android.youtube prev_pid=7459 prev_prio=110 prev_state=S ==> next_comm=swapper/6 next_pid=0 next_prio=120
          <idle>-0     (-----) [006] d..2   538.739690: cpu_idle: state=2 cpu_id=6
          <idle>-0     (-----) [001] d..2   538.739708: cpu_idle: state=2 cpu_id=1
Jit thread pool-7464  (-----) [005] d.h2   538.739931: sugov_set_iowait_boost: skipping iow boost
Binder:594_5-2074 ( 594) [000] d.h3   538.739941: sugov_set_iowait_boost: doing iow boost
Binder:594_5-2074 ( 594) [000] dn.5   538.740112: sched_wakeup: comm=composer@2.1-se pid=596 prio=97 target_cpu=000
Binder:594_5-2074 ( 594) [000] d..3   538.740134: sched_switch: prev_comm=Binder:594_5 prev_pid=2074 prev_prio=120 prev_state=R+ ==> next_comm=composer@2.1-se next_pid=596 next_prio=97
composer@2.1-se-596   (  596) [000] d..3   538.740340: sugov_set_iowait_boost: doing iow boost
composer@2.1-se-596   (  596) [000] d..3   538.740371: sched_switch: prev_comm=composer@2.1-se prev_pid=596 prev_prio=97 prev_state=S ==> next_comm=rcu_preempt next_pid=7 next_prio=120
rcu_preempt-7     (    7) [000] d..3   538.740410: sched_switch: prev_comm=rcu_preempt prev_pid=7 prev_prio=120 prev_state=S ==> next_comm=Binder:594_5 next_pid=2074 next_prio=120
Binder:594_5-2074 ( 594) [000] d..4   538.740513: sched_wakeup: comm=system pid=105 prio=120 target_cpu=001
Binder:594_5-2074 ( 594) [000] d..4   538.740593: sched_wakeup: comm=rcuop/0 pid=10 prio=120 target_cpu=000
          <idle>-0     (-----) [001] .n.2   538.740700: cpu_idle: state=4294967295 cpu_id=1
Binder:594_5-2074 ( 594) [000] ...1   538.740734: clock_set_rate: ahb_clk_src state=19200000 cpu_id=0
          <idle>-0     (-----) [001] d..3   538.740738: sched_switch: prev_comm=swapper/1 prev_pid=0 prev_prio=120 prev_state=R ==> next_comm=system next_pid=105 next_prio=120
Jit thread pool-7464  (-----) [005] d..3   538.740957: sugov_set_iowait_boost: skipping iow boost
system-105 ( 105) [001] d..3   538.740961: sched_switch: prev_comm=system prev_pid=105 prev_prio=120 prev_state=S ==> next_comm=swapper/1 next_pid=0 next_prio=120
Jit thread pool-7464  (-----) [005] d..3   538.740987: sched_switch: prev_comm=Jit thread pool prev_pid=7464 prev_prio=129 prev_state=S ==> next_comm=swapper/5 next_pid=0 next_prio=120
          <idle>-0     (-----) [001] d..2   538.741000: cpu_idle: state=2 cpu_id=1
          <idle>-0     (-----) [005] d..2   538.741019: cpu_idle: state=2 cpu_id=5
Binder:594_5-2074 ( 594) [000] ...1   538.741637: clock_set_rate: ahb_clk_src state=19200000 cpu_id=0
Binder:594_5-2074 ( 594) [000] ...1   538.741842: clock_set_rate: ahb_clk_src state=19200000 cpu_id=0
Binder:594_5-2074 ( 594) [000] ...1   538.742734: clock_set_rate: ahb_clk_src state=19200000 cpu_id=0
Binder:594_5-2074 ( 594) [000] d..4   538.742939: sched_wakeup: comm=system pid=105 prio=120 target_cpu=001
Binder:594_5-2074 ( 594) [000] d..3   538.743061: sched_wakeup: comm=DispSync pid=615 prio=97 target_cpu=002
Binder:594_5-2074 ( 594) [000] d..3   538.743113: sched_wakeup: comm=EventControl pid=654 prio=112 target_cpu=003
          <idle>-0     (-----) [001] .n.2   538.743132: cpu_idle: state=4294967295 cpu_id=1
Binder:594_5-2074 ( 594) [000] dn.3   538.743152: sched_wakeup: comm=EventThread pid=627 prio=97 target_cpu=000
          <idle>-0     (-----) [001] d..3   538.743169: sched_switch: prev_comm=swapper/1 prev_pid=0 prev_prio=120 prev_state=R ==> next_comm=system next_pid=105 next_prio=120
Binder:594_5-2074 ( 594) [000] dn.3   538.743170: sugov_set_iowait_boost: doing iow boost
Binder:594_5-2074 ( 594) [000] d..3   538.743182: sched_switch: prev_comm=Binder:594_5 prev_pid=2074 prev_prio=120 prev_state=R+ ==> next_comm=EventThread next_pid=627 next_prio=97
EventThread-627 ( 594) [000] d..3   538.743218: sugov_set_iowait_boost: doing iow boost
EventThread-627 ( 594) [000] d..3   538.743243: sched_switch: prev_comm=EventThread prev_pid=627 prev_prio=97 prev_state=S ==> next_comm=rcuop/0 next_pid=10 next_prio=120
          <idle>-0     (-----) [002] .n.2   538.743263: cpu_idle: state=4294967295 cpu_id=2
          <idle>-0     (-----) [002] d..3   538.743301: sched_switch: prev_comm=swapper/2 prev_pid=0 prev_prio=120 prev_state=R ==> next_comm=DispSync next_pid=615 next_prio=97
          <idle>-0     (-----) [003] .n.2   538.743316: cpu_idle: state=4294967295 cpu_id=3
rcuop/0-10    (   10) [000] d..3   538.743325: sched_switch: prev_comm=rcuop/0 prev_pid=10 prev_prio=120 prev_state=S ==> next_comm=Binder:594_5 next_pid=2074 next_prio=120
DispSync-615   (  594) [002] d..3   538.743340: sugov_set_iowait_boost: doing iow boost
Binder:594_5-2074 ( 594) [000] dn.3   538.743358: sched_wakeup: comm=EventThread pid=627 prio=97 target_cpu=000
          <idle>-0     (-----) [003] d..3   538.743359: sched_switch: prev_comm=swapper/3 prev_pid=0 prev_prio=120 prev_state=R ==> next_comm=EventControl next_pid=654 next_prio=112
DispSync-615   (  594) [002] d..3   538.743364: sugov_set_iowait_boost: doing iow boost
Binder:594_5-2074 ( 594) [000] d..3   538.743374: sched_switch: prev_comm=Binder:594_5 prev_pid=2074 prev_prio=120 prev_state=R+ ==> next_comm=EventThread next_pid=627 next_prio=97
DispSync-615   (  594) [002] d..3   538.743397: sugov_set_iowait_boost: doing iow boost
DispSync-615   (  594) [002] d..3   538.743408: sched_switch: prev_comm=DispSync prev_pid=615 prev_prio=97 prev_state=S ==> next_comm=swapper/2 next_pid=0 next_prio=120
EventControl-654   (  594) [003] ...1   538.743421: tracing_mark_write: B|594|setVsyncEnabled
EventControl-654   (  594) [003] ...1   538.743444: tracing_mark_write: B|594|setVsyncEnabled
          <idle>-0     (-----) [002] d..2   538.743448: cpu_idle: state=2 cpu_id=2
EventThread-627 ( 594) [000] d..3   538.743458: sched_wakeup: comm=DispSync pid=615 prio=97 target_cpu=002
          <idle>-0     (-----) [002] .n.2   538.743480: cpu_idle: state=4294967295 cpu_id=2
          <idle>-0     (-----) [002] d..3   538.743501: sched_switch: prev_comm=swapper/2 prev_pid=0 prev_prio=120 prev_state=R ==> next_comm=DispSync next_pid=615 next_prio=97
DispSync-615   (  594) [002] d..3   538.743531: sugov_set_iowait_boost: doing iow boost
EventControl-654   (  594) [003] d..5   538.743547: sched_wakeup: comm=composer@2.1-se pid=596 prio=97 target_cpu=001
DispSync-615   (  594) [002] d..3   538.743568: sugov_set_iowait_boost: doing iow boost
DispSync-615   (  594) [002] d..3   538.743579: sched_switch: prev_comm=DispSync prev_pid=615 prev_prio=97 prev_state=S ==> next_comm=swapper/2 next_pid=0 next_prio=120
EventControl-654   (  594) [003] d..3   538.743601: sugov_set_iowait_boost: doing iow boost
          <idle>-0     (-----) [002] d..2   538.743613: cpu_idle: state=2 cpu_id=2
EventControl-654   (  594) [003] d..3   538.743646: sched_switch: prev_comm=EventControl prev_pid=654 prev_prio=112 prev_state=S ==> next_comm=swapper/3 next_pid=0 next_prio=120
system-105 ( 105) [001] dn.3   538.743658: sugov_set_iowait_boost: doing iow boost
system-105 ( 105) [001] d..3   538.743672: sched_switch: prev_comm=system prev_pid=105 prev_prio=120 prev_state=R+ ==> next_comm=composer@2.1-se next_pid=596 next_prio=97
          <idle>-0     (-----) [003] d..2   538.743688: cpu_idle: state=2 cpu_id=3
composer@2.1-se-596   (  596) [001] ...1   538.743786: tracing_mark_write: B|596|HWPrimary::SetVSyncState::
composer@2.1-se-596   (  596) [001] ...1   538.744049: clock_set_rate: cnoc_a_clk state=19200000 cpu_id=1
composer@2.1-se-596   (  596) [001] d..7   538.744206: sched_wakeup: comm=smem_native_rpm pid=87 prio=120 target_cpu=001
composer@2.1-se-596   (  596) [001] d..3   538.744228: sugov_set_iowait_boost: doing iow boost
composer@2.1-se-596   (  596) [001] d..3   538.744254: sched_switch: prev_comm=composer@2.1-se prev_pid=596 prev_prio=97 prev_state=D ==> next_comm=smem_native_rpm next_pid=87 next_prio=120
EventThread-627 ( 594) [000] d..5   538.744280: sched_wakeup: comm=Binder:1118_7 pid=1846 prio=120 target_cpu=002
smem_native_rpm-87    (   87) [001] dn.7   538.744332: sched_wakeup: comm=composer@2.1-se pid=596 prio=97 target_cpu=001
EventThread-627 ( 594) [000] d..3   538.744357: sugov_set_iowait_boost: doing iow boost
EventThread-627 ( 594) [000] d..3   538.744381: sugov_set_iowait_boost: doing iow boost
smem_native_rpm-87    (   87) [001] d..3   538.744382: sched_switch: prev_comm=smem_native_rpm prev_pid=87 prev_prio=120 prev_state=R+ ==> next_comm=composer@2.1-se next_pid=596 next_prio=97
EventThread-627 ( 594) [000] d..3   538.744392: sched_switch: prev_comm=EventThread prev_pid=627 prev_prio=97 prev_state=S ==> next_comm=Binder:594_5 next_pid=2074 next_prio=120
composer@2.1-se-596   (  596) [001] ...1   538.744408: clock_set_rate: ahb_clk_src state=19200000 cpu_id=1
          <idle>-0     (-----) [002] .n.2   538.744472: cpu_idle: state=4294967295 cpu_id=2
Binder:594_5-2074 ( 594) [000] d..3   538.744489: sched_switch: prev_comm=Binder:594_5 prev_pid=2074 prev_prio=120 prev_state=S ==> next_comm=swapper/0 next_pid=0 next_prio=120
          <idle>-0     (-----) [002] d..3   538.744509: sched_switch: prev_comm=swapper/2 prev_pid=0 prev_prio=120 prev_state=R ==> next_comm=Binder:1118_7 next_pid=1846 next_prio=120
          <idle>-0     (-----) [000] d..2   538.744536: cpu_idle: state=2 cpu_id=0
composer@2.1-se-596   (  596) [001] ...1   538.744656: clock_set_rate: bimc_msmbus_clk state=104162969 cpu_id=1
composer@2.1-se-596   (  596) [001] ...1   538.744663: clock_set_rate: bimc_clk state=104162969 cpu_id=1
composer@2.1-se-596   (  596) [001] d..3   538.744768: sugov_set_iowait_boost: doing iow boost
composer@2.1-se-596   (  596) [001] d..3   538.744789: sugov_set_iowait_boost: doing iow boost
composer@2.1-se-596   (  596) [001] d..3   538.744800: sched_switch: prev_comm=composer@2.1-se prev_pid=596 prev_prio=97 prev_state=D ==> next_comm=smem_native_rpm next_pid=87 next_prio=120
smem_native_rpm-87    (   87) [001] d..3   538.744836: sched_switch: prev_comm=smem_native_rpm prev_pid=87 prev_prio=120 prev_state=S ==> next_comm=system next_pid=105 next_prio=120
Binder:1118_7-1846  ( 1118) [002] d..5   538.744858: sugov_set_iowait_boost: doing iow boost
Binder:1118_7-1846  ( 1118) [002] d..5   538.744868: sugov_set_iowait_boost: doing iow boost
Binder:1118_7-1846  ( 1118) [002] d..5   538.744881: sched_wakeup: comm=power@1.1-servi pid=704 prio=120 target_cpu=002
Binder:1118_7-1846  ( 1118) [002] d..3   538.744943: sched_switch: prev_comm=Binder:1118_7 prev_pid=1846 prev_prio=120 prev_state=S ==> next_comm=power@1.1-servi next_pid=704 next_prio=120
power@1.1-servi-704   (  704) [002] d..4   538.745074: sched_wakeup: comm=Binder:1118_7 pid=1846 prio=120 target_cpu=002
          <idle>-0     (-----) [005] ...2   538.745138: cpu_idle: state=4294967295 cpu_id=5
power@1.1-servi-704   (  704) [002] d..3   538.745153: sched_switch: prev_comm=power@1.1-servi prev_pid=704 prev_prio=120 prev_state=S ==> next_comm=Binder:1118_7 next_pid=1846 next_prio=120
          <idle>-0     (-----) [005] d..2   538.745159: cpu_idle: state=2 cpu_id=5
          <idle>-0     (-----) [000] dnh3   538.745297: sched_wakeup: comm=composer@2.1-se pid=596 prio=97 target_cpu=000
          <idle>-0     (-----) [000] .n.2   538.745315: cpu_idle: state=4294967295 cpu_id=0
Binder:1118_7-1846  ( 1118) [002] d..3   538.745327: sched_switch: prev_comm=Binder:1118_7 prev_pid=1846 prev_prio=120 prev_state=S ==> next_comm=swapper/2 next_pid=0 next_prio=120
          <idle>-0     (-----) [000] d..3   538.745332: sched_switch: prev_comm=swapper/0 prev_pid=0 prev_prio=120 prev_state=R ==> next_comm=composer@2.1-se next_pid=596 next_prio=97
          <idle>-0     (-----) [002] d..2   538.745370: cpu_idle: state=2 cpu_id=2
composer@2.1-se-596   (  596) [000] ...1   538.745383: clock_set_rate: mmss_mdss_mdp_clk state=150000000 cpu_id=0
composer@2.1-se-596   (  596) [000] ...1   538.745393: clock_set_rate: mdp_clk_src state=150000000 cpu_id=0
composer@2.1-se-596   (  596) [000] ...1   538.745925: clock_set_rate: mmss_mdss_vsync_clk state=19200000 cpu_id=0
composer@2.1-se-596   (  596) [000] ...1   538.745937: clock_set_rate: vsync_clk_src state=19200000 cpu_id=0
composer@2.1-se-596   (  596) [000] ...1   538.746024: clock_set_rate: mmss_mdss_mdp_clk state=150000000 cpu_id=0
composer@2.1-se-596   (  596) [000] ...1   538.746031: clock_set_rate: mdp_clk_src state=150000000 cpu_id=0
composer@2.1-se-596   (  596) [000] ...1   538.746124: tracing_mark_write: E
composer@2.1-se-596   (  596) [000] d..4   538.746210: sugov_set_iowait_boost: doing iow boost
composer@2.1-se-596   (  596) [000] d..4   538.746220: sugov_set_iowait_boost: doing iow boost
composer@2.1-se-596   (  596) [000] d..4   538.746231: sched_wakeup: comm=EventControl pid=654 prio=112 target_cpu=000
composer@2.1-se-596   (  596) [000] d..3   538.746302: sugov_set_iowait_boost: doing iow boost
composer@2.1-se-596   (  596) [000] d..3   538.746323: sugov_set_iowait_boost: doing iow boost
composer@2.1-se-596   (  596) [000] d..3   538.746334: sched_switch: prev_comm=composer@2.1-se prev_pid=596 prev_prio=97 prev_state=S ==> next_comm=EventControl next_pid=654 next_prio=112
EventControl-654   (  594) [000] ...1   538.746425: tracing_mark_write: C|594|HW_VSYNC_ON_0|1
EventControl-654   (  594) [000] ...1   538.746437: tracing_mark_write: E
EventControl-654   (  594) [000] ...1   538.746446: tracing_mark_write: E
EventControl-654   (  594) [000] d..3   538.746501: sched_switch: prev_comm=EventControl prev_pid=654 prev_prio=112 prev_state=S ==> next_comm=swapper/0 next_pid=0 next_prio=120
          <idle>-0     (-----) [000] d..2   538.746534: cpu_idle: state=0 cpu_id=0
system-105 ( 105) [001] d.h2   538.746608: sugov_set_iowait_boost: doing iow boost
          <idle>-0     (-----) [000] dns4   538.746709: sched_wakeup: comm=rcu_preempt pid=7 prio=120 target_cpu=000
          <idle>-0     (-----) [000] .n.2   538.746742: cpu_idle: state=4294967295 cpu_id=0
          <idle>-0     (-----) [000] d..3   538.746761: sched_switch: prev_comm=swapper/0 prev_pid=0 prev_prio=120 prev_state=R ==> next_comm=rcu_preempt next_pid=7 next_prio=120
rcu_preempt-7     (    7) [000] d..5   538.746812: sched_wakeup: comm=rcuop/4 pid=44 prio=120 target_cpu=001
system-105 ( 105) [001] d..3   538.746828: sched_switch: prev_comm=system prev_pid=105 prev_prio=120 prev_state=R+ ==> next_comm=rcuop/4 next_pid=44 next_prio=120
rcu_preempt-7     (    7) [000] d..3   538.746863: sched_switch: prev_comm=rcu_preempt prev_pid=7 prev_prio=120 prev_state=S ==> next_comm=swapper/0 next_pid=0 next_prio=120
rcuop/4-44    (   44) [001] d..3   538.746891: sched_switch: prev_comm=rcuop/4 prev_pid=44 prev_prio=120 prev_state=S ==> next_comm=system next_pid=105 next_prio=120
          <idle>-0     (-----) [000] d..2   538.746905: cpu_idle: state=2 cpu_id=0
          <idle>-0     (-----) [000] dnh8   538.747392: sched_wakeup: comm=kworker/0:5 pid=1633 prio=120 target_cpu=000
          <idle>-0     (-----) [000] .n.2   538.747428: cpu_idle: state=4294967295 cpu_id=0
          <idle>-0     (-----) [000] d..3   538.747458: sched_switch: prev_comm=swapper/0 prev_pid=0 prev_prio=120 prev_state=R ==> next_comm=kworker/0:5 next_pid=1633 next_prio=120
kworker/0:5-1633 ( 1633) [000] d..5   538.747544: sched_wakeup: comm=SDM_EventThread pid=611 prio=111 target_cpu=002
kworker/0:5-1633 ( 1633) [000] d..3   538.747607: sched_switch: prev_comm=kworker/0:5 prev_pid=1633 prev_prio=120 prev_state=S ==> next_comm=swapper/0 next_pid=0 next_prio=120
          <idle>-0     (-----) [000] d..2   538.747652: cpu_idle: state=0 cpu_id=0
          <idle>-0     (-----) [002] .n.2   538.747736: cpu_idle: state=4294967295 cpu_id=2
          <idle>-0     (-----) [002] d..3   538.747775: sched_switch: prev_comm=swapper/2 prev_pid=0 prev_prio=120 prev_state=R ==> next_comm=SDM_EventThread next_pid=611 next_prio=111
SDM_EventThread-611   (  596) [002] d..5   538.748081: sched_wakeup: comm=HwBinder:594_1 pid=612 prio=120 target_cpu=000
          <idle>-0     (-----) [000] .n.2   538.748086: cpu_idle: state=4294967295 cpu_id=0
          <idle>-0     (-----) [000] d..3   538.748109: sched_switch: prev_comm=swapper/0 prev_pid=0 prev_prio=120 prev_state=R ==> next_comm=HwBinder:594_1 next_pid=612 next_prio=120
SDM_EventThread-611   (  596) [002] d..3   538.748159: sugov_set_iowait_boost: doing iow boost
SDM_EventThread-611   (  596) [002] d..3   538.748206: sched_switch: prev_comm=SDM_EventThread prev_pid=611 prev_prio=111 prev_state=S ==> next_comm=swapper/2 next_pid=0 next_prio=120
HwBinder:594_1-612   (  594) [000] ...1   538.748220: tracing_mark_write: C|594|HW_VSYNC_0|1
          <idle>-0     (-----) [002] d..2   538.748246: cpu_idle: state=2 cpu_id=2
HwBinder:594_1-612   (  594) [000] d..3   538.748268: sched_wakeup: comm=DispSync pid=615 prio=97 target_cpu=002
HwBinder:594_1-612   (  594) [000] d..3   538.748373: sched_switch: prev_comm=HwBinder:594_1 prev_pid=612 prev_prio=120 prev_state=S ==> next_comm=swapper/0 next_pid=0 next_prio=120
          <idle>-0     (-----) [000] d..2   538.748410: cpu_idle: state=0 cpu_id=0
          <idle>-0     (-----) [002] .n.2   538.748554: cpu_idle: state=4294967295 cpu_id=2
          <idle>-0     (-----) [000] ...2   538.748581: cpu_idle: state=4294967295 cpu_id=0
          <idle>-0     (-----) [002] d..3   538.748584: sched_switch: prev_comm=swapper/2 prev_pid=0 prev_prio=120 prev_state=R ==> next_comm=DispSync next_pid=615 next_prio=97
          <idle>-0     (-----) [000] d..2   538.748597: cpu_idle: state=2 cpu_id=0
DispSync-615   (  594) [002] ...1   538.748650: tracing_mark_write: C|594|VSYNC-app|1
DispSync-615   (  594) [002] d..3   538.748692: sched_wakeup: comm=EventThread pid=627 prio=97 target_cpu=000
DispSync-615   (  594) [002] d..3   538.748724: sugov_set_iowait_boost: doing iow boost
DispSync-615   (  594) [002] d..3   538.748745: sugov_set_iowait_boost: doing iow boost
DispSync-615   (  594) [002] d..3   538.748775: sugov_set_iowait_boost: doing iow boost
DispSync-615   (  594) [002] d..3   538.748786: sched_switch: prev_comm=DispSync prev_pid=615 prev_prio=97 prev_state=S ==> next_comm=swapper/2 next_pid=0 next_prio=120
          <idle>-0     (-----) [002] d..2   538.748832: cpu_idle: state=0 cpu_id=2
          <idle>-0     (-----) [000] .n.2   538.748906: cpu_idle: state=4294967295 cpu_id=0
          <idle>-0     (-----) [000] d..3   538.748939: sched_switch: prev_comm=swapper/0 prev_pid=0 prev_prio=120 prev_state=R ==> next_comm=EventThread next_pid=627 next_prio=97
          <idle>-0     (-----) [002] ...2   538.749241: cpu_idle: state=4294967295 cpu_id=2
          <idle>-0     (-----) [002] d..2   538.749260: cpu_idle: state=0 cpu_id=2
EventThread-627 ( 594) [000] d..3   538.749410: sugov_set_iowait_boost: doing iow boost
EventThread-627 ( 594) [000] d..3   538.749435: sugov_set_iowait_boost: doing iow boost
EventThread-627 ( 594) [000] d..3   538.749467: sugov_set_iowait_boost: doing iow boost
EventThread-627 ( 594) [000] d..3   538.749478: sched_switch: prev_comm=EventThread prev_pid=627 prev_prio=97 prev_state=S ==> next_comm=swapper/0 next_pid=0 next_prio=120
          <idle>-0     (-----) [000] d..2   538.749522: cpu_idle: state=2 cpu_id=0
          <idle>-0     (-----) [002] ...2   538.749665: cpu_idle: state=4294967295 cpu_id=2
          <idle>-0     (-----) [002] d..2   538.749676: cpu_idle: state=2 cpu_id=2
system-105 ( 105) [001] d.h2   538.749936: sugov_set_iowait_boost: doing iow boost
          <idle>-0     (-----) [004] d.h3   538.750190: sugov_set_iowait_boost: skipping iow boost
          <idle>-0     (-----) [004] d.h3   538.750206: sugov_set_iowait_boost: skipping iow boost
          <idle>-0     (-----) [004] dnh3   538.750219: sched_wakeup: comm=android.youtube pid=7459 prio=110 target_cpu=004
          <idle>-0     (-----) [004] dnh5   538.750252: sched_wakeup: comm=sugov:4 pid=5860 prio=49 target_cpu=004
          <idle>-0     (-----) [004] .n.2   538.750263: cpu_idle: state=4294967295 cpu_id=4
          <idle>-0     (-----) [004] d..3   538.750294: sched_switch: prev_comm=swapper/4 prev_pid=0 prev_prio=120 prev_state=R ==> next_comm=sugov:4 next_pid=5860 next_prio=49
sugov:4-5860  ( 5860) [004] ...1   538.750325: cpu_frequency: state=422400 cpu_id=4
sugov:4-5860  ( 5860) [004] ...1   538.750336: cpu_frequency: state=422400 cpu_id=5
sugov:4-5860  ( 5860) [004] ...1   538.750342: cpu_frequency: state=422400 cpu_id=6
sugov:4-5860  ( 5860) [004] ...1   538.750347: cpu_frequency: state=422400 cpu_id=7
sugov:4-5860  ( 5860) [004] d..3   538.750357: sugov_set_iowait_boost: skipping iow boost
sugov:4-5860  ( 5860) [004] d..3   538.750374: sched_switch: prev_comm=sugov:4 prev_pid=5860 prev_prio=49 prev_state=S ==> next_comm=android.youtube next_pid=7459 next_prio=110
android.youtube-7459 ( 7459) [004] ...1   538.750639: tracing_mark_write: B|7459|Choreographer#doFrame
android.youtube-7459 ( 7459) [004] ...1   538.750684: tracing_mark_write: B|7459|input
          <idle>-0     (-----) [002] ...2   538.750706: cpu_idle: state=4294967295 cpu_id=2
android.youtube-7459 ( 7459) [004] ...1   538.750727: tracing_mark_write: E
          <idle>-0     (-----) [002] d..2   538.750732: cpu_idle: state=0 cpu_id=2
android.youtube-7459 ( 7459) [004] ...1   538.750752: tracing_mark_write: B|7459|traversal
android.youtube-7459 ( 7459) [004] ...1   538.750845: tracing_mark_write: B|7459|measure
android.youtube-7459 ( 7459) [004] d..3   538.751427: sched_wakeup: comm=Jit thread pool pid=7464 prio=129 target_cpu=005
          <idle>-0     (-----) [002] ...2   538.751577: cpu_idle: state=4294967295 cpu_id=2
          <idle>-0     (-----) [002] d..2   538.751590: cpu_idle: state=2 cpu_id=2
          <idle>-0     (-----) [005] .n.2   538.751592: cpu_idle: state=4294967295 cpu_id=5
          <idle>-0     (-----) [005] d..3   538.751621: sched_switch: prev_comm=swapper/5 prev_pid=0 prev_prio=120 prev_state=R ==> next_comm=Jit thread pool next_pid=7464 next_prio=129
Jit thread pool-7464  (-----) [005] d..3   538.751697: sugov_set_iowait_boost: skipping iow boost
Jit thread pool-7464  (-----) [005] d..3   538.751731: sched_switch: prev_comm=Jit thread pool prev_pid=7464 prev_prio=129 prev_state=S ==> next_comm=swapper/5 next_pid=0 next_prio=120
          <idle>-0     (-----) [005] d..2   538.751762: cpu_idle: state=2 cpu_id=5
android.youtube-7459 ( 7459) [004] ...1   538.752401: tracing_mark_write: E
android.youtube-7459 ( 7459) [004] ...1   538.752443: tracing_mark_write: B|7459|layout
android.youtube-7459 ( 7459) [004] d..3   538.752792: sched_wakeup: comm=Jit thread pool pid=7464 prio=129 target_cpu=005
          <idle>-0     (-----) [005] .n.2   538.752953: cpu_idle: state=4294967295 cpu_id=5
          <idle>-0     (-----) [005] d..3   538.752976: sched_switch: prev_comm=swapper/5 prev_pid=0 prev_prio=120 prev_state=R ==> next_comm=Jit thread pool next_pid=7464 next_prio=129
android.youtube-7459 ( 7459) [004] ...1   538.752977: tracing_mark_write: E
Jit thread pool-7464  (-----) [005] d..3   538.753044: sched_switch: prev_comm=Jit thread pool prev_pid=7464 prev_prio=129 prev_state=S ==> next_comm=swapper/5 next_pid=0 next_prio=120
          <idle>-0     (-----) [005] d..2   538.753070: cpu_idle: state=0 cpu_id=5
system-105 ( 105) [001] d.h2   538.753265: sugov_set_iowait_boost: doing iow boost
android.youtube-7459 ( 7459) [004] d.h2   538.753272: sugov_set_iowait_boost: skipping iow boost
android.youtube-7459 ( 7459) [004] dnH4   538.753315: sched_wakeup: comm=sugov:4 pid=5860 prio=49 target_cpu=004
android.youtube-7459 ( 7459) [004] d..3   538.753343: sched_switch: prev_comm=android.youtube prev_pid=7459 prev_prio=110 prev_state=R ==> next_comm=sugov:4 next_pid=5860 next_prio=49
sugov:4-5860  ( 5860) [004] ...1   538.753362: cpu_frequency: state=422400 cpu_id=4
sugov:4-5860  ( 5860) [004] ...1   538.753371: cpu_frequency: state=422400 cpu_id=5
sugov:4-5860  ( 5860) [004] ...1   538.753378: cpu_frequency: state=422400 cpu_id=6
sugov:4-5860  ( 5860) [004] ...1   538.753383: cpu_frequency: state=422400 cpu_id=7
