   kworker/u12:1-46    [002]    76.365860: sched_switch:          prev_comm=kworker/u12:1 prev_pid=46 prev_prio=120 prev_state=1 next_comm=sh next_pid=1642 next_prio=120
              sh-1642  [002]    76.365875: sched_wakeup:          comm=kworker/u12:1 pid=46 prio=120 success=1 target_cpu=2
              sh-1642  [002]    76.365878: sched_switch:          prev_comm=sh prev_pid=1642 prev_prio=120 prev_state=4096 next_comm=kworker/u12:1 next_pid=46 next_prio=120
   kworker/u12:1-46    [002]    76.365882: sched_switch:          prev_comm=kworker/u12:1 prev_pid=46 prev_prio=120 prev_state=1 next_comm=sh next_pid=1642 next_prio=120
              sh-1642  [002]    76.365897: sched_wakeup:          comm=kworker/u12:1 pid=46 prio=120 success=1 target_cpu=2
              sh-1642  [002]    76.365900: sched_switch:          prev_comm=sh prev_pid=1642 prev_prio=120 prev_state=4096 next_comm=kworker/u12:1 next_pid=46 next_prio=120
   kworker/u12:1-46    [002]    76.365905: sched_switch:          prev_comm=kworker/u12:1 prev_pid=46 prev_prio=120 prev_state=1 next_comm=sh next_pid=1642 next_prio=120
              sh-1642  [002]    76.365920: sched_wakeup:          comm=kworker/u12:1 pid=46 prio=120 success=1 target_cpu=2
              sh-1642  [002]    76.365923: sched_switch:          prev_comm=sh prev_pid=1642 prev_prio=120 prev_state=4096 next_comm=kworker/u12:1 next_pid=46 next_prio=120
   kworker/u12:1-46    [002]    76.365928: sched_switch:          prev_comm=kworker/u12:1 prev_pid=46 prev_prio=120 prev_state=1 next_comm=sh next_pid=1642 next_prio=120
              sh-1642  [002]    76.365943: sched_wakeup:          comm=kworker/u12:1 pid=46 prio=120 success=1 target_cpu=2
              sh-1642  [002]    76.365946: sched_switch:          prev_comm=sh prev_pid=1642 prev_prio=120 prev_state=4096 next_comm=kworker/u12:1 next_pid=46 next_prio=120
   kworker/u12:1-46    [002]    76.365951: sched_switch:          prev_comm=kworker/u12:1 prev_pid=46 prev_prio=120 prev_state=1 next_comm=sh next_pid=1642 next_prio=120
              sh-1642  [002]    76.365966: sched_wakeup:          comm=kworker/u12:1 pid=46 prio=120 success=1 target_cpu=2
              sh-1642  [002]    76.365969: sched_switch:          prev_comm=sh prev_pid=1642 prev_prio=120 prev_state=4096 next_comm=kworker/u12:1 next_pid=46 next_prio=120
            sshd-1639  [001]    76.365971: sched_switch:          prev_comm=sshd prev_pid=1639 prev_prio=120 prev_state=2 next_comm=swapper/1 next_pid=0 next_prio=120
   kworker/u12:1-46    [002]    76.365976: sched_switch:          prev_comm=kworker/u12:1 prev_pid=46 prev_prio=120 prev_state=1 next_comm=sh next_pid=1642 next_prio=120
          <idle>-0     [001]    76.365978: sched_wakeup:          comm=sshd pid=1639 prio=120 success=1 target_cpu=1
          <idle>-0     [001]    76.365982: sched_switch:          prev_comm=swapper/1 prev_pid=0 prev_prio=120 prev_state=0 next_comm=sshd next_pid=1639 next_prio=120
              sh-1642  [002]    76.365992: sched_wakeup:          comm=kworker/u12:1 pid=46 prio=120 success=1 target_cpu=2
              sh-1642  [002]    76.365995: sched_switch:          prev_comm=sh prev_pid=1642 prev_prio=120 prev_state=4096 next_comm=kworker/u12:1 next_pid=46 next_prio=120
   kworker/u12:1-46    [002]    76.366000: sched_switch:          prev_comm=kworker/u12:1 prev_pid=46 prev_prio=120 prev_state=1 next_comm=sh next_pid=1642 next_prio=120
              sh-1642  [002]    76.366015: sched_wakeup:          comm=kworker/u12:1 pid=46 prio=120 success=1 target_cpu=2
              sh-1642  [002]    76.366017: sched_switch:          prev_comm=sh prev_pid=1642 prev_prio=120 prev_state=4096 next_comm=kworker/u12:1 next_pid=46 next_prio=120
   kworker/u12:1-46    [002]    76.366022: sched_switch:          prev_comm=kworker/u12:1 prev_pid=46 prev_prio=120 prev_state=1 next_comm=sh next_pid=1642 next_prio=120
              sh-1642  [002]    76.366037: sched_wakeup:          comm=kworker/u12:1 pid=46 prio=120 success=1 target_cpu=2
              sh-1642  [002]    76.366040: sched_switch:          prev_comm=sh prev_pid=1642 prev_prio=120 prev_state=4096 next_comm=kworker/u12:1 next_pid=46 next_prio=120
            sshd-1639  [001]    76.366042: sched_switch:          prev_comm=sshd prev_pid=1639 prev_prio=120 prev_state=2 next_comm=swapper/1 next_pid=0 next_prio=120
          <idle>-0     [001]    76.366063: sched_wakeup:          comm=sshd pid=1639 prio=120 success=1 target_cpu=1
   kworker/u12:1-46    [002]    76.366063: sched_switch:          prev_comm=kworker/u12:1 prev_pid=46 prev_prio=120 prev_state=1 next_comm=sh next_pid=1642 next_prio=120
          <idle>-0     [001]    76.366066: sched_switch:          prev_comm=swapper/1 prev_pid=0 prev_prio=120 prev_state=0 next_comm=sshd next_pid=1639 next_prio=120
              sh-1642  [002]    76.366080: sched_wakeup:          comm=kworker/u12:1 pid=46 prio=120 success=1 target_cpu=2
              sh-1642  [002]    76.366083: sched_switch:          prev_comm=sh prev_pid=1642 prev_prio=120 prev_state=4096 next_comm=kworker/u12:1 next_pid=46 next_prio=120
   kworker/u12:1-46    [002]    76.366088: sched_switch:          prev_comm=kworker/u12:1 prev_pid=46 prev_prio=120 prev_state=1 next_comm=sh next_pid=1642 next_prio=120
              sh-1642  [002]    76.366104: sched_wakeup:          comm=kworker/u12:1 pid=46 prio=120 success=1 target_cpu=2
              sh-1642  [002]    76.366106: sched_switch:          prev_comm=sh prev_pid=1642 prev_prio=120 prev_state=4096 next_comm=kworker/u12:1 next_pid=46 next_prio=120
            sshd-1639  [001]    76.366110: sched_switch:          prev_comm=sshd prev_pid=1639 prev_prio=120 prev_state=2 next_comm=swapper/1 next_pid=0 next_prio=120
   kworker/u12:1-46    [002]    76.366115: sched_switch:          prev_comm=kworker/u12:1 prev_pid=46 prev_prio=120 prev_state=1 next_comm=sh next_pid=1642 next_prio=120
          <idle>-0     [001]    76.366116: sched_wakeup:          comm=sshd pid=1639 prio=120 success=1 target_cpu=1
          <idle>-0     [001]    76.366120: sched_switch:          prev_comm=swapper/1 prev_pid=0 prev_prio=120 prev_state=0 next_comm=sshd next_pid=1639 next_prio=120
              sh-1642  [002]    76.366131: sched_wakeup:          comm=kworker/u12:1 pid=46 prio=120 success=1 target_cpu=2
              sh-1642  [002]    76.366134: sched_switch:          prev_comm=sh prev_pid=1642 prev_prio=120 prev_state=4096 next_comm=kworker/u12:1 next_pid=46 next_prio=120
   kworker/u12:1-46    [002]    76.366138: sched_switch:          prev_comm=kworker/u12:1 prev_pid=46 prev_prio=120 prev_state=1 next_comm=sh next_pid=1642 next_prio=120
              sh-1642  [002]    76.366154: sched_wakeup:          comm=kworker/u12:1 pid=46 prio=120 success=1 target_cpu=2
              sh-1642  [002]    76.366157: sched_switch:          prev_comm=sh prev_pid=1642 prev_prio=120 prev_state=4096 next_comm=kworker/u12:1 next_pid=46 next_prio=120
   kworker/u12:1-46    [002]    76.366163: sched_wakeup:          comm=kworker/u12:0 pid=5 prio=120 success=1 target_cpu=2
            sshd-1639  [001]    76.366164: sched_switch:          prev_comm=sshd prev_pid=1639 prev_prio=120 prev_state=2 next_comm=swapper/1 next_pid=0 next_prio=120
   kworker/u12:1-46    [002]    76.366166: sched_switch:          prev_comm=kworker/u12:1 prev_pid=46 prev_prio=120 prev_state=4096 next_comm=kworker/u12:0 next_pid=5 next_prio=120
   kworker/u12:0-5     [002]    76.366169: sched_switch:          prev_comm=kworker/u12:0 prev_pid=5 prev_prio=120 prev_state=1 next_comm=kworker/u12:1 next_pid=46 next_prio=120
   kworker/u12:1-46    [002]    76.366173: sched_switch:          prev_comm=kworker/u12:1 prev_pid=46 prev_prio=120 prev_state=1 next_comm=sh next_pid=1642 next_prio=120
          <idle>-0     [001]    76.366181: sched_wakeup:          comm=sshd pid=1639 prio=120 success=1 target_cpu=1
          <idle>-0     [001]    76.366185: sched_switch:          prev_comm=swapper/1 prev_pid=0 prev_prio=120 prev_state=0 next_comm=sshd next_pid=1639 next_prio=120
              sh-1642  [002]    76.366189: sched_wakeup:          comm=kworker/u12:1 pid=46 prio=120 success=1 target_cpu=2
              sh-1642  [002]    76.366192: sched_switch:          prev_comm=sh prev_pid=1642 prev_prio=120 prev_state=4096 next_comm=kworker/u12:1 next_pid=46 next_prio=120
   kworker/u12:1-46    [002]    76.366197: sched_switch:          prev_comm=kworker/u12:1 prev_pid=46 prev_prio=120 prev_state=1 next_comm=sh next_pid=1642 next_prio=120
              sh-1642  [002]    76.366213: sched_wakeup:          comm=kworker/u12:1 pid=46 prio=120 success=1 target_cpu=2
              sh-1642  [002]    76.366216: sched_switch:          prev_comm=sh prev_pid=1642 prev_prio=120 prev_state=4096 next_comm=kworker/u12:1 next_pid=46 next_prio=120
   kworker/u12:1-46    [002]    76.366221: sched_switch:          prev_comm=kworker/u12:1 prev_pid=46 prev_prio=120 prev_state=1 next_comm=sh next_pid=1642 next_prio=120
              sh-1642  [002]    76.366236: sched_wakeup:          comm=kworker/u12:1 pid=46 prio=120 success=1 target_cpu=2
              sh-1642  [002]    76.366241: sched_switch:          prev_comm=sh prev_pid=1642 prev_prio=120 prev_state=4096 next_comm=kworker/u12:1 next_pid=46 next_prio=120
   kworker/u12:1-46    [002]    76.366248: sched_wakeup:          comm=kworker/u12:0 pid=5 prio=120 success=1 target_cpu=2
            sshd-1639  [001]    76.366249: sched_switch:          prev_comm=sshd prev_pid=1639 prev_prio=120 prev_state=2 next_comm=swapper/1 next_pid=0 next_prio=120
   kworker/u12:1-46    [002]    76.366250: sched_switch:          prev_comm=kworker/u12:1 prev_pid=46 prev_prio=120 prev_state=4096 next_comm=kworker/u12:0 next_pid=5 next_prio=120
   kworker/u12:0-5     [002]    76.366253: sched_switch:          prev_comm=kworker/u12:0 prev_pid=5 prev_prio=120 prev_state=1 next_comm=kworker/u12:1 next_pid=46 next_prio=120
   kworker/u12:1-46    [002]    76.366258: sched_switch:          prev_comm=kworker/u12:1 prev_pid=46 prev_prio=120 prev_state=1 next_comm=sh next_pid=1642 next_prio=120
          <idle>-0     [001]    76.366264: sched_wakeup:          comm=sshd pid=1639 prio=120 success=1 target_cpu=1
          <idle>-0     [001]    76.366268: sched_switch:          prev_comm=swapper/1 prev_pid=0 prev_prio=120 prev_state=0 next_comm=sshd next_pid=1639 next_prio=120
              sh-1642  [002]    76.366273: sched_wakeup:          comm=kworker/u12:1 pid=46 prio=120 success=1 target_cpu=2
              sh-1642  [002]    76.366276: sched_switch:          prev_comm=sh prev_pid=1642 prev_prio=120 prev_state=4096 next_comm=kworker/u12:1 next_pid=46 next_prio=120
   kworker/u12:1-46    [002]    76.366281: sched_switch:          prev_comm=kworker/u12:1 prev_pid=46 prev_prio=120 prev_state=1 next_comm=sh next_pid=1642 next_prio=120
              sh-1642  [002]    76.366297: sched_wakeup:          comm=kworker/u12:1 pid=46 prio=120 success=1 target_cpu=2
              sh-1642  [002]    76.366300: sched_switch:          prev_comm=sh prev_pid=1642 prev_prio=120 prev_state=4096 next_comm=kworker/u12:1 next_pid=46 next_prio=120
   kworker/u12:1-46    [002]    76.366304: sched_switch:          prev_comm=kworker/u12:1 prev_pid=46 prev_prio=120 prev_state=1 next_comm=sh next_pid=1642 next_prio=120
              sh-1642  [002]    76.366320: sched_wakeup:          comm=kworker/u12:1 pid=46 prio=120 success=1 target_cpu=2
              sh-1642  [002]    76.366322: sched_switch:          prev_comm=sh prev_pid=1642 prev_prio=120 prev_state=4096 next_comm=kworker/u12:1 next_pid=46 next_prio=120
   kworker/u12:1-46    [002]    76.366327: sched_switch:          prev_comm=kworker/u12:1 prev_pid=46 prev_prio=120 prev_state=1 next_comm=sh next_pid=1642 next_prio=120
              sh-1642  [002]    76.366343: sched_wakeup:          comm=kworker/u12:1 pid=46 prio=120 success=1 target_cpu=2
              sh-1642  [002]    76.366346: sched_switch:          prev_comm=sh prev_pid=1642 prev_prio=120 prev_state=4096 next_comm=kworker/u12:1 next_pid=46 next_prio=120
   kworker/u12:1-46    [002]    76.366350: sched_switch:          prev_comm=kworker/u12:1 prev_pid=46 prev_prio=120 prev_state=1 next_comm=sh next_pid=1642 next_prio=120
              sh-1642  [002]    76.366366: sched_wakeup:          comm=kworker/u12:1 pid=46 prio=120 success=1 target_cpu=2
              sh-1642  [002]    76.366369: sched_switch:          prev_comm=sh prev_pid=1642 prev_prio=120 prev_state=4096 next_comm=kworker/u12:1 next_pid=46 next_prio=120
   kworker/u12:1-46    [002]    76.366373: sched_switch:          prev_comm=kworker/u12:1 prev_pid=46 prev_prio=120 prev_state=1 next_comm=sh next_pid=1642 next_prio=120
              sh-1642  [002]    76.366389: sched_wakeup:          comm=kworker/u12:1 pid=46 prio=120 success=1 target_cpu=2
              sh-1642  [002]    76.366392: sched_switch:          prev_comm=sh prev_pid=1642 prev_prio=120 prev_state=4096 next_comm=kworker/u12:1 next_pid=46 next_prio=120
   kworker/u12:1-46    [002]    76.366397: sched_switch:          prev_comm=kworker/u12:1 prev_pid=46 prev_prio=120 prev_state=1 next_comm=sh next_pid=1642 next_prio=120
              sh-1642  [002]    76.366412: sched_wakeup:          comm=kworker/u12:1 pid=46 prio=120 success=1 target_cpu=2
              sh-1642  [002]    76.366415: sched_switch:          prev_comm=sh prev_pid=1642 prev_prio=120 prev_state=4096 next_comm=kworker/u12:1 next_pid=46 next_prio=120
   kworker/u12:1-46    [002]    76.366420: sched_switch:          prev_comm=kworker/u12:1 prev_pid=46 prev_prio=120 prev_state=1 next_comm=sh next_pid=1642 next_prio=120
              sh-1642  [002]    76.366435: sched_wakeup:          comm=kworker/u12:1 pid=46 prio=120 success=1 target_cpu=2
              sh-1642  [002]    76.366438: sched_switch:          prev_comm=sh prev_pid=1642 prev_prio=120 prev_state=4096 next_comm=kworker/u12:1 next_pid=46 next_prio=120
   kworker/u12:1-46    [002]    76.366443: sched_switch:          prev_comm=kworker/u12:1 prev_pid=46 prev_prio=120 prev_state=1 next_comm=sh next_pid=1642 next_prio=120
              sh-1642  [002]    76.366459: sched_wakeup:          comm=kworker/u12:1 pid=46 prio=120 success=1 target_cpu=2
              sh-1642  [002]    76.366462: sched_switch:          prev_comm=sh prev_pid=1642 prev_prio=120 prev_state=4096 next_comm=kworker/u12:1 next_pid=46 next_prio=120
   kworker/u12:1-46    [002]    76.366466: sched_switch:          prev_comm=kworker/u12:1 prev_pid=46 prev_prio=120 prev_state=1 next_comm=sh next_pid=1642 next_prio=120
              sh-1642  [002]    76.366482: sched_wakeup:          comm=kworker/u12:1 pid=46 prio=120 success=1 target_cpu=2
              sh-1642  [002]    76.366485: sched_switch:          prev_comm=sh prev_pid=1642 prev_prio=120 prev_state=4096 next_comm=kworker/u12:1 next_pid=46 next_prio=120
   kworker/u12:1-46    [002]    76.366490: sched_switch:          prev_comm=kworker/u12:1 prev_pid=46 prev_prio=120 prev_state=1 next_comm=sh next_pid=1642 next_prio=120
              sh-1642  [002]    76.366506: sched_wakeup:          comm=kworker/u12:1 pid=46 prio=120 success=1 target_cpu=2
              sh-1642  [002]    76.366509: sched_switch:          prev_comm=sh prev_pid=1642 prev_prio=120 prev_state=4096 next_comm=kworker/u12:1 next_pid=46 next_prio=120
   kworker/u12:1-46    [002]    76.366513: sched_switch:          prev_comm=kworker/u12:1 prev_pid=46 prev_prio=120 prev_state=1 next_comm=sh next_pid=1642 next_prio=120
              sh-1642  [002]    76.366529: sched_wakeup:          comm=kworker/u12:1 pid=46 prio=120 success=1 target_cpu=2
              sh-1642  [002]    76.366532: sched_switch:          prev_comm=sh prev_pid=1642 prev_prio=120 prev_state=4096 next_comm=kworker/u12:1 next_pid=46 next_prio=120
   kworker/u12:1-46    [002]    76.366537: sched_switch:          prev_comm=kworker/u12:1 prev_pid=46 prev_prio=120 prev_state=1 next_comm=sh next_pid=1642 next_prio=120
              sh-1642  [002]    76.366553: sched_wakeup:          comm=kworker/u12:1 pid=46 prio=120 success=1 target_cpu=2
              sh-1642  [002]    76.366555: sched_switch:          prev_comm=sh prev_pid=1642 prev_prio=120 prev_state=4096 next_comm=kworker/u12:1 next_pid=46 next_prio=120
   kworker/u12:1-46    [002]    76.366560: sched_switch:          prev_comm=kworker/u12:1 prev_pid=46 prev_prio=120 prev_state=1 next_comm=sh next_pid=1642 next_prio=120
              sh-1642  [002]    76.366577: sched_wakeup:          comm=kworker/u12:1 pid=46 prio=120 success=1 target_cpu=2
              sh-1642  [002]    76.366580: sched_switch:          prev_comm=sh prev_pid=1642 prev_prio=120 prev_state=4096 next_comm=kworker/u12:1 next_pid=46 next_prio=120
   kworker/u12:1-46    [002]    76.366585: sched_switch:          prev_comm=kworker/u12:1 prev_pid=46 prev_prio=120 prev_state=1 next_comm=sh next_pid=1642 next_prio=120
              sh-1642  [002]    76.366602: sched_wakeup:          comm=kworker/u12:1 pid=46 prio=120 success=1 target_cpu=2
              sh-1642  [002]    76.366605: sched_switch:          prev_comm=sh prev_pid=1642 prev_prio=120 prev_state=4096 next_comm=kworker/u12:1 next_pid=46 next_prio=120
   kworker/u12:1-46    [002]    76.366609: sched_switch:          prev_comm=kworker/u12:1 prev_pid=46 prev_prio=120 prev_state=1 next_comm=sh next_pid=1642 next_prio=120
              sh-1642  [002]    76.366625: sched_wakeup:          comm=kworker/u12:1 pid=46 prio=120 success=1 target_cpu=2
              sh-1642  [002]    76.366628: sched_switch:          prev_comm=sh prev_pid=1642 prev_prio=120 prev_state=4096 next_comm=kworker/u12:1 next_pid=46 next_prio=120
            sshd-1639  [001]    76.366630: sched_switch:          prev_comm=sshd prev_pid=1639 prev_prio=120 prev_state=2 next_comm=swapper/1 next_pid=0 next_prio=120
   kworker/u12:1-46    [002]    76.366635: sched_switch:          prev_comm=kworker/u12:1 prev_pid=46 prev_prio=120 prev_state=1 next_comm=sh next_pid=1642 next_prio=120
          <idle>-0     [001]    76.366637: sched_wakeup:          comm=sshd pid=1639 prio=120 success=1 target_cpu=1
          <idle>-0     [001]    76.366641: sched_switch:          prev_comm=swapper/1 prev_pid=0 prev_prio=120 prev_state=0 next_comm=sshd next_pid=1639 next_prio=120
              sh-1642  [002]    76.366652: sched_wakeup:          comm=kworker/u12:1 pid=46 prio=120 success=1 target_cpu=2
              sh-1642  [002]    76.366655: sched_switch:          prev_comm=sh prev_pid=1642 prev_prio=120 prev_state=4096 next_comm=kworker/u12:1 next_pid=46 next_prio=120
   kworker/u12:1-46    [002]    76.366660: sched_switch:          prev_comm=kworker/u12:1 prev_pid=46 prev_prio=120 prev_state=1 next_comm=sh next_pid=1642 next_prio=120
              sh-1642  [002]    76.366676: sched_wakeup:          comm=kworker/u12:1 pid=46 prio=120 success=1 target_cpu=2
              sh-1642  [002]    76.366679: sched_switch:          prev_comm=sh prev_pid=1642 prev_prio=120 prev_state=4096 next_comm=kworker/u12:1 next_pid=46 next_prio=120
   kworker/u12:1-46    [002]    76.366683: sched_switch:          prev_comm=kworker/u12:1 prev_pid=46 prev_prio=120 prev_state=1 next_comm=sh next_pid=1642 next_prio=120
              sh-1642  [002]    76.366700: sched_wakeup:          comm=kworker/u12:1 pid=46 prio=120 success=1 target_cpu=2
              sh-1642  [002]    76.366702: sched_switch:          prev_comm=sh prev_pid=1642 prev_prio=120 prev_state=4096 next_comm=kworker/u12:1 next_pid=46 next_prio=120
   kworker/u12:1-46    [002]    76.366707: sched_switch:          prev_comm=kworker/u12:1 prev_pid=46 prev_prio=120 prev_state=1 next_comm=sh next_pid=1642 next_prio=120
              sh-1642  [002]    76.366717: sched_wakeup:          comm=kworker/u12:1 pid=46 prio=120 success=1 target_cpu=2
              sh-1642  [002]    76.366720: sched_switch:          prev_comm=sh prev_pid=1642 prev_prio=120 prev_state=4096 next_comm=kworker/u12:1 next_pid=46 next_prio=120
   kworker/u12:1-46    [002]    76.366725: sched_switch:          prev_comm=kworker/u12:1 prev_pid=46 prev_prio=120 prev_state=1 next_comm=sh next_pid=1642 next_prio=120
            sshd-1639  [001]    76.366859: sched_switch:          prev_comm=sshd prev_pid=1639 prev_prio=120 prev_state=1 next_comm=swapper/1 next_pid=0 next_prio=120
              sh-1642  [002]    76.367473: sched_switch:          prev_comm=sh prev_pid=1642 prev_prio=120 prev_state=1 next_comm=swapper/2 next_pid=0 next_prio=120
          <idle>-0     [005]    76.367495: sched_switch:          prev_comm=swapper/5 prev_pid=0 prev_prio=120 prev_state=0 next_comm=sh next_pid=1702 next_prio=120
              sh-1702  [005]    76.368433: print:                0xffff00000819ff24s: TRACE_MARKER_START
              sh-1702  [005]    76.369612: sched_switch:          prev_comm=sh prev_pid=1702 prev_prio=120 prev_state=64 next_comm=swapper/5 next_pid=0 next_prio=120
          <idle>-0     [002]    76.369712: sched_wakeup:          comm=sh pid=1642 prio=120 success=1 target_cpu=2
          <idle>-0     [002]    76.369723: sched_switch:          prev_comm=swapper/2 prev_pid=0 prev_prio=120 prev_state=0 next_comm=sh next_pid=1642 next_prio=120
              sh-1642  [002]    76.369870: sched_wakeup:          comm=kworker/u12:1 pid=46 prio=120 success=1 target_cpu=2
              sh-1642  [002]    76.369875: sched_switch:          prev_comm=sh prev_pid=1642 prev_prio=120 prev_state=4096 next_comm=kworker/u12:1 next_pid=46 next_prio=120
   kworker/u12:1-46    [002]    76.369890: sched_switch:          prev_comm=kworker/u12:1 prev_pid=46 prev_prio=120 prev_state=1 next_comm=sh next_pid=1642 next_prio=120
              sh-1642  [002]    76.369924: sched_wakeup:          comm=kworker/u12:1 pid=46 prio=120 success=1 target_cpu=2
              sh-1642  [002]    76.369928: sched_switch:          prev_comm=sh prev_pid=1642 prev_prio=120 prev_state=4096 next_comm=kworker/u12:1 next_pid=46 next_prio=120
   kworker/u12:1-46    [002]    76.369934: sched_switch:          prev_comm=kworker/u12:1 prev_pid=46 prev_prio=120 prev_state=1 next_comm=sh next_pid=1642 next_prio=120
          <idle>-0     [001]    76.369967: sched_wakeup:          comm=sshd pid=1639 prio=120 success=1 target_cpu=1
          <idle>-0     [001]    76.369974: sched_switch:          prev_comm=swapper/1 prev_pid=0 prev_prio=120 prev_state=0 next_comm=sshd next_pid=1639 next_prio=120
              sh-1642  [002]    76.370023: sched_wakeup:          comm=kworker/u12:1 pid=46 prio=120 success=1 target_cpu=2
              sh-1642  [002]    76.370027: sched_switch:          prev_comm=sh prev_pid=1642 prev_prio=120 prev_state=4096 next_comm=kworker/u12:1 next_pid=46 next_prio=120
   kworker/u12:1-46    [002]    76.370033: sched_switch:          prev_comm=kworker/u12:1 prev_pid=46 prev_prio=120 prev_state=1 next_comm=sh next_pid=1642 next_prio=120
              sh-1642  [002]    76.370067: sched_wakeup:          comm=rcu_preempt pid=8 prio=120 success=1 target_cpu=2
          <idle>-0     [005]    76.370069: sched_wakeup:          comm=kworker/5:1 pid=1153 prio=120 success=1 target_cpu=5
              sh-1642  [002]    76.370072: sched_switch:          prev_comm=sh prev_pid=1642 prev_prio=120 prev_state=4096 next_comm=rcu_preempt next_pid=8 next_prio=120
          <idle>-0     [005]    76.370084: sched_switch:          prev_comm=swapper/5 prev_pid=0 prev_prio=120 prev_state=0 next_comm=kworker/5:1 next_pid=1153 next_prio=120
     rcu_preempt-8     [002]    76.370085: sched_switch:          prev_comm=rcu_preempt prev_pid=8 prev_prio=120 prev_state=1 next_comm=sh next_pid=1642 next_prio=120
              sh-1642  [002]    76.370095: sched_switch:          prev_comm=sh prev_pid=1642 prev_prio=120 prev_state=1 next_comm=swapper/2 next_pid=0 next_prio=120
     kworker/5:1-1153  [005]    76.370105: sched_switch:          prev_comm=kworker/5:1 prev_pid=1153 prev_prio=120 prev_state=1 next_comm=swapper/5 next_pid=0 next_prio=120
            sshd-1639  [001]    76.370159: sched_switch:          prev_comm=sshd prev_pid=1639 prev_prio=120 prev_state=1 next_comm=swapper/1 next_pid=0 next_prio=120
          <idle>-0     [002]    76.378048: sched_wakeup:          comm=rcu_preempt pid=8 prio=120 success=1 target_cpu=2
          <idle>-0     [002]    76.378055: sched_switch:          prev_comm=swapper/2 prev_pid=0 prev_prio=120 prev_state=0 next_comm=rcu_preempt next_pid=8 next_prio=120
     rcu_preempt-8     [002]    76.378067: sched_switch:          prev_comm=rcu_preempt prev_pid=8 prev_prio=120 prev_state=1 next_comm=swapper/2 next_pid=0 next_prio=120
          <idle>-0     [002]    76.386047: sched_wakeup:          comm=rcu_preempt pid=8 prio=120 success=1 target_cpu=2
          <idle>-0     [002]    76.386054: sched_switch:          prev_comm=swapper/2 prev_pid=0 prev_prio=120 prev_state=0 next_comm=rcu_preempt next_pid=8 next_prio=120
     rcu_preempt-8     [002]    76.386065: sched_switch:          prev_comm=rcu_preempt prev_pid=8 prev_prio=120 prev_state=1 next_comm=swapper/2 next_pid=0 next_prio=120
          <idle>-0     [005]    76.390161: sched_wakeup:          comm=watchdog/5 pid=39 prio=0 success=1 target_cpu=5
          <idle>-0     [005]    76.390185: sched_switch:          prev_comm=swapper/5 prev_pid=0 prev_prio=120 prev_state=0 next_comm=watchdog/5 next_pid=39 next_prio=0
      watchdog/5-39    [005]    76.390200: sched_switch:          prev_comm=watchdog/5 prev_pid=39 prev_prio=0 prev_state=1 next_comm=swapper/5 next_pid=0 next_prio=120
          <idle>-0     [002]    76.394047: sched_wakeup:          comm=rcu_preempt pid=8 prio=120 success=1 target_cpu=2
          <idle>-0     [002]    76.394053: sched_switch:          prev_comm=swapper/2 prev_pid=0 prev_prio=120 prev_state=0 next_comm=rcu_preempt next_pid=8 next_prio=120
     rcu_preempt-8     [002]    76.394062: sched_switch:          prev_comm=rcu_preempt prev_pid=8 prev_prio=120 prev_state=1 next_comm=swapper/2 next_pid=0 next_prio=120
          <idle>-0     [002]    76.402047: sched_wakeup:          comm=rcu_preempt pid=8 prio=120 success=1 target_cpu=2
          <idle>-0     [002]    76.402053: sched_switch:          prev_comm=swapper/2 prev_pid=0 prev_prio=120 prev_state=0 next_comm=rcu_preempt next_pid=8 next_prio=120
     rcu_preempt-8     [002]    76.402060: sched_switch:          prev_comm=rcu_preempt prev_pid=8 prev_prio=120 prev_state=1 next_comm=swapper/2 next_pid=0 next_prio=120
          <idle>-0     [001]    76.402065: sched_overutilized:    overutilized=1
          <idle>-0     [002]    76.521978: sched_wakeup:          comm=sshd pid=1639 prio=120 success=1 target_cpu=2
          <idle>-0     [002]    76.521983: sched_switch:          prev_comm=swapper/2 prev_pid=0 prev_prio=120 prev_state=0 next_comm=sshd next_pid=1639 next_prio=120
            sshd-1639  [002]    76.522040: sched_wakeup:          comm=kworker/u12:1 pid=46 prio=120 success=1 target_cpu=2
            sshd-1639  [002]    76.522070: sched_switch:          prev_comm=sshd prev_pid=1639 prev_prio=120 prev_state=1 next_comm=kworker/u12:1 next_pid=46 next_prio=120
   kworker/u12:1-46    [002]    76.522078: sched_wakeup:          comm=sh pid=1642 prio=120 success=1 target_cpu=2
   kworker/u12:1-46    [002]    76.522082: sched_switch:          prev_comm=kworker/u12:1 prev_pid=46 prev_prio=120 prev_state=1 next_comm=sh next_pid=1642 next_prio=120
              sh-1642  [002]    76.522098: sched_wakeup:          comm=kworker/u12:1 pid=46 prio=120 success=1 target_cpu=2
              sh-1642  [002]    76.522102: sched_switch:          prev_comm=sh prev_pid=1642 prev_prio=120 prev_state=4096 next_comm=kworker/u12:1 next_pid=46 next_prio=120
   kworker/u12:1-46    [002]    76.522107: sched_wakeup:          comm=sshd pid=1639 prio=120 success=1 target_cpu=2
   kworker/u12:1-46    [002]    76.522109: sched_switch:          prev_comm=kworker/u12:1 prev_pid=46 prev_prio=120 prev_state=4096 next_comm=sshd next_pid=1639 next_prio=120
            sshd-1639  [002]    76.522136: sched_wakeup:          comm=kworker/u12:0 pid=5 prio=120 success=1 target_cpu=2
            sshd-1639  [002]    76.522141: sched_switch:          prev_comm=sshd prev_pid=1639 prev_prio=120 prev_state=2 next_comm=kworker/u12:0 next_pid=5 next_prio=120
   kworker/u12:0-5     [002]    76.522145: sched_switch:          prev_comm=kworker/u12:0 prev_pid=5 prev_prio=120 prev_state=1 next_comm=kworker/u12:1 next_pid=46 next_prio=120
   kworker/u12:1-46    [002]    76.522150: sched_wakeup:          comm=sshd pid=1639 prio=120 success=1 target_cpu=2
   kworker/u12:1-46    [002]    76.522153: sched_switch:          prev_comm=kworker/u12:1 prev_pid=46 prev_prio=120 prev_state=4096 next_comm=sshd next_pid=1639 next_prio=120
            sshd-1639  [002]    76.522200: sched_switch:          prev_comm=sshd prev_pid=1639 prev_prio=120 prev_state=1 next_comm=kworker/u12:1 next_pid=46 next_prio=120
   kworker/u12:1-46    [002]    76.522204: sched_switch:          prev_comm=kworker/u12:1 prev_pid=46 prev_prio=120 prev_state=1 next_comm=sh next_pid=1642 next_prio=120
              sh-1642  [002]    76.522220: sched_wakeup:          comm=kworker/u12:1 pid=46 prio=120 success=1 target_cpu=2
              sh-1642  [002]    76.522224: sched_switch:          prev_comm=sh prev_pid=1642 prev_prio=120 prev_state=4096 next_comm=kworker/u12:1 next_pid=46 next_prio=120
   kworker/u12:1-46    [002]    76.522229: sched_wakeup:          comm=sshd pid=1639 prio=120 success=1 target_cpu=2
   kworker/u12:1-46    [002]    76.522232: sched_switch:          prev_comm=kworker/u12:1 prev_pid=46 prev_prio=120 prev_state=4096 next_comm=sshd next_pid=1639 next_prio=120
            sshd-1639  [002]    76.522258: sched_wakeup:          comm=kworker/u12:0 pid=5 prio=120 success=1 target_cpu=2
            sshd-1639  [002]    76.522262: sched_switch:          prev_comm=sshd prev_pid=1639 prev_prio=120 prev_state=2 next_comm=kworker/u12:0 next_pid=5 next_prio=120
   kworker/u12:0-5     [002]    76.522265: sched_switch:          prev_comm=kworker/u12:0 prev_pid=5 prev_prio=120 prev_state=1 next_comm=kworker/u12:1 next_pid=46 next_prio=120
   kworker/u12:1-46    [002]    76.522270: sched_wakeup:          comm=sshd pid=1639 prio=120 success=1 target_cpu=2
   kworker/u12:1-46    [002]    76.522272: sched_switch:          prev_comm=kworker/u12:1 prev_pid=46 prev_prio=120 prev_state=4096 next_comm=sshd next_pid=1639 next_prio=120
            sshd-1639  [002]    76.522307: sched_switch:          prev_comm=sshd prev_pid=1639 prev_prio=120 prev_state=1 next_comm=kworker/u12:1 next_pid=46 next_prio=120
   kworker/u12:1-46    [002]    76.522311: sched_switch:          prev_comm=kworker/u12:1 prev_pid=46 prev_prio=120 prev_state=1 next_comm=sh next_pid=1642 next_prio=120
              sh-1642  [002]    76.522327: sched_wakeup:          comm=kworker/u12:1 pid=46 prio=120 success=1 target_cpu=2
              sh-1642  [002]    76.522330: sched_switch:          prev_comm=sh prev_pid=1642 prev_prio=120 prev_state=4096 next_comm=kworker/u12:1 next_pid=46 next_prio=120
   kworker/u12:1-46    [002]    76.522335: sched_wakeup:          comm=sshd pid=1639 prio=120 success=1 target_cpu=2
   kworker/u12:1-46    [002]    76.522337: sched_switch:          prev_comm=kworker/u12:1 prev_pid=46 prev_prio=120 prev_state=4096 next_comm=sshd next_pid=1639 next_prio=120
            sshd-1639  [002]    76.522362: sched_wakeup:          comm=kworker/u12:0 pid=5 prio=120 success=1 target_cpu=2
            sshd-1639  [002]    76.522366: sched_switch:          prev_comm=sshd prev_pid=1639 prev_prio=120 prev_state=2 next_comm=kworker/u12:0 next_pid=5 next_prio=120
   kworker/u12:0-5     [002]    76.522369: sched_switch:          prev_comm=kworker/u12:0 prev_pid=5 prev_prio=120 prev_state=1 next_comm=kworker/u12:1 next_pid=46 next_prio=120
   kworker/u12:1-46    [002]    76.522373: sched_wakeup:          comm=sshd pid=1639 prio=120 success=1 target_cpu=2
   kworker/u12:1-46    [002]    76.522375: sched_switch:          prev_comm=kworker/u12:1 prev_pid=46 prev_prio=120 prev_state=4096 next_comm=sshd next_pid=1639 next_prio=120
            sshd-1639  [002]    76.522394: sched_switch:          prev_comm=sshd prev_pid=1639 prev_prio=120 prev_state=1 next_comm=kworker/u12:1 next_pid=46 next_prio=120
   kworker/u12:1-46    [002]    76.522397: sched_switch:          prev_comm=kworker/u12:1 prev_pid=46 prev_prio=120 prev_state=1 next_comm=sh next_pid=1642 next_prio=120
              sh-1642  [002]    76.522412: sched_wakeup:          comm=kworker/u12:1 pid=46 prio=120 success=1 target_cpu=2
              sh-1642  [002]    76.522415: sched_switch:          prev_comm=sh prev_pid=1642 prev_prio=120 prev_state=4096 next_comm=kworker/u12:1 next_pid=46 next_prio=120
   kworker/u12:1-46    [002]    76.522420: sched_wakeup:          comm=sshd pid=1639 prio=120 success=1 target_cpu=2
   kworker/u12:1-46    [002]    76.522423: sched_switch:          prev_comm=kworker/u12:1 prev_pid=46 prev_prio=120 prev_state=4096 next_comm=sshd next_pid=1639 next_prio=120
            sshd-1639  [002]    76.522447: sched_wakeup:          comm=kworker/u12:0 pid=5 prio=120 success=1 target_cpu=2
            sshd-1639  [002]    76.522451: sched_switch:          prev_comm=sshd prev_pid=1639 prev_prio=120 prev_state=2 next_comm=kworker/u12:0 next_pid=5 next_prio=120
   kworker/u12:0-5     [002]    76.522454: sched_switch:          prev_comm=kworker/u12:0 prev_pid=5 prev_prio=120 prev_state=1 next_comm=kworker/u12:1 next_pid=46 next_prio=120
   kworker/u12:1-46    [002]    76.522458: sched_wakeup:          comm=sshd pid=1639 prio=120 success=1 target_cpu=2
   kworker/u12:1-46    [002]    76.522460: sched_switch:          prev_comm=kworker/u12:1 prev_pid=46 prev_prio=120 prev_state=4096 next_comm=sshd next_pid=1639 next_prio=120
            sshd-1639  [002]    76.522479: sched_switch:          prev_comm=sshd prev_pid=1639 prev_prio=120 prev_state=1 next_comm=kworker/u12:1 next_pid=46 next_prio=120
   kworker/u12:1-46    [002]    76.522482: sched_switch:          prev_comm=kworker/u12:1 prev_pid=46 prev_prio=120 prev_state=1 next_comm=sh next_pid=1642 next_prio=120
              sh-1642  [002]    76.522497: sched_wakeup:          comm=kworker/u12:1 pid=46 prio=120 success=1 target_cpu=2
              sh-1642  [002]    76.522500: sched_switch:          prev_comm=sh prev_pid=1642 prev_prio=120 prev_state=4096 next_comm=kworker/u12:1 next_pid=46 next_prio=120
   kworker/u12:1-46    [002]    76.522505: sched_wakeup:          comm=sshd pid=1639 prio=120 success=1 target_cpu=2
   kworker/u12:1-46    [002]    76.522507: sched_switch:          prev_comm=kworker/u12:1 prev_pid=46 prev_prio=120 prev_state=4096 next_comm=sshd next_pid=1639 next_prio=120
            sshd-1639  [002]    76.522531: sched_wakeup:          comm=kworker/u12:0 pid=5 prio=120 success=1 target_cpu=2
            sshd-1639  [002]    76.522535: sched_switch:          prev_comm=sshd prev_pid=1639 prev_prio=120 prev_state=2 next_comm=kworker/u12:0 next_pid=5 next_prio=120
   kworker/u12:0-5     [002]    76.522537: sched_switch:          prev_comm=kworker/u12:0 prev_pid=5 prev_prio=120 prev_state=1 next_comm=kworker/u12:1 next_pid=46 next_prio=120
   kworker/u12:1-46    [002]    76.522542: sched_wakeup:          comm=sshd pid=1639 prio=120 success=1 target_cpu=2
   kworker/u12:1-46    [002]    76.522544: sched_switch:          prev_comm=kworker/u12:1 prev_pid=46 prev_prio=120 prev_state=4096 next_comm=sshd next_pid=1639 next_prio=120
            sshd-1639  [002]    76.522563: sched_switch:          prev_comm=sshd prev_pid=1639 prev_prio=120 prev_state=1 next_comm=kworker/u12:1 next_pid=46 next_prio=120
   kworker/u12:1-46    [002]    76.522566: sched_switch:          prev_comm=kworker/u12:1 prev_pid=46 prev_prio=120 prev_state=1 next_comm=sh next_pid=1642 next_prio=120
              sh-1642  [002]    76.522580: sched_wakeup:          comm=kworker/u12:1 pid=46 prio=120 success=1 target_cpu=2
              sh-1642  [002]    76.522584: sched_switch:          prev_comm=sh prev_pid=1642 prev_prio=120 prev_state=4096 next_comm=kworker/u12:1 next_pid=46 next_prio=120
   kworker/u12:1-46    [002]    76.522588: sched_wakeup:          comm=sshd pid=1639 prio=120 success=1 target_cpu=2
   kworker/u12:1-46    [002]    76.522590: sched_switch:          prev_comm=kworker/u12:1 prev_pid=46 prev_prio=120 prev_state=4096 next_comm=sshd next_pid=1639 next_prio=120
            sshd-1639  [002]    76.522614: sched_wakeup:          comm=kworker/u12:0 pid=5 prio=120 success=1 target_cpu=2
            sshd-1639  [002]    76.522618: sched_switch:          prev_comm=sshd prev_pid=1639 prev_prio=120 prev_state=2 next_comm=kworker/u12:0 next_pid=5 next_prio=120
   kworker/u12:0-5     [002]    76.522621: sched_switch:          prev_comm=kworker/u12:0 prev_pid=5 prev_prio=120 prev_state=1 next_comm=kworker/u12:1 next_pid=46 next_prio=120
   kworker/u12:1-46    [002]    76.522625: sched_wakeup:          comm=sshd pid=1639 prio=120 success=1 target_cpu=2
   kworker/u12:1-46    [002]    76.522627: sched_switch:          prev_comm=kworker/u12:1 prev_pid=46 prev_prio=120 prev_state=4096 next_comm=sshd next_pid=1639 next_prio=120
            sshd-1639  [002]    76.522646: sched_switch:          prev_comm=sshd prev_pid=1639 prev_prio=120 prev_state=1 next_comm=kworker/u12:1 next_pid=46 next_prio=120
   kworker/u12:1-46    [002]    76.522650: sched_switch:          prev_comm=kworker/u12:1 prev_pid=46 prev_prio=120 prev_state=1 next_comm=sh next_pid=1642 next_prio=120
              sh-1642  [002]    76.522665: sched_wakeup:          comm=kworker/u12:1 pid=46 prio=120 success=1 target_cpu=2
              sh-1642  [002]    76.522668: sched_switch:          prev_comm=sh prev_pid=1642 prev_prio=120 prev_state=4096 next_comm=kworker/u12:1 next_pid=46 next_prio=120
   kworker/u12:1-46    [002]    76.522672: sched_wakeup:          comm=sshd pid=1639 prio=120 success=1 target_cpu=2
   kworker/u12:1-46    [002]    76.522674: sched_switch:          prev_comm=kworker/u12:1 prev_pid=46 prev_prio=120 prev_state=4096 next_comm=sshd next_pid=1639 next_prio=120
            sshd-1639  [002]    76.522699: sched_wakeup:          comm=kworker/u12:0 pid=5 prio=120 success=1 target_cpu=2
            sshd-1639  [002]    76.522703: sched_switch:          prev_comm=sshd prev_pid=1639 prev_prio=120 prev_state=2 next_comm=kworker/u12:0 next_pid=5 next_prio=120
   kworker/u12:0-5     [002]    76.522705: sched_switch:          prev_comm=kworker/u12:0 prev_pid=5 prev_prio=120 prev_state=1 next_comm=kworker/u12:1 next_pid=46 next_prio=120
   kworker/u12:1-46    [002]    76.522710: sched_wakeup:          comm=sshd pid=1639 prio=120 success=1 target_cpu=2
   kworker/u12:1-46    [002]    76.522712: sched_switch:          prev_comm=kworker/u12:1 prev_pid=46 prev_prio=120 prev_state=4096 next_comm=sshd next_pid=1639 next_prio=120
            sshd-1639  [002]    76.522745: sched_switch:          prev_comm=sshd prev_pid=1639 prev_prio=120 prev_state=1 next_comm=kworker/u12:1 next_pid=46 next_prio=120
   kworker/u12:1-46    [002]    76.522748: sched_switch:          prev_comm=kworker/u12:1 prev_pid=46 prev_prio=120 prev_state=1 next_comm=sh next_pid=1642 next_prio=120
              sh-1642  [002]    76.522764: sched_wakeup:          comm=kworker/u12:1 pid=46 prio=120 success=1 target_cpu=2
              sh-1642  [002]    76.522767: sched_switch:          prev_comm=sh prev_pid=1642 prev_prio=120 prev_state=4096 next_comm=kworker/u12:1 next_pid=46 next_prio=120
   kworker/u12:1-46    [002]    76.522772: sched_wakeup:          comm=sshd pid=1639 prio=120 success=1 target_cpu=2
   kworker/u12:1-46    [002]    76.522774: sched_switch:          prev_comm=kworker/u12:1 prev_pid=46 prev_prio=120 prev_state=4096 next_comm=sshd next_pid=1639 next_prio=120
            sshd-1639  [002]    76.522798: sched_wakeup:          comm=kworker/u12:0 pid=5 prio=120 success=1 target_cpu=2
            sshd-1639  [002]    76.522803: sched_switch:          prev_comm=sshd prev_pid=1639 prev_prio=120 prev_state=2 next_comm=kworker/u12:0 next_pid=5 next_prio=120
   kworker/u12:0-5     [002]    76.522806: sched_switch:          prev_comm=kworker/u12:0 prev_pid=5 prev_prio=120 prev_state=1 next_comm=kworker/u12:1 next_pid=46 next_prio=120
   kworker/u12:1-46    [002]    76.522810: sched_wakeup:          comm=sshd pid=1639 prio=120 success=1 target_cpu=2
   kworker/u12:1-46    [002]    76.522812: sched_switch:          prev_comm=kworker/u12:1 prev_pid=46 prev_prio=120 prev_state=4096 next_comm=sshd next_pid=1639 next_prio=120
            sshd-1639  [002]    76.522831: sched_switch:          prev_comm=sshd prev_pid=1639 prev_prio=120 prev_state=1 next_comm=kworker/u12:1 next_pid=46 next_prio=120
   kworker/u12:1-46    [002]    76.522834: sched_switch:          prev_comm=kworker/u12:1 prev_pid=46 prev_prio=120 prev_state=1 next_comm=sh next_pid=1642 next_prio=120
              sh-1642  [002]    76.522849: sched_wakeup:          comm=kworker/u12:1 pid=46 prio=120 success=1 target_cpu=2
              sh-1642  [002]    76.522852: sched_switch:          prev_comm=sh prev_pid=1642 prev_prio=120 prev_state=4096 next_comm=kworker/u12:1 next_pid=46 next_prio=120
   kworker/u12:1-46    [002]    76.522856: sched_wakeup:          comm=sshd pid=1639 prio=120 success=1 target_cpu=2
   kworker/u12:1-46    [002]    76.522859: sched_switch:          prev_comm=kworker/u12:1 prev_pid=46 prev_prio=120 prev_state=4096 next_comm=sshd next_pid=1639 next_prio=120
            sshd-1639  [002]    76.522883: sched_wakeup:          comm=kworker/u12:0 pid=5 prio=120 success=1 target_cpu=2
            sshd-1639  [002]    76.522887: sched_switch:          prev_comm=sshd prev_pid=1639 prev_prio=120 prev_state=2 next_comm=kworker/u12:0 next_pid=5 next_prio=120
   kworker/u12:0-5     [002]    76.522889: sched_switch:          prev_comm=kworker/u12:0 prev_pid=5 prev_prio=120 prev_state=1 next_comm=kworker/u12:1 next_pid=46 next_prio=120
   kworker/u12:1-46    [002]    76.522894: sched_wakeup:          comm=sshd pid=1639 prio=120 success=1 target_cpu=2
   kworker/u12:1-46    [002]    76.522896: sched_switch:          prev_comm=kworker/u12:1 prev_pid=46 prev_prio=120 prev_state=4096 next_comm=sshd next_pid=1639 next_prio=120
            sshd-1639  [002]    76.522914: sched_switch:          prev_comm=sshd prev_pid=1639 prev_prio=120 prev_state=1 next_comm=kworker/u12:1 next_pid=46 next_prio=120
   kworker/u12:1-46    [002]    76.522918: sched_switch:          prev_comm=kworker/u12:1 prev_pid=46 prev_prio=120 prev_state=1 next_comm=sh next_pid=1642 next_prio=120
              sh-1642  [002]    76.522933: sched_wakeup:          comm=kworker/u12:1 pid=46 prio=120 success=1 target_cpu=2
              sh-1642  [002]    76.522936: sched_switch:          prev_comm=sh prev_pid=1642 prev_prio=120 prev_state=4096 next_comm=kworker/u12:1 next_pid=46 next_prio=120
   kworker/u12:1-46    [002]    76.522941: sched_wakeup:          comm=sshd pid=1639 prio=120 success=1 target_cpu=2
   kworker/u12:1-46    [002]    76.522943: sched_switch:          prev_comm=kworker/u12:1 prev_pid=46 prev_prio=120 prev_state=4096 next_comm=sshd next_pid=1639 next_prio=120
            sshd-1639  [002]    76.522967: sched_wakeup:          comm=kworker/u12:0 pid=5 prio=120 success=1 target_cpu=2
            sshd-1639  [002]    76.522971: sched_switch:          prev_comm=sshd prev_pid=1639 prev_prio=120 prev_state=2 next_comm=kworker/u12:0 next_pid=5 next_prio=120
   kworker/u12:0-5     [002]    76.522974: sched_switch:          prev_comm=kworker/u12:0 prev_pid=5 prev_prio=120 prev_state=1 next_comm=kworker/u12:1 next_pid=46 next_prio=120
   kworker/u12:1-46    [002]    76.522978: sched_wakeup:          comm=sshd pid=1639 prio=120 success=1 target_cpu=2
   kworker/u12:1-46    [002]    76.522980: sched_switch:          prev_comm=kworker/u12:1 prev_pid=46 prev_prio=120 prev_state=4096 next_comm=sshd next_pid=1639 next_prio=120
            sshd-1639  [002]    76.522999: sched_switch:          prev_comm=sshd prev_pid=1639 prev_prio=120 prev_state=1 next_comm=kworker/u12:1 next_pid=46 next_prio=120
   kworker/u12:1-46    [002]    76.523003: sched_switch:          prev_comm=kworker/u12:1 prev_pid=46 prev_prio=120 prev_state=1 next_comm=sh next_pid=1642 next_prio=120
              sh-1642  [002]    76.523018: sched_wakeup:          comm=kworker/u12:1 pid=46 prio=120 success=1 target_cpu=2
              sh-1642  [002]    76.523021: sched_switch:          prev_comm=sh prev_pid=1642 prev_prio=120 prev_state=4096 next_comm=kworker/u12:1 next_pid=46 next_prio=120
   kworker/u12:1-46    [002]    76.523025: sched_wakeup:          comm=sshd pid=1639 prio=120 success=1 target_cpu=2
   kworker/u12:1-46    [002]    76.523028: sched_switch:          prev_comm=kworker/u12:1 prev_pid=46 prev_prio=120 prev_state=4096 next_comm=sshd next_pid=1639 next_prio=120
            sshd-1639  [002]    76.523052: sched_wakeup:          comm=kworker/u12:0 pid=5 prio=120 success=1 target_cpu=2
            sshd-1639  [002]    76.523056: sched_switch:          prev_comm=sshd prev_pid=1639 prev_prio=120 prev_state=2 next_comm=kworker/u12:0 next_pid=5 next_prio=120
   kworker/u12:0-5     [002]    76.523059: sched_switch:          prev_comm=kworker/u12:0 prev_pid=5 prev_prio=120 prev_state=1 next_comm=kworker/u12:1 next_pid=46 next_prio=120
   kworker/u12:1-46    [002]    76.523063: sched_wakeup:          comm=sshd pid=1639 prio=120 success=1 target_cpu=2
   kworker/u12:1-46    [002]    76.523066: sched_switch:          prev_comm=kworker/u12:1 prev_pid=46 prev_prio=120 prev_state=4096 next_comm=sshd next_pid=1639 next_prio=120
            sshd-1639  [002]    76.523084: sched_switch:          prev_comm=sshd prev_pid=1639 prev_prio=120 prev_state=1 next_comm=kworker/u12:1 next_pid=46 next_prio=120
   kworker/u12:1-46    [002]    76.523087: sched_switch:          prev_comm=kworker/u12:1 prev_pid=46 prev_prio=120 prev_state=1 next_comm=sh next_pid=1642 next_prio=120
              sh-1642  [002]    76.523103: sched_wakeup:          comm=kworker/u12:1 pid=46 prio=120 success=1 target_cpu=2
              sh-1642  [002]    76.523106: sched_switch:          prev_comm=sh prev_pid=1642 prev_prio=120 prev_state=4096 next_comm=kworker/u12:1 next_pid=46 next_prio=120
   kworker/u12:1-46    [002]    76.523111: sched_wakeup:          comm=sshd pid=1639 prio=120 success=1 target_cpu=2
   kworker/u12:1-46    [002]    76.523113: sched_switch:          prev_comm=kworker/u12:1 prev_pid=46 prev_prio=120 prev_state=4096 next_comm=sshd next_pid=1639 next_prio=120
            sshd-1639  [002]    76.523137: sched_wakeup:          comm=kworker/u12:0 pid=5 prio=120 success=1 target_cpu=2
            sshd-1639  [002]    76.523141: sched_switch:          prev_comm=sshd prev_pid=1639 prev_prio=120 prev_state=2 next_comm=kworker/u12:0 next_pid=5 next_prio=120
   kworker/u12:0-5     [002]    76.523144: sched_switch:          prev_comm=kworker/u12:0 prev_pid=5 prev_prio=120 prev_state=1 next_comm=kworker/u12:1 next_pid=46 next_prio=120
   kworker/u12:1-46    [002]    76.523148: sched_wakeup:          comm=sshd pid=1639 prio=120 success=1 target_cpu=2
   kworker/u12:1-46    [002]    76.523150: sched_switch:          prev_comm=kworker/u12:1 prev_pid=46 prev_prio=120 prev_state=4096 next_comm=sshd next_pid=1639 next_prio=120
            sshd-1639  [002]    76.523230: sched_switch:          prev_comm=sshd prev_pid=1639 prev_prio=120 prev_state=1 next_comm=kworker/u12:1 next_pid=46 next_prio=120
   kworker/u12:1-46    [002]    76.523234: sched_switch:          prev_comm=kworker/u12:1 prev_pid=46 prev_prio=120 prev_state=1 next_comm=sh next_pid=1642 next_prio=120
              sh-1642  [002]    76.523249: sched_wakeup:          comm=kworker/u12:1 pid=46 prio=120 success=1 target_cpu=2
              sh-1642  [002]    76.523253: sched_switch:          prev_comm=sh prev_pid=1642 prev_prio=120 prev_state=4096 next_comm=kworker/u12:1 next_pid=46 next_prio=120
   kworker/u12:1-46    [002]    76.523257: sched_wakeup:          comm=sshd pid=1639 prio=120 success=1 target_cpu=2
   kworker/u12:1-46    [002]    76.523260: sched_switch:          prev_comm=kworker/u12:1 prev_pid=46 prev_prio=120 prev_state=4096 next_comm=sshd next_pid=1639 next_prio=120
            sshd-1639  [002]    76.523284: sched_wakeup:          comm=kworker/u12:0 pid=5 prio=120 success=1 target_cpu=2
            sshd-1639  [002]    76.523288: sched_switch:          prev_comm=sshd prev_pid=1639 prev_prio=120 prev_state=2 next_comm=kworker/u12:0 next_pid=5 next_prio=120
   kworker/u12:0-5     [002]    76.523291: sched_switch:          prev_comm=kworker/u12:0 prev_pid=5 prev_prio=120 prev_state=1 next_comm=kworker/u12:1 next_pid=46 next_prio=120
   kworker/u12:1-46    [002]    76.523295: sched_wakeup:          comm=sshd pid=1639 prio=120 success=1 target_cpu=2
   kworker/u12:1-46    [002]    76.523297: sched_switch:          prev_comm=kworker/u12:1 prev_pid=46 prev_prio=120 prev_state=4096 next_comm=sshd next_pid=1639 next_prio=120
            sshd-1639  [002]    76.523331: sched_switch:          prev_comm=sshd prev_pid=1639 prev_prio=120 prev_state=1 next_comm=kworker/u12:1 next_pid=46 next_prio=120
   kworker/u12:1-46    [002]    76.523334: sched_switch:          prev_comm=kworker/u12:1 prev_pid=46 prev_prio=120 prev_state=1 next_comm=sh next_pid=1642 next_prio=120
              sh-1642  [002]    76.523350: sched_wakeup:          comm=kworker/u12:1 pid=46 prio=120 success=1 target_cpu=2
              sh-1642  [002]    76.523353: sched_switch:          prev_comm=sh prev_pid=1642 prev_prio=120 prev_state=4096 next_comm=kworker/u12:1 next_pid=46 next_prio=120
   kworker/u12:1-46    [002]    76.523358: sched_wakeup:          comm=sshd pid=1639 prio=120 success=1 target_cpu=2
