   kworker/u12:1-46    [002]    76.523360: sched_switch:          prev_comm=kworker/u12:1 prev_pid=46 prev_prio=120 prev_state=4096 next_comm=sshd next_pid=1639 next_prio=120
            sshd-1639  [002]    76.523384: sched_wakeup:          comm=kworker/u12:0 pid=5 prio=120 success=1 target_cpu=2
            sshd-1639  [002]    76.523388: sched_switch:          prev_comm=sshd prev_pid=1639 prev_prio=120 prev_state=2 next_comm=kworker/u12:0 next_pid=5 next_prio=120
   kworker/u12:0-5     [002]    76.523390: sched_switch:          prev_comm=kworker/u12:0 prev_pid=5 prev_prio=120 prev_state=1 next_comm=kworker/u12:1 next_pid=46 next_prio=120
   kworker/u12:1-46    [002]    76.523396: sched_wakeup:          comm=sshd pid=1639 prio=120 success=1 target_cpu=2
   kworker/u12:1-46    [002]    76.523398: sched_switch:          prev_comm=kworker/u12:1 prev_pid=46 prev_prio=120 prev_state=4096 next_comm=sshd next_pid=1639 next_prio=120
            sshd-1639  [002]    76.523417: sched_switch:          prev_comm=sshd prev_pid=1639 prev_prio=120 prev_state=1 next_comm=kworker/u12:1 next_pid=46 next_prio=120
   kworker/u12:1-46    [002]    76.523421: sched_switch:          prev_comm=kworker/u12:1 prev_pid=46 prev_prio=120 prev_state=1 next_comm=sh next_pid=1642 next_prio=120
              sh-1642  [002]    76.523436: sched_wakeup:          comm=kworker/u12:1 pid=46 prio=120 success=1 target_cpu=2
              sh-1642  [002]    76.523439: sched_switch:          prev_comm=sh prev_pid=1642 prev_prio=120 prev_state=4096 next_comm=kworker/u12:1 next_pid=46 next_prio=120
   kworker/u12:1-46    [002]    76.523443: sched_wakeup:          comm=sshd pid=1639 prio=120 success=1 target_cpu=2
   kworker/u12:1-46    [002]    76.523445: sched_switch:          prev_comm=kworker/u12:1 prev_pid=46 prev_prio=120 prev_state=4096 next_comm=sshd next_pid=1639 next_prio=120
            sshd-1639  [002]    76.523469: sched_wakeup:          comm=kworker/u12:0 pid=5 prio=120 success=1 target_cpu=2
            sshd-1639  [002]    76.523473: sched_switch:          prev_comm=sshd prev_pid=1639 prev_prio=120 prev_state=2 next_comm=kworker/u12:0 next_pid=5 next_prio=120
   kworker/u12:0-5     [002]    76.523476: sched_switch:          prev_comm=kworker/u12:0 prev_pid=5 prev_prio=120 prev_state=1 next_comm=kworker/u12:1 next_pid=46 next_prio=120
   kworker/u12:1-46    [002]    76.523480: sched_wakeup:          comm=sshd pid=1639 prio=120 success=1 target_cpu=2
   kworker/u12:1-46    [002]    76.523482: sched_switch:          prev_comm=kworker/u12:1 prev_pid=46 prev_prio=120 prev_state=4096 next_comm=sshd next_pid=1639 next_prio=120
            sshd-1639  [002]    76.523501: sched_switch:          prev_comm=sshd prev_pid=1639 prev_prio=120 prev_state=1 next_comm=kworker/u12:1 next_pid=46 next_prio=120
   kworker/u12:1-46    [002]    76.523504: sched_switch:          prev_comm=kworker/u12:1 prev_pid=46 prev_prio=120 prev_state=1 next_comm=sh next_pid=1642 next_prio=120
              sh-1642  [002]    76.523519: sched_wakeup:          comm=kworker/u12:1 pid=46 prio=120 success=1 target_cpu=2
              sh-1642  [002]    76.523522: sched_switch:          prev_comm=sh prev_pid=1642 prev_prio=120 prev_state=4096 next_comm=kworker/u12:1 next_pid=46 next_prio=120
   kworker/u12:1-46    [002]    76.523527: sched_wakeup:          comm=sshd pid=1639 prio=120 success=1 target_cpu=2
   kworker/u12:1-46    [002]    76.523529: sched_switch:          prev_comm=kworker/u12:1 prev_pid=46 prev_prio=120 prev_state=4096 next_comm=sshd next_pid=1639 next_prio=120
            sshd-1639  [002]    76.523553: sched_wakeup:          comm=kworker/u12:0 pid=5 prio=120 success=1 target_cpu=2
            sshd-1639  [002]    76.523557: sched_switch:          prev_comm=sshd prev_pid=1639 prev_prio=120 prev_state=2 next_comm=kworker/u12:0 next_pid=5 next_prio=120
   kworker/u12:0-5     [002]    76.523559: sched_switch:          prev_comm=kworker/u12:0 prev_pid=5 prev_prio=120 prev_state=1 next_comm=kworker/u12:1 next_pid=46 next_prio=120
   kworker/u12:1-46    [002]    76.523564: sched_wakeup:          comm=sshd pid=1639 prio=120 success=1 target_cpu=2
   kworker/u12:1-46    [002]    76.523566: sched_switch:          prev_comm=kworker/u12:1 prev_pid=46 prev_prio=120 prev_state=4096 next_comm=sshd next_pid=1639 next_prio=120
            sshd-1639  [002]    76.523584: sched_switch:          prev_comm=sshd prev_pid=1639 prev_prio=120 prev_state=1 next_comm=kworker/u12:1 next_pid=46 next_prio=120
   kworker/u12:1-46    [002]    76.523588: sched_switch:          prev_comm=kworker/u12:1 prev_pid=46 prev_prio=120 prev_state=1 next_comm=sh next_pid=1642 next_prio=120
              sh-1642  [002]    76.523603: sched_wakeup:          comm=kworker/u12:1 pid=46 prio=120 success=1 target_cpu=2
              sh-1642  [002]    76.523606: sched_switch:          prev_comm=sh prev_pid=1642 prev_prio=120 prev_state=4096 next_comm=kworker/u12:1 next_pid=46 next_prio=120
   kworker/u12:1-46    [002]    76.523610: sched_wakeup:          comm=sshd pid=1639 prio=120 success=1 target_cpu=2
   kworker/u12:1-46    [002]    76.523612: sched_switch:          prev_comm=kworker/u12:1 prev_pid=46 prev_prio=120 prev_state=4096 next_comm=sshd next_pid=1639 next_prio=120
            sshd-1639  [002]    76.523637: sched_wakeup:          comm=kworker/u12:0 pid=5 prio=120 success=1 target_cpu=2
            sshd-1639  [002]    76.523641: sched_switch:          prev_comm=sshd prev_pid=1639 prev_prio=120 prev_state=2 next_comm=kworker/u12:0 next_pid=5 next_prio=120
   kworker/u12:0-5     [002]    76.523644: sched_switch:          prev_comm=kworker/u12:0 prev_pid=5 prev_prio=120 prev_state=1 next_comm=kworker/u12:1 next_pid=46 next_prio=120
   kworker/u12:1-46    [002]    76.523648: sched_wakeup:          comm=sshd pid=1639 prio=120 success=1 target_cpu=2
   kworker/u12:1-46    [002]    76.523650: sched_switch:          prev_comm=kworker/u12:1 prev_pid=46 prev_prio=120 prev_state=4096 next_comm=sshd next_pid=1639 next_prio=120
            sshd-1639  [002]    76.523702: sched_switch:          prev_comm=sshd prev_pid=1639 prev_prio=120 prev_state=1 next_comm=kworker/u12:1 next_pid=46 next_prio=120
   kworker/u12:1-46    [002]    76.523706: sched_switch:          prev_comm=kworker/u12:1 prev_pid=46 prev_prio=120 prev_state=1 next_comm=sh next_pid=1642 next_prio=120
              sh-1642  [002]    76.523721: sched_wakeup:          comm=kworker/u12:1 pid=46 prio=120 success=1 target_cpu=2
              sh-1642  [002]    76.523725: sched_switch:          prev_comm=sh prev_pid=1642 prev_prio=120 prev_state=4096 next_comm=kworker/u12:1 next_pid=46 next_prio=120
   kworker/u12:1-46    [002]    76.523729: sched_wakeup:          comm=sshd pid=1639 prio=120 success=1 target_cpu=2
   kworker/u12:1-46    [002]    76.523731: sched_switch:          prev_comm=kworker/u12:1 prev_pid=46 prev_prio=120 prev_state=4096 next_comm=sshd next_pid=1639 next_prio=120
            sshd-1639  [002]    76.523756: sched_wakeup:          comm=kworker/u12:0 pid=5 prio=120 success=1 target_cpu=2
            sshd-1639  [002]    76.523760: sched_switch:          prev_comm=sshd prev_pid=1639 prev_prio=120 prev_state=2 next_comm=kworker/u12:0 next_pid=5 next_prio=120
   kworker/u12:0-5     [002]    76.523763: sched_switch:          prev_comm=kworker/u12:0 prev_pid=5 prev_prio=120 prev_state=1 next_comm=kworker/u12:1 next_pid=46 next_prio=120
   kworker/u12:1-46    [002]    76.523767: sched_wakeup:          comm=sshd pid=1639 prio=120 success=1 target_cpu=2
   kworker/u12:1-46    [002]    76.523770: sched_switch:          prev_comm=kworker/u12:1 prev_pid=46 prev_prio=120 prev_state=4096 next_comm=sshd next_pid=1639 next_prio=120
            sshd-1639  [002]    76.523805: sched_switch:          prev_comm=sshd prev_pid=1639 prev_prio=120 prev_state=1 next_comm=kworker/u12:1 next_pid=46 next_prio=120
   kworker/u12:1-46    [002]    76.523809: sched_switch:          prev_comm=kworker/u12:1 prev_pid=46 prev_prio=120 prev_state=1 next_comm=sh next_pid=1642 next_prio=120
              sh-1642  [002]    76.523825: sched_wakeup:          comm=kworker/u12:1 pid=46 prio=120 success=1 target_cpu=2
              sh-1642  [002]    76.523828: sched_switch:          prev_comm=sh prev_pid=1642 prev_prio=120 prev_state=4096 next_comm=kworker/u12:1 next_pid=46 next_prio=120
   kworker/u12:1-46    [002]    76.523832: sched_wakeup:          comm=sshd pid=1639 prio=120 success=1 target_cpu=2
   kworker/u12:1-46    [002]    76.523834: sched_switch:          prev_comm=kworker/u12:1 prev_pid=46 prev_prio=120 prev_state=4096 next_comm=sshd next_pid=1639 next_prio=120
            sshd-1639  [002]    76.523859: sched_wakeup:          comm=kworker/u12:0 pid=5 prio=120 success=1 target_cpu=2
            sshd-1639  [002]    76.523863: sched_switch:          prev_comm=sshd prev_pid=1639 prev_prio=120 prev_state=2 next_comm=kworker/u12:0 next_pid=5 next_prio=120
   kworker/u12:0-5     [002]    76.523865: sched_switch:          prev_comm=kworker/u12:0 prev_pid=5 prev_prio=120 prev_state=1 next_comm=kworker/u12:1 next_pid=46 next_prio=120
   kworker/u12:1-46    [002]    76.523870: sched_wakeup:          comm=sshd pid=1639 prio=120 success=1 target_cpu=2
   kworker/u12:1-46    [002]    76.523872: sched_switch:          prev_comm=kworker/u12:1 prev_pid=46 prev_prio=120 prev_state=4096 next_comm=sshd next_pid=1639 next_prio=120
            sshd-1639  [002]    76.523891: sched_switch:          prev_comm=sshd prev_pid=1639 prev_prio=120 prev_state=1 next_comm=kworker/u12:1 next_pid=46 next_prio=120
   kworker/u12:1-46    [002]    76.523894: sched_switch:          prev_comm=kworker/u12:1 prev_pid=46 prev_prio=120 prev_state=1 next_comm=sh next_pid=1642 next_prio=120
              sh-1642  [002]    76.523909: sched_wakeup:          comm=kworker/u12:1 pid=46 prio=120 success=1 target_cpu=2
              sh-1642  [002]    76.523912: sched_switch:          prev_comm=sh prev_pid=1642 prev_prio=120 prev_state=4096 next_comm=kworker/u12:1 next_pid=46 next_prio=120
   kworker/u12:1-46    [002]    76.523917: sched_wakeup:          comm=sshd pid=1639 prio=120 success=1 target_cpu=2
   kworker/u12:1-46    [002]    76.523919: sched_switch:          prev_comm=kworker/u12:1 prev_pid=46 prev_prio=120 prev_state=4096 next_comm=sshd next_pid=1639 next_prio=120
            sshd-1639  [002]    76.523943: sched_wakeup:          comm=kworker/u12:0 pid=5 prio=120 success=1 target_cpu=2
            sshd-1639  [002]    76.523947: sched_switch:          prev_comm=sshd prev_pid=1639 prev_prio=120 prev_state=2 next_comm=kworker/u12:0 next_pid=5 next_prio=120
   kworker/u12:0-5     [002]    76.523950: sched_switch:          prev_comm=kworker/u12:0 prev_pid=5 prev_prio=120 prev_state=1 next_comm=kworker/u12:1 next_pid=46 next_prio=120
   kworker/u12:1-46    [002]    76.523954: sched_wakeup:          comm=sshd pid=1639 prio=120 success=1 target_cpu=2
   kworker/u12:1-46    [002]    76.523956: sched_switch:          prev_comm=kworker/u12:1 prev_pid=46 prev_prio=120 prev_state=4096 next_comm=sshd next_pid=1639 next_prio=120
            sshd-1639  [002]    76.523976: sched_switch:          prev_comm=sshd prev_pid=1639 prev_prio=120 prev_state=1 next_comm=kworker/u12:1 next_pid=46 next_prio=120
   kworker/u12:1-46    [002]    76.523979: sched_switch:          prev_comm=kworker/u12:1 prev_pid=46 prev_prio=120 prev_state=1 next_comm=sh next_pid=1642 next_prio=120
              sh-1642  [002]    76.523995: sched_wakeup:          comm=kworker/u12:1 pid=46 prio=120 success=1 target_cpu=2
              sh-1642  [002]    76.523998: sched_switch:          prev_comm=sh prev_pid=1642 prev_prio=120 prev_state=4096 next_comm=kworker/u12:1 next_pid=46 next_prio=120
   kworker/u12:1-46    [002]    76.524003: sched_wakeup:          comm=sshd pid=1639 prio=120 success=1 target_cpu=2
   kworker/u12:1-46    [002]    76.524005: sched_switch:          prev_comm=kworker/u12:1 prev_pid=46 prev_prio=120 prev_state=4096 next_comm=sshd next_pid=1639 next_prio=120
            sshd-1639  [002]    76.524029: sched_wakeup:          comm=kworker/u12:0 pid=5 prio=120 success=1 target_cpu=2
            sshd-1639  [002]    76.524034: sched_switch:          prev_comm=sshd prev_pid=1639 prev_prio=120 prev_state=2 next_comm=kworker/u12:0 next_pid=5 next_prio=120
   kworker/u12:0-5     [002]    76.524036: sched_switch:          prev_comm=kworker/u12:0 prev_pid=5 prev_prio=120 prev_state=1 next_comm=kworker/u12:1 next_pid=46 next_prio=120
   kworker/u12:1-46    [002]    76.524040: sched_wakeup:          comm=sshd pid=1639 prio=120 success=1 target_cpu=2
   kworker/u12:1-46    [002]    76.524043: sched_switch:          prev_comm=kworker/u12:1 prev_pid=46 prev_prio=120 prev_state=4096 next_comm=sshd next_pid=1639 next_prio=120
            sshd-1639  [002]    76.524061: sched_switch:          prev_comm=sshd prev_pid=1639 prev_prio=120 prev_state=1 next_comm=kworker/u12:1 next_pid=46 next_prio=120
   kworker/u12:1-46    [002]    76.524065: sched_switch:          prev_comm=kworker/u12:1 prev_pid=46 prev_prio=120 prev_state=1 next_comm=sh next_pid=1642 next_prio=120
              sh-1642  [002]    76.524080: sched_wakeup:          comm=kworker/u12:1 pid=46 prio=120 success=1 target_cpu=2
              sh-1642  [002]    76.524083: sched_switch:          prev_comm=sh prev_pid=1642 prev_prio=120 prev_state=4096 next_comm=kworker/u12:1 next_pid=46 next_prio=120
   kworker/u12:1-46    [002]    76.524088: sched_wakeup:          comm=sshd pid=1639 prio=120 success=1 target_cpu=2
   kworker/u12:1-46    [002]    76.524090: sched_switch:          prev_comm=kworker/u12:1 prev_pid=46 prev_prio=120 prev_state=4096 next_comm=sshd next_pid=1639 next_prio=120
            sshd-1639  [002]    76.524114: sched_wakeup:          comm=kworker/u12:0 pid=5 prio=120 success=1 target_cpu=2
            sshd-1639  [002]    76.524118: sched_switch:          prev_comm=sshd prev_pid=1639 prev_prio=120 prev_state=2 next_comm=kworker/u12:0 next_pid=5 next_prio=120
   kworker/u12:0-5     [002]    76.524121: sched_switch:          prev_comm=kworker/u12:0 prev_pid=5 prev_prio=120 prev_state=1 next_comm=kworker/u12:1 next_pid=46 next_prio=120
   kworker/u12:1-46    [002]    76.524125: sched_wakeup:          comm=sshd pid=1639 prio=120 success=1 target_cpu=2
   kworker/u12:1-46    [002]    76.524127: sched_switch:          prev_comm=kworker/u12:1 prev_pid=46 prev_prio=120 prev_state=4096 next_comm=sshd next_pid=1639 next_prio=120
            sshd-1639  [002]    76.524200: sched_switch:          prev_comm=sshd prev_pid=1639 prev_prio=120 prev_state=1 next_comm=kworker/u12:1 next_pid=46 next_prio=120
   kworker/u12:1-46    [002]    76.524204: sched_switch:          prev_comm=kworker/u12:1 prev_pid=46 prev_prio=120 prev_state=1 next_comm=sh next_pid=1642 next_prio=120
              sh-1642  [002]    76.524220: sched_wakeup:          comm=kworker/u12:1 pid=46 prio=120 success=1 target_cpu=2
              sh-1642  [002]    76.524223: sched_switch:          prev_comm=sh prev_pid=1642 prev_prio=120 prev_state=4096 next_comm=kworker/u12:1 next_pid=46 next_prio=120
   kworker/u12:1-46    [002]    76.524227: sched_wakeup:          comm=sshd pid=1639 prio=120 success=1 target_cpu=2
   kworker/u12:1-46    [002]    76.524230: sched_switch:          prev_comm=kworker/u12:1 prev_pid=46 prev_prio=120 prev_state=4096 next_comm=sshd next_pid=1639 next_prio=120
            sshd-1639  [002]    76.524254: sched_wakeup:          comm=kworker/u12:0 pid=5 prio=120 success=1 target_cpu=2
            sshd-1639  [002]    76.524258: sched_switch:          prev_comm=sshd prev_pid=1639 prev_prio=120 prev_state=2 next_comm=kworker/u12:0 next_pid=5 next_prio=120
   kworker/u12:0-5     [002]    76.524261: sched_switch:          prev_comm=kworker/u12:0 prev_pid=5 prev_prio=120 prev_state=1 next_comm=kworker/u12:1 next_pid=46 next_prio=120
   kworker/u12:1-46    [002]    76.524265: sched_wakeup:          comm=sshd pid=1639 prio=120 success=1 target_cpu=2
   kworker/u12:1-46    [002]    76.524267: sched_switch:          prev_comm=kworker/u12:1 prev_pid=46 prev_prio=120 prev_state=4096 next_comm=sshd next_pid=1639 next_prio=120
            sshd-1639  [002]    76.524302: sched_switch:          prev_comm=sshd prev_pid=1639 prev_prio=120 prev_state=1 next_comm=kworker/u12:1 next_pid=46 next_prio=120
   kworker/u12:1-46    [002]    76.524305: sched_switch:          prev_comm=kworker/u12:1 prev_pid=46 prev_prio=120 prev_state=1 next_comm=sh next_pid=1642 next_prio=120
              sh-1642  [002]    76.524321: sched_wakeup:          comm=kworker/u12:1 pid=46 prio=120 success=1 target_cpu=2
              sh-1642  [002]    76.524324: sched_switch:          prev_comm=sh prev_pid=1642 prev_prio=120 prev_state=4096 next_comm=kworker/u12:1 next_pid=46 next_prio=120
   kworker/u12:1-46    [002]    76.524329: sched_wakeup:          comm=sshd pid=1639 prio=120 success=1 target_cpu=2
   kworker/u12:1-46    [002]    76.524331: sched_switch:          prev_comm=kworker/u12:1 prev_pid=46 prev_prio=120 prev_state=4096 next_comm=sshd next_pid=1639 next_prio=120
            sshd-1639  [002]    76.524355: sched_wakeup:          comm=kworker/u12:0 pid=5 prio=120 success=1 target_cpu=2
            sshd-1639  [002]    76.524359: sched_switch:          prev_comm=sshd prev_pid=1639 prev_prio=120 prev_state=2 next_comm=kworker/u12:0 next_pid=5 next_prio=120
   kworker/u12:0-5     [002]    76.524362: sched_switch:          prev_comm=kworker/u12:0 prev_pid=5 prev_prio=120 prev_state=1 next_comm=kworker/u12:1 next_pid=46 next_prio=120
   kworker/u12:1-46    [002]    76.524366: sched_wakeup:          comm=sshd pid=1639 prio=120 success=1 target_cpu=2
   kworker/u12:1-46    [002]    76.524369: sched_switch:          prev_comm=kworker/u12:1 prev_pid=46 prev_prio=120 prev_state=1 next_comm=sshd next_pid=1639 next_prio=120
            sshd-1639  [002]    76.524387: sched_switch:          prev_comm=sshd prev_pid=1639 prev_prio=120 prev_state=1 next_comm=sh next_pid=1642 next_prio=120
              sh-1642  [002]    76.524403: sched_wakeup:          comm=kworker/u12:1 pid=46 prio=120 success=1 target_cpu=2
              sh-1642  [002]    76.524406: sched_switch:          prev_comm=sh prev_pid=1642 prev_prio=120 prev_state=4096 next_comm=kworker/u12:1 next_pid=46 next_prio=120
   kworker/u12:1-46    [002]    76.524411: sched_wakeup:          comm=sshd pid=1639 prio=120 success=1 target_cpu=2
   kworker/u12:1-46    [002]    76.524414: sched_switch:          prev_comm=kworker/u12:1 prev_pid=46 prev_prio=120 prev_state=1 next_comm=sshd next_pid=1639 next_prio=120
            sshd-1639  [002]    76.524452: sched_switch:          prev_comm=sshd prev_pid=1639 prev_prio=120 prev_state=1 next_comm=sh next_pid=1642 next_prio=120
              sh-1642  [002]    76.524468: sched_wakeup:          comm=kworker/u12:1 pid=46 prio=120 success=1 target_cpu=2
              sh-1642  [002]    76.524471: sched_switch:          prev_comm=sh prev_pid=1642 prev_prio=120 prev_state=4096 next_comm=kworker/u12:1 next_pid=46 next_prio=120
   kworker/u12:1-46    [002]    76.524476: sched_wakeup:          comm=sshd pid=1639 prio=120 success=1 target_cpu=2
   kworker/u12:1-46    [002]    76.524479: sched_switch:          prev_comm=kworker/u12:1 prev_pid=46 prev_prio=120 prev_state=1 next_comm=sshd next_pid=1639 next_prio=120
            sshd-1639  [002]    76.524517: sched_switch:          prev_comm=sshd prev_pid=1639 prev_prio=120 prev_state=1 next_comm=sh next_pid=1642 next_prio=120
              sh-1642  [002]    76.524533: sched_wakeup:          comm=kworker/u12:1 pid=46 prio=120 success=1 target_cpu=2
              sh-1642  [002]    76.524536: sched_switch:          prev_comm=sh prev_pid=1642 prev_prio=120 prev_state=4096 next_comm=kworker/u12:1 next_pid=46 next_prio=120
   kworker/u12:1-46    [002]    76.524540: sched_wakeup:          comm=sshd pid=1639 prio=120 success=1 target_cpu=2
   kworker/u12:1-46    [002]    76.524544: sched_switch:          prev_comm=kworker/u12:1 prev_pid=46 prev_prio=120 prev_state=1 next_comm=sshd next_pid=1639 next_prio=120
            sshd-1639  [002]    76.524581: sched_switch:          prev_comm=sshd prev_pid=1639 prev_prio=120 prev_state=1 next_comm=sh next_pid=1642 next_prio=120
              sh-1642  [002]    76.524597: sched_wakeup:          comm=kworker/u12:1 pid=46 prio=120 success=1 target_cpu=2
              sh-1642  [002]    76.524600: sched_switch:          prev_comm=sh prev_pid=1642 prev_prio=120 prev_state=4096 next_comm=kworker/u12:1 next_pid=46 next_prio=120
   kworker/u12:1-46    [002]    76.524605: sched_wakeup:          comm=sshd pid=1639 prio=120 success=1 target_cpu=2
   kworker/u12:1-46    [002]    76.524608: sched_switch:          prev_comm=kworker/u12:1 prev_pid=46 prev_prio=120 prev_state=1 next_comm=sshd next_pid=1639 next_prio=120
            sshd-1639  [002]    76.524692: sched_switch:          prev_comm=sshd prev_pid=1639 prev_prio=120 prev_state=1 next_comm=sh next_pid=1642 next_prio=120
              sh-1642  [002]    76.524709: sched_wakeup:          comm=kworker/u12:1 pid=46 prio=120 success=1 target_cpu=2
              sh-1642  [002]    76.524712: sched_switch:          prev_comm=sh prev_pid=1642 prev_prio=120 prev_state=4096 next_comm=kworker/u12:1 next_pid=46 next_prio=120
   kworker/u12:1-46    [002]    76.524717: sched_wakeup:          comm=sshd pid=1639 prio=120 success=1 target_cpu=2
   kworker/u12:1-46    [002]    76.524720: sched_switch:          prev_comm=kworker/u12:1 prev_pid=46 prev_prio=120 prev_state=1 next_comm=sshd next_pid=1639 next_prio=120
            sshd-1639  [002]    76.524773: sched_switch:          prev_comm=sshd prev_pid=1639 prev_prio=120 prev_state=1 next_comm=sh next_pid=1642 next_prio=120
              sh-1642  [002]    76.524789: sched_wakeup:          comm=kworker/u12:1 pid=46 prio=120 success=1 target_cpu=2
              sh-1642  [002]    76.524793: sched_switch:          prev_comm=sh prev_pid=1642 prev_prio=120 prev_state=4096 next_comm=kworker/u12:1 next_pid=46 next_prio=120
   kworker/u12:1-46    [002]    76.524797: sched_wakeup:          comm=sshd pid=1639 prio=120 success=1 target_cpu=2
   kworker/u12:1-46    [002]    76.524801: sched_switch:          prev_comm=kworker/u12:1 prev_pid=46 prev_prio=120 prev_state=1 next_comm=sshd next_pid=1639 next_prio=120
            sshd-1639  [002]    76.524839: sched_switch:          prev_comm=sshd prev_pid=1639 prev_prio=120 prev_state=1 next_comm=sh next_pid=1642 next_prio=120
              sh-1642  [002]    76.524855: sched_wakeup:          comm=kworker/u12:1 pid=46 prio=120 success=1 target_cpu=2
              sh-1642  [002]    76.524858: sched_switch:          prev_comm=sh prev_pid=1642 prev_prio=120 prev_state=4096 next_comm=kworker/u12:1 next_pid=46 next_prio=120
   kworker/u12:1-46    [002]    76.524863: sched_wakeup:          comm=sshd pid=1639 prio=120 success=1 target_cpu=2
   kworker/u12:1-46    [002]    76.524866: sched_switch:          prev_comm=kworker/u12:1 prev_pid=46 prev_prio=120 prev_state=1 next_comm=sshd next_pid=1639 next_prio=120
            sshd-1639  [002]    76.524903: sched_switch:          prev_comm=sshd prev_pid=1639 prev_prio=120 prev_state=1 next_comm=sh next_pid=1642 next_prio=120
              sh-1642  [002]    76.524920: sched_wakeup:          comm=kworker/u12:1 pid=46 prio=120 success=1 target_cpu=2
              sh-1642  [002]    76.524923: sched_switch:          prev_comm=sh prev_pid=1642 prev_prio=120 prev_state=4096 next_comm=kworker/u12:1 next_pid=46 next_prio=120
   kworker/u12:1-46    [002]    76.524927: sched_wakeup:          comm=sshd pid=1639 prio=120 success=1 target_cpu=2
   kworker/u12:1-46    [002]    76.524931: sched_switch:          prev_comm=kworker/u12:1 prev_pid=46 prev_prio=120 prev_state=1 next_comm=sshd next_pid=1639 next_prio=120
            sshd-1639  [002]    76.524969: sched_switch:          prev_comm=sshd prev_pid=1639 prev_prio=120 prev_state=1 next_comm=sh next_pid=1642 next_prio=120
              sh-1642  [002]    76.524985: sched_wakeup:          comm=kworker/u12:1 pid=46 prio=120 success=1 target_cpu=2
              sh-1642  [002]    76.524988: sched_switch:          prev_comm=sh prev_pid=1642 prev_prio=120 prev_state=4096 next_comm=kworker/u12:1 next_pid=46 next_prio=120
   kworker/u12:1-46    [002]    76.524992: sched_wakeup:          comm=sshd pid=1639 prio=120 success=1 target_cpu=2
   kworker/u12:1-46    [002]    76.524996: sched_switch:          prev_comm=kworker/u12:1 prev_pid=46 prev_prio=120 prev_state=1 next_comm=sshd next_pid=1639 next_prio=120
            sshd-1639  [002]    76.525048: sched_switch:          prev_comm=sshd prev_pid=1639 prev_prio=120 prev_state=1 next_comm=sh next_pid=1642 next_prio=120
              sh-1642  [002]    76.525065: sched_wakeup:          comm=kworker/u12:1 pid=46 prio=120 success=1 target_cpu=2
              sh-1642  [002]    76.525068: sched_switch:          prev_comm=sh prev_pid=1642 prev_prio=120 prev_state=4096 next_comm=kworker/u12:1 next_pid=46 next_prio=120
   kworker/u12:1-46    [002]    76.525073: sched_wakeup:          comm=sshd pid=1639 prio=120 success=1 target_cpu=2
   kworker/u12:1-46    [002]    76.525076: sched_switch:          prev_comm=kworker/u12:1 prev_pid=46 prev_prio=120 prev_state=1 next_comm=sshd next_pid=1639 next_prio=120
            sshd-1639  [002]    76.525115: sched_switch:          prev_comm=sshd prev_pid=1639 prev_prio=120 prev_state=1 next_comm=sh next_pid=1642 next_prio=120
              sh-1642  [002]    76.525131: sched_wakeup:          comm=kworker/u12:1 pid=46 prio=120 success=1 target_cpu=2
              sh-1642  [002]    76.525134: sched_switch:          prev_comm=sh prev_pid=1642 prev_prio=120 prev_state=4096 next_comm=kworker/u12:1 next_pid=46 next_prio=120
   kworker/u12:1-46    [002]    76.525139: sched_wakeup:          comm=sshd pid=1639 prio=120 success=1 target_cpu=2
   kworker/u12:1-46    [002]    76.525142: sched_switch:          prev_comm=kworker/u12:1 prev_pid=46 prev_prio=120 prev_state=1 next_comm=sshd next_pid=1639 next_prio=120
            sshd-1639  [002]    76.525180: sched_switch:          prev_comm=sshd prev_pid=1639 prev_prio=120 prev_state=1 next_comm=sh next_pid=1642 next_prio=120
              sh-1642  [002]    76.525197: sched_wakeup:          comm=kworker/u12:1 pid=46 prio=120 success=1 target_cpu=2
              sh-1642  [002]    76.525200: sched_switch:          prev_comm=sh prev_pid=1642 prev_prio=120 prev_state=4096 next_comm=kworker/u12:1 next_pid=46 next_prio=120
   kworker/u12:1-46    [002]    76.525204: sched_wakeup:          comm=sshd pid=1639 prio=120 success=1 target_cpu=2
   kworker/u12:1-46    [002]    76.525208: sched_switch:          prev_comm=kworker/u12:1 prev_pid=46 prev_prio=120 prev_state=1 next_comm=sshd next_pid=1639 next_prio=120
            sshd-1639  [002]    76.525280: sched_switch:          prev_comm=sshd prev_pid=1639 prev_prio=120 prev_state=1 next_comm=sh next_pid=1642 next_prio=120
              sh-1642  [002]    76.525298: sched_wakeup:          comm=kworker/u12:1 pid=46 prio=120 success=1 target_cpu=2
              sh-1642  [002]    76.525301: sched_switch:          prev_comm=sh prev_pid=1642 prev_prio=120 prev_state=4096 next_comm=kworker/u12:1 next_pid=46 next_prio=120
   kworker/u12:1-46    [002]    76.525306: sched_wakeup:          comm=sshd pid=1639 prio=120 success=1 target_cpu=2
   kworker/u12:1-46    [002]    76.525309: sched_switch:          prev_comm=kworker/u12:1 prev_pid=46 prev_prio=120 prev_state=1 next_comm=sshd next_pid=1639 next_prio=120
            sshd-1639  [002]    76.525361: sched_switch:          prev_comm=sshd prev_pid=1639 prev_prio=120 prev_state=1 next_comm=sh next_pid=1642 next_prio=120
              sh-1642  [002]    76.525378: sched_wakeup:          comm=kworker/u12:1 pid=46 prio=120 success=1 target_cpu=2
              sh-1642  [002]    76.525382: sched_switch:          prev_comm=sh prev_pid=1642 prev_prio=120 prev_state=4096 next_comm=kworker/u12:1 next_pid=46 next_prio=120
   kworker/u12:1-46    [002]    76.525386: sched_wakeup:          comm=sshd pid=1639 prio=120 success=1 target_cpu=2
   kworker/u12:1-46    [002]    76.525390: sched_switch:          prev_comm=kworker/u12:1 prev_pid=46 prev_prio=120 prev_state=1 next_comm=sshd next_pid=1639 next_prio=120
            sshd-1639  [002]    76.525427: sched_switch:          prev_comm=sshd prev_pid=1639 prev_prio=120 prev_state=1 next_comm=sh next_pid=1642 next_prio=120
              sh-1642  [002]    76.525444: sched_wakeup:          comm=kworker/u12:1 pid=46 prio=120 success=1 target_cpu=2
              sh-1642  [002]    76.525447: sched_switch:          prev_comm=sh prev_pid=1642 prev_prio=120 prev_state=4096 next_comm=kworker/u12:1 next_pid=46 next_prio=120
   kworker/u12:1-46    [002]    76.525451: sched_wakeup:          comm=sshd pid=1639 prio=120 success=1 target_cpu=2
   kworker/u12:1-46    [002]    76.525454: sched_switch:          prev_comm=kworker/u12:1 prev_pid=46 prev_prio=120 prev_state=1 next_comm=sshd next_pid=1639 next_prio=120
            sshd-1639  [002]    76.525515: sched_switch:          prev_comm=sshd prev_pid=1639 prev_prio=120 prev_state=1 next_comm=sh next_pid=1642 next_prio=120
              sh-1642  [002]    76.525533: sched_wakeup:          comm=kworker/u12:1 pid=46 prio=120 success=1 target_cpu=2
              sh-1642  [002]    76.525536: sched_switch:          prev_comm=sh prev_pid=1642 prev_prio=120 prev_state=4096 next_comm=kworker/u12:1 next_pid=46 next_prio=120
   kworker/u12:1-46    [002]    76.525540: sched_wakeup:          comm=sshd pid=1639 prio=120 success=1 target_cpu=2
   kworker/u12:1-46    [002]    76.525544: sched_switch:          prev_comm=kworker/u12:1 prev_pid=46 prev_prio=120 prev_state=1 next_comm=sshd next_pid=1639 next_prio=120
            sshd-1639  [002]    76.525597: sched_switch:          prev_comm=sshd prev_pid=1639 prev_prio=120 prev_state=1 next_comm=sh next_pid=1642 next_prio=120
              sh-1642  [002]    76.525614: sched_wakeup:          comm=kworker/u12:1 pid=46 prio=120 success=1 target_cpu=2
              sh-1642  [002]    76.525617: sched_switch:          prev_comm=sh prev_pid=1642 prev_prio=120 prev_state=4096 next_comm=kworker/u12:1 next_pid=46 next_prio=120
   kworker/u12:1-46    [002]    76.525622: sched_wakeup:          comm=sshd pid=1639 prio=120 success=1 target_cpu=2
   kworker/u12:1-46    [002]    76.525625: sched_switch:          prev_comm=kworker/u12:1 prev_pid=46 prev_prio=120 prev_state=1 next_comm=sshd next_pid=1639 next_prio=120
            sshd-1639  [002]    76.525663: sched_switch:          prev_comm=sshd prev_pid=1639 prev_prio=120 prev_state=1 next_comm=sh next_pid=1642 next_prio=120
              sh-1642  [002]    76.525680: sched_wakeup:          comm=kworker/u12:1 pid=46 prio=120 success=1 target_cpu=2
              sh-1642  [002]    76.525683: sched_switch:          prev_comm=sh prev_pid=1642 prev_prio=120 prev_state=4096 next_comm=kworker/u12:1 next_pid=46 next_prio=120
   kworker/u12:1-46    [002]    76.525687: sched_wakeup:          comm=sshd pid=1639 prio=120 success=1 target_cpu=2
   kworker/u12:1-46    [002]    76.525691: sched_switch:          prev_comm=kworker/u12:1 prev_pid=46 prev_prio=120 prev_state=1 next_comm=sshd next_pid=1639 next_prio=120
            sshd-1639  [002]    76.525765: sched_switch:          prev_comm=sshd prev_pid=1639 prev_prio=120 prev_state=1 next_comm=sh next_pid=1642 next_prio=120
              sh-1642  [002]    76.525783: sched_wakeup:          comm=kworker/u12:1 pid=46 prio=120 success=1 target_cpu=2
              sh-1642  [002]    76.525786: sched_switch:          prev_comm=sh prev_pid=1642 prev_prio=120 prev_state=4096 next_comm=kworker/u12:1 next_pid=46 next_prio=120
   kworker/u12:1-46    [002]    76.525791: sched_wakeup:          comm=sshd pid=1639 prio=120 success=1 target_cpu=2
   kworker/u12:1-46    [002]    76.525795: sched_switch:          prev_comm=kworker/u12:1 prev_pid=46 prev_prio=120 prev_state=1 next_comm=sshd next_pid=1639 next_prio=120
            sshd-1639  [002]    76.525847: sched_switch:          prev_comm=sshd prev_pid=1639 prev_prio=120 prev_state=1 next_comm=sh next_pid=1642 next_prio=120
              sh-1642  [002]    76.525865: sched_wakeup:          comm=kworker/u12:1 pid=46 prio=120 success=1 target_cpu=2
              sh-1642  [002]    76.525868: sched_switch:          prev_comm=sh prev_pid=1642 prev_prio=120 prev_state=4096 next_comm=kworker/u12:1 next_pid=46 next_prio=120
   kworker/u12:1-46    [002]    76.525872: sched_wakeup:          comm=sshd pid=1639 prio=120 success=1 target_cpu=2
   kworker/u12:1-46    [002]    76.525876: sched_switch:          prev_comm=kworker/u12:1 prev_pid=46 prev_prio=120 prev_state=1 next_comm=sshd next_pid=1639 next_prio=120
            sshd-1639  [002]    76.525913: sched_switch:          prev_comm=sshd prev_pid=1639 prev_prio=120 prev_state=1 next_comm=sh next_pid=1642 next_prio=120
              sh-1642  [002]    76.525930: sched_wakeup:          comm=kworker/u12:1 pid=46 prio=120 success=1 target_cpu=2
              sh-1642  [002]    76.525933: sched_switch:          prev_comm=sh prev_pid=1642 prev_prio=120 prev_state=4096 next_comm=kworker/u12:1 next_pid=46 next_prio=120
   kworker/u12:1-46    [002]    76.525938: sched_wakeup:          comm=sshd pid=1639 prio=120 success=1 target_cpu=2
   kworker/u12:1-46    [002]    76.525941: sched_switch:          prev_comm=kworker/u12:1 prev_pid=46 prev_prio=120 prev_state=1 next_comm=sshd next_pid=1639 next_prio=120
            sshd-1639  [002]    76.526007: sched_switch:          prev_comm=sshd prev_pid=1639 prev_prio=120 prev_state=1 next_comm=sh next_pid=1642 next_prio=120
              sh-1642  [002]    76.526025: sched_wakeup:          comm=kworker/u12:1 pid=46 prio=120 success=1 target_cpu=2
              sh-1642  [002]    76.526028: sched_switch:          prev_comm=sh prev_pid=1642 prev_prio=120 prev_state=4096 next_comm=kworker/u12:1 next_pid=46 next_prio=120
   kworker/u12:1-46    [002]    76.526033: sched_wakeup:          comm=sshd pid=1639 prio=120 success=1 target_cpu=2
   kworker/u12:1-46    [002]    76.526036: sched_switch:          prev_comm=kworker/u12:1 prev_pid=46 prev_prio=120 prev_state=1 next_comm=sshd next_pid=1639 next_prio=120
            sshd-1639  [002]    76.526100: sched_switch:          prev_comm=sshd prev_pid=1639 prev_prio=120 prev_state=1 next_comm=sh next_pid=1642 next_prio=120
              sh-1642  [002]    76.526118: sched_wakeup:          comm=kworker/u12:1 pid=46 prio=120 success=1 target_cpu=2
              sh-1642  [002]    76.526121: sched_switch:          prev_comm=sh prev_pid=1642 prev_prio=120 prev_state=4096 next_comm=kworker/u12:1 next_pid=46 next_prio=120
   kworker/u12:1-46    [002]    76.526125: sched_wakeup:          comm=sshd pid=1639 prio=120 success=1 target_cpu=2
   kworker/u12:1-46    [002]    76.526129: sched_switch:          prev_comm=kworker/u12:1 prev_pid=46 prev_prio=120 prev_state=1 next_comm=sshd next_pid=1639 next_prio=120
            sshd-1639  [002]    76.526167: sched_switch:          prev_comm=sshd prev_pid=1639 prev_prio=120 prev_state=1 next_comm=sh next_pid=1642 next_prio=120
          <idle>-0     [001]    76.526262: sched_wakeup:          comm=kworker/u12:1 pid=46 prio=120 success=1 target_cpu=1
          <idle>-0     [001]    76.526268: sched_switch:          prev_comm=swapper/1 prev_pid=0 prev_prio=120 prev_state=0 next_comm=kworker/u12:1 next_pid=46 next_prio=120
              sh-1642  [002]    76.526278: sched_wakeup:          comm=sshd pid=1639 prio=120 success=1 target_cpu=2
              sh-1642  [002]    76.526281: sched_switch:          prev_comm=sh prev_pid=1642 prev_prio=120 prev_state=4096 next_comm=sshd next_pid=1639 next_prio=120
   kworker/u12:1-46    [001]    76.526286: sched_switch:          prev_comm=kworker/u12:1 prev_pid=46 prev_prio=120 prev_state=1 next_comm=swapper/1 next_pid=0 next_prio=120
            sshd-1639  [002]    76.526320: sched_switch:          prev_comm=sshd prev_pid=1639 prev_prio=120 prev_state=1 next_comm=sh next_pid=1642 next_prio=120
          <idle>-0     [001]    76.526464: sched_wakeup:          comm=kworker/u12:1 pid=46 prio=120 success=1 target_cpu=1
          <idle>-0     [001]    76.526471: sched_switch:          prev_comm=swapper/1 prev_pid=0 prev_prio=120 prev_state=0 next_comm=kworker/u12:1 next_pid=46 next_prio=120
              sh-1642  [002]    76.526480: sched_wakeup:          comm=sshd pid=1639 prio=120 success=1 target_cpu=2
              sh-1642  [002]    76.526483: sched_switch:          prev_comm=sh prev_pid=1642 prev_prio=120 prev_state=0 next_comm=sshd next_pid=1639 next_prio=120
   kworker/u12:1-46    [001]    76.526488: sched_switch:          prev_comm=kworker/u12:1 prev_pid=46 prev_prio=120 prev_state=1 next_comm=swapper/1 next_pid=0 next_prio=120
            sshd-1639  [002]    76.526546: sched_switch:          prev_comm=sshd prev_pid=1639 prev_prio=120 prev_state=1 next_comm=sh next_pid=1642 next_prio=120
          <idle>-0     [001]    76.526658: sched_wakeup:          comm=kworker/u12:1 pid=46 prio=120 success=1 target_cpu=1
          <idle>-0     [001]    76.526664: sched_switch:          prev_comm=swapper/1 prev_pid=0 prev_prio=120 prev_state=0 next_comm=kworker/u12:1 next_pid=46 next_prio=120
              sh-1642  [002]    76.526673: sched_wakeup:          comm=sshd pid=1639 prio=120 success=1 target_cpu=2
              sh-1642  [002]    76.526676: sched_switch:          prev_comm=sh prev_pid=1642 prev_prio=120 prev_state=0 next_comm=sshd next_pid=1639 next_prio=120
   kworker/u12:1-46    [001]    76.526680: sched_switch:          prev_comm=kworker/u12:1 prev_pid=46 prev_prio=120 prev_state=1 next_comm=swapper/1 next_pid=0 next_prio=120
            sshd-1639  [002]    76.526736: sched_switch:          prev_comm=sshd prev_pid=1639 prev_prio=120 prev_state=1 next_comm=sh next_pid=1642 next_prio=120
          <idle>-0     [001]    76.526871: sched_wakeup:          comm=kworker/u12:1 pid=46 prio=120 success=1 target_cpu=1
          <idle>-0     [001]    76.526878: sched_switch:          prev_comm=swapper/1 prev_pid=0 prev_prio=120 prev_state=0 next_comm=kworker/u12:1 next_pid=46 next_prio=120
              sh-1642  [002]    76.526887: sched_wakeup:          comm=sshd pid=1639 prio=120 success=1 target_cpu=2
              sh-1642  [002]    76.526890: sched_switch:          prev_comm=sh prev_pid=1642 prev_prio=120 prev_state=0 next_comm=sshd next_pid=1639 next_prio=120
   kworker/u12:1-46    [001]    76.526894: sched_switch:          prev_comm=kworker/u12:1 prev_pid=46 prev_prio=120 prev_state=1 next_comm=swapper/1 next_pid=0 next_prio=120
            sshd-1639  [002]    76.526943: sched_switch:          prev_comm=sshd prev_pid=1639 prev_prio=120 prev_state=1 next_comm=sh next_pid=1642 next_prio=120
          <idle>-0     [001]    76.527118: sched_wakeup:          comm=kworker/u12:1 pid=46 prio=120 success=1 target_cpu=1
          <idle>-0     [001]    76.527124: sched_switch:          prev_comm=swapper/1 prev_pid=0 prev_prio=120 prev_state=0 next_comm=kworker/u12:1 next_pid=46 next_prio=120
   kworker/u12:1-46    [001]    76.527138: sched_switch:          prev_comm=kworker/u12:1 prev_pid=46 prev_prio=120 prev_state=1 next_comm=swapper/1 next_pid=0 next_prio=120
              sh-1642  [002]    76.527138: sched_wakeup:          comm=sshd pid=1639 prio=120 success=1 target_cpu=2
              sh-1642  [002]    76.527142: sched_switch:          prev_comm=sh prev_pid=1642 prev_prio=120 prev_state=4096 next_comm=sshd next_pid=1639 next_prio=120
            sshd-1639  [002]    76.527206: sched_switch:          prev_comm=sshd prev_pid=1639 prev_prio=120 prev_state=1 next_comm=sh next_pid=1642 next_prio=120
          <idle>-0     [003]    76.527813: sched_switch:          prev_comm=swapper/3 prev_pid=0 prev_prio=120 prev_state=0 next_comm=sh next_pid=1703 next_prio=120
              sh-1642  [002]    76.527867: sched_switch:          prev_comm=sh prev_pid=1642 prev_prio=120 prev_state=1 next_comm=swapper/2 next_pid=0 next_prio=120
         shutils-1703  [003]    76.528760: sched_wakeup:          comm=migration/3 pid=28 prio=0 success=1 target_cpu=3
         shutils-1703  [003]    76.528769: sched_switch:          prev_comm=sh prev_pid=1703 prev_prio=120 prev_state=4096 next_comm=migration/3 next_pid=28 next_prio=0
     migration/3-28    [003]    76.528804: sched_switch:          prev_comm=migration/3 prev_pid=28 prev_prio=0 prev_state=1 next_comm=swapper/3 next_pid=0 next_prio=120
          <idle>-0     [001]    76.528868: sched_switch:          prev_comm=swapper/1 prev_pid=0 prev_prio=120 prev_state=0 next_comm=sh next_pid=1703 next_prio=120
         shutils-1703  [001]    76.530060: sched_wakeup:          comm=rcu_preempt pid=8 prio=120 success=1 target_cpu=1
         shutils-1703  [001]    76.530067: sched_switch:          prev_comm=shutils prev_pid=1703 prev_prio=120 prev_state=4096 next_comm=rcu_preempt next_pid=8 next_prio=120
     rcu_preempt-8     [001]    76.530075: sched_switch:          prev_comm=rcu_preempt prev_pid=8 prev_prio=120 prev_state=1 next_comm=shutils next_pid=1703 next_prio=120
          <idle>-0     [004]    76.534104: sched_switch:          prev_comm=swapper/4 prev_pid=0 prev_prio=120 prev_state=0 next_comm=shutils next_pid=1704 next_prio=120
         shutils-1703  [001]    76.534125: sched_switch:          prev_comm=shutils prev_pid=1703 prev_prio=120 prev_state=1 next_comm=swapper/1 next_pid=0 next_prio=120
         busybox-1704  [004]    76.536556: sched_wakeup:          comm=migration/4 pid=34 prio=0 success=1 target_cpu=4
         busybox-1704  [004]    76.536563: sched_switch:          prev_comm=shutils prev_pid=1704 prev_prio=120 prev_state=4096 next_comm=migration/4 next_pid=34 next_prio=0
     migration/4-34    [004]    76.536589: sched_switch:          prev_comm=migration/4 prev_pid=34 prev_prio=0 prev_state=1 next_comm=swapper/4 next_pid=0 next_prio=120
          <idle>-0     [002]    76.536661: sched_switch:          prev_comm=swapper/2 prev_pid=0 prev_prio=120 prev_state=0 next_comm=shutils next_pid=1704 next_prio=120
          <idle>-0     [001]    76.537635: sched_wakeup:          comm=shutils pid=1703 prio=120 success=1 target_cpu=1
          <idle>-0     [001]    76.537640: sched_switch:          prev_comm=swapper/1 prev_pid=0 prev_prio=120 prev_state=0 next_comm=shutils next_pid=1703 next_prio=120
         shutils-1703  [001]    76.537655: sched_switch:          prev_comm=shutils prev_pid=1703 prev_prio=120 prev_state=1 next_comm=swapper/1 next_pid=0 next_prio=120
          <idle>-0     [001]    76.537696: sched_wakeup:          comm=shutils pid=1703 prio=120 success=1 target_cpu=1
          <idle>-0     [001]    76.537699: sched_switch:          prev_comm=swapper/1 prev_pid=0 prev_prio=120 prev_state=0 next_comm=shutils next_pid=1703 next_prio=120
         shutils-1703  [001]    76.537705: sched_switch:          prev_comm=shutils prev_pid=1703 prev_prio=120 prev_state=1 next_comm=swapper/1 next_pid=0 next_prio=120
          <idle>-0     [001]    76.537760: sched_wakeup:          comm=shutils pid=1703 prio=120 success=1 target_cpu=1
          <idle>-0     [001]    76.537762: sched_switch:          prev_comm=swapper/1 prev_pid=0 prev_prio=120 prev_state=0 next_comm=shutils next_pid=1703 next_prio=120
         shutils-1703  [001]    76.537767: sched_switch:          prev_comm=shutils prev_pid=1703 prev_prio=120 prev_state=1 next_comm=swapper/1 next_pid=0 next_prio=120
          <idle>-0     [001]    76.537823: sched_wakeup:          comm=shutils pid=1703 prio=120 success=1 target_cpu=1
          <idle>-0     [001]    76.537825: sched_switch:          prev_comm=swapper/1 prev_pid=0 prev_prio=120 prev_state=0 next_comm=shutils next_pid=1703 next_prio=120
         shutils-1703  [001]    76.537830: sched_switch:          prev_comm=shutils prev_pid=1703 prev_prio=120 prev_state=1 next_comm=swapper/1 next_pid=0 next_prio=120
          <idle>-0     [001]    76.537886: sched_wakeup:          comm=shutils pid=1703 prio=120 success=1 target_cpu=1
          <idle>-0     [001]    76.537888: sched_switch:          prev_comm=swapper/1 prev_pid=0 prev_prio=120 prev_state=0 next_comm=shutils next_pid=1703 next_prio=120
         shutils-1703  [001]    76.537893: sched_switch:          prev_comm=shutils prev_pid=1703 prev_prio=120 prev_state=1 next_comm=swapper/1 next_pid=0 next_prio=120
          <idle>-0     [001]    76.538056: sched_wakeup:          comm=rcu_preempt pid=8 prio=120 success=1 target_cpu=1
          <idle>-0     [001]    76.538065: sched_switch:          prev_comm=swapper/1 prev_pid=0 prev_prio=120 prev_state=0 next_comm=rcu_preempt next_pid=8 next_prio=120
     rcu_preempt-8     [001]    76.538074: sched_switch:          prev_comm=rcu_preempt prev_pid=8 prev_prio=120 prev_state=1 next_comm=swapper/1 next_pid=0 next_prio=120
         busybox-1704  [002]    76.538200: sched_switch:          prev_comm=busybox prev_pid=1704 prev_prio=120 prev_state=64 next_comm=swapper/2 next_pid=0 next_prio=120
          <idle>-0     [001]    76.538314: sched_wakeup:          comm=shutils pid=1703 prio=120 success=1 target_cpu=1
          <idle>-0     [001]    76.538318: sched_switch:          prev_comm=swapper/1 prev_pid=0 prev_prio=120 prev_state=0 next_comm=shutils next_pid=1703 next_prio=120
         shutils-1703  [001]    76.538557: print:                0xffff00000819ff24s: cpu_frequency_devlib:        state=950000 cpu_id=0
         shutils-1703  [001]    76.538652: print:                0xffff00000819ff24s: cpu_frequency_devlib:        state=1200000 cpu_id=1
         shutils-1703  [001]    76.538734: print:                0xffff00000819ff24s: cpu_frequency_devlib:        state=1200000 cpu_id=2
         shutils-1703  [001]    76.538811: print:                0xffff00000819ff24s: cpu_frequency_devlib:        state=950000 cpu_id=3
         shutils-1703  [001]    76.538886: print:                0xffff00000819ff24s: cpu_frequency_devlib:        state=950000 cpu_id=4
         shutils-1703  [001]    76.538960: print:                0xffff00000819ff24s: cpu_frequency_devlib:        state=950000 cpu_id=5
         shutils-1703  [001]    76.539398: sched_switch:          prev_comm=shutils prev_pid=1703 prev_prio=120 prev_state=64 next_comm=swapper/1 next_pid=0 next_prio=120
          <idle>-0     [002]    76.539399: sched_wakeup:          comm=sh pid=1642 prio=120 success=1 target_cpu=2
          <idle>-0     [002]    76.539402: sched_switch:          prev_comm=swapper/2 prev_pid=0 prev_prio=120 prev_state=0 next_comm=sh next_pid=1642 next_prio=120
          <idle>-0     [001]    76.539504: sched_wakeup:          comm=kworker/u12:1 pid=46 prio=120 success=1 target_cpu=1
          <idle>-0     [001]    76.539507: sched_switch:          prev_comm=swapper/1 prev_pid=0 prev_prio=120 prev_state=0 next_comm=kworker/u12:1 next_pid=46 next_prio=120
   kworker/u12:1-46    [001]    76.539520: sched_switch:          prev_comm=kworker/u12:1 prev_pid=46 prev_prio=120 prev_state=1 next_comm=swapper/1 next_pid=0 next_prio=120
              sh-1642  [002]    76.539520: sched_wakeup:          comm=sshd pid=1639 prio=120 success=1 target_cpu=2
              sh-1642  [002]    76.539524: sched_switch:          prev_comm=sh prev_pid=1642 prev_prio=120 prev_state=0 next_comm=sshd next_pid=1639 next_prio=120
            sshd-1639  [002]    76.539631: sched_switch:          prev_comm=sshd prev_pid=1639 prev_prio=120 prev_state=1 next_comm=sh next_pid=1642 next_prio=120
          <idle>-0     [001]    76.539651: sched_wakeup:          comm=kworker/u12:1 pid=46 prio=120 success=1 target_cpu=1
          <idle>-0     [001]    76.539653: sched_switch:          prev_comm=swapper/1 prev_pid=0 prev_prio=120 prev_state=0 next_comm=kworker/u12:1 next_pid=46 next_prio=120
   kworker/u12:1-46    [001]    76.539659: sched_switch:          prev_comm=kworker/u12:1 prev_pid=46 prev_prio=120 prev_state=1 next_comm=swapper/1 next_pid=0 next_prio=120
              sh-1642  [002]    76.539660: sched_wakeup:          comm=sshd pid=1639 prio=120 success=1 target_cpu=2
              sh-1642  [002]    76.539663: sched_switch:          prev_comm=sh prev_pid=1642 prev_prio=120 prev_state=0 next_comm=sshd next_pid=1639 next_prio=120
            sshd-1639  [002]    76.539718: sched_switch:          prev_comm=sshd prev_pid=1639 prev_prio=120 prev_state=1 next_comm=sh next_pid=1642 next_prio=120
          <idle>-0     [001]    76.539792: sched_wakeup:          comm=kworker/u12:1 pid=46 prio=120 success=1 target_cpu=1
          <idle>-0     [001]    76.539795: sched_switch:          prev_comm=swapper/1 prev_pid=0 prev_prio=120 prev_state=0 next_comm=kworker/u12:1 next_pid=46 next_prio=120
   kworker/u12:1-46    [001]    76.539800: sched_switch:          prev_comm=kworker/u12:1 prev_pid=46 prev_prio=120 prev_state=1 next_comm=swapper/1 next_pid=0 next_prio=120
              sh-1642  [002]    76.539804: sched_switch:          prev_comm=sh prev_pid=1642 prev_prio=120 prev_state=1 next_comm=swapper/2 next_pid=0 next_prio=120
          <idle>-0     [002]    76.539808: sched_wakeup:          comm=sshd pid=1639 prio=120 success=1 target_cpu=2
          <idle>-0     [002]    76.539810: sched_switch:          prev_comm=swapper/2 prev_pid=0 prev_prio=120 prev_state=0 next_comm=sshd next_pid=1639 next_prio=120
            sshd-1639  [002]    76.539852: sched_switch:          prev_comm=sshd prev_pid=1639 prev_prio=120 prev_state=1 next_comm=swapper/2 next_pid=0 next_prio=120
          <idle>-0     [002]    76.542055: sched_wakeup:          comm=rcu_preempt pid=8 prio=120 success=1 target_cpu=2
          <idle>-0     [002]    76.542059: sched_switch:          prev_comm=swapper/2 prev_pid=0 prev_prio=120 prev_state=0 next_comm=rcu_preempt next_pid=8 next_prio=120
