version = 6
cpus=6
           <...>-1701  [001]    76.211513: sched_switch:          prev_comm=trace-cmd prev_pid=1701 prev_prio=120 prev_state=64 next_comm=swapper/1 next_pid=0 next_prio=120
          <idle>-0     [002]    76.211513: sched_wakeup:          comm=sh pid=1642 prio=120 success=1 target_cpu=2
          <idle>-0     [002]    76.211523: sched_switch:          prev_comm=swapper/2 prev_pid=0 prev_prio=120 prev_state=0 next_comm=sh next_pid=1642 next_prio=120
              sh-1642  [002]    76.211696: sched_wakeup:          comm=kworker/u12:1 pid=46 prio=120 success=1 target_cpu=2
              sh-1642  [002]    76.211701: sched_switch:          prev_comm=sh prev_pid=1642 prev_prio=120 prev_state=4096 next_comm=kworker/u12:1 next_pid=46 next_prio=120
          <idle>-0     [001]    76.211715: sched_wakeup:          comm=sshd pid=1639 prio=120 success=1 target_cpu=1
   kworker/u12:1-46    [002]    76.211715: sched_switch:          prev_comm=kworker/u12:1 prev_pid=46 prev_prio=120 prev_state=1 next_comm=sh next_pid=1642 next_prio=120
          <idle>-0     [001]    76.211718: sched_switch:          prev_comm=swapper/1 prev_pid=0 prev_prio=120 prev_state=0 next_comm=sshd next_pid=1639 next_prio=120
              sh-1642  [002]    76.211752: sched_wakeup:          comm=kworker/u12:1 pid=46 prio=120 success=1 target_cpu=2
              sh-1642  [002]    76.211756: sched_switch:          prev_comm=sh prev_pid=1642 prev_prio=120 prev_state=4096 next_comm=kworker/u12:1 next_pid=46 next_prio=120
   kworker/u12:1-46    [002]    76.211762: sched_switch:          prev_comm=kworker/u12:1 prev_pid=46 prev_prio=120 prev_state=1 next_comm=sh next_pid=1642 next_prio=120
              sh-1642  [002]    76.211852: sched_wakeup:          comm=kworker/u12:1 pid=46 prio=120 success=1 target_cpu=2
              sh-1642  [002]    76.211856: sched_switch:          prev_comm=sh prev_pid=1642 prev_prio=120 prev_state=4096 next_comm=kworker/u12:1 next_pid=46 next_prio=120
            sshd-1639  [001]    76.211865: sched_switch:          prev_comm=sshd prev_pid=1639 prev_prio=120 prev_state=2 next_comm=swapper/1 next_pid=0 next_prio=120
   kworker/u12:1-46    [002]    76.211871: sched_switch:          prev_comm=kworker/u12:1 prev_pid=46 prev_prio=120 prev_state=1 next_comm=sh next_pid=1642 next_prio=120
          <idle>-0     [001]    76.211873: sched_wakeup:          comm=sshd pid=1639 prio=120 success=1 target_cpu=1
          <idle>-0     [001]    76.211876: sched_switch:          prev_comm=swapper/1 prev_pid=0 prev_prio=120 prev_state=0 next_comm=sshd next_pid=1639 next_prio=120
              sh-1642  [002]    76.211885: sched_switch:          prev_comm=sh prev_pid=1642 prev_prio=120 prev_state=1 next_comm=swapper/2 next_pid=0 next_prio=120
            sshd-1639  [001]    76.211932: sched_switch:          prev_comm=sshd prev_pid=1639 prev_prio=120 prev_state=1 next_comm=swapper/1 next_pid=0 next_prio=120
          <idle>-0     [001]    76.214046: sched_wakeup:          comm=watchdog/1 pid=15 prio=0 success=1 target_cpu=1
          <idle>-0     [001]    76.214058: sched_wakeup:          comm=rcu_sched pid=9 prio=120 success=1 target_cpu=1
          <idle>-0     [001]    76.214061: sched_wakeup:          comm=rcu_preempt pid=8 prio=120 success=1 target_cpu=1
          <idle>-0     [001]    76.214068: sched_switch:          prev_comm=swapper/1 prev_pid=0 prev_prio=120 prev_state=0 next_comm=watchdog/1 next_pid=15 next_prio=0
      watchdog/1-15    [001]    76.214075: sched_switch:          prev_comm=watchdog/1 prev_pid=15 prev_prio=0 prev_state=1 next_comm=rcu_sched next_pid=9 next_prio=120
       rcu_sched-9     [001]    76.214090: sched_switch:          prev_comm=rcu_sched prev_pid=9 prev_prio=120 prev_state=1 next_comm=rcu_preempt next_pid=8 next_prio=120
     rcu_preempt-8     [001]    76.214104: sched_switch:          prev_comm=rcu_preempt prev_pid=8 prev_prio=120 prev_state=1 next_comm=swapper/1 next_pid=0 next_prio=120
          <idle>-0     [001]    76.222125: sched_wakeup:          comm=rcu_preempt pid=8 prio=120 success=1 target_cpu=1
          <idle>-0     [001]    76.222127: sched_wakeup:          comm=rcu_sched pid=9 prio=120 success=1 target_cpu=1
          <idle>-0     [001]    76.222135: sched_switch:          prev_comm=swapper/1 prev_pid=0 prev_prio=120 prev_state=0 next_comm=rcu_preempt next_pid=8 next_prio=120
     rcu_preempt-8     [001]    76.222147: sched_switch:          prev_comm=rcu_preempt prev_pid=8 prev_prio=120 prev_state=1 next_comm=rcu_sched next_pid=9 next_prio=120
       rcu_sched-9     [001]    76.222158: sched_switch:          prev_comm=rcu_sched prev_pid=9 prev_prio=120 prev_state=1 next_comm=swapper/1 next_pid=0 next_prio=120
          <idle>-0     [001]    76.230124: sched_wakeup:          comm=rcu_sched pid=9 prio=120 success=1 target_cpu=1
          <idle>-0     [001]    76.230127: sched_wakeup:          comm=rcu_preempt pid=8 prio=120 success=1 target_cpu=1
          <idle>-0     [001]    76.230134: sched_switch:          prev_comm=swapper/1 prev_pid=0 prev_prio=120 prev_state=0 next_comm=rcu_sched next_pid=9 next_prio=120
       rcu_sched-9     [001]    76.230143: sched_switch:          prev_comm=rcu_sched prev_pid=9 prev_prio=120 prev_state=1 next_comm=rcu_preempt next_pid=8 next_prio=120
     rcu_preempt-8     [001]    76.230156: sched_switch:          prev_comm=rcu_preempt prev_pid=8 prev_prio=120 prev_state=1 next_comm=swapper/1 next_pid=0 next_prio=120
          <idle>-0     [001]    76.238124: sched_wakeup:          comm=rcu_preempt pid=8 prio=120 success=1 target_cpu=1
          <idle>-0     [001]    76.238132: sched_switch:          prev_comm=swapper/1 prev_pid=0 prev_prio=120 prev_state=0 next_comm=rcu_preempt next_pid=8 next_prio=120
     rcu_preempt-8     [001]    76.238143: sched_switch:          prev_comm=rcu_preempt prev_pid=8 prev_prio=120 prev_state=1 next_comm=swapper/1 next_pid=0 next_prio=120
          <idle>-0     [001]    76.246124: sched_wakeup:          comm=rcu_preempt pid=8 prio=120 success=1 target_cpu=1
          <idle>-0     [001]    76.246132: sched_switch:          prev_comm=swapper/1 prev_pid=0 prev_prio=120 prev_state=0 next_comm=rcu_preempt next_pid=8 next_prio=120
     rcu_preempt-8     [001]    76.246141: sched_switch:          prev_comm=rcu_preempt prev_pid=8 prev_prio=120 prev_state=1 next_comm=swapper/1 next_pid=0 next_prio=120
          <idle>-0     [002]    76.258045: sched_wakeup:          comm=watchdog/2 pid=21 prio=0 success=1 target_cpu=2
          <idle>-0     [002]    76.258051: sched_switch:          prev_comm=swapper/2 prev_pid=0 prev_prio=120 prev_state=0 next_comm=watchdog/2 next_pid=21 next_prio=0
      watchdog/2-21    [002]    76.258056: sched_switch:          prev_comm=watchdog/2 prev_pid=21 prev_prio=0 prev_state=1 next_comm=swapper/2 next_pid=0 next_prio=120
          <idle>-0     [003]    76.302164: sched_wakeup:          comm=watchdog/3 pid=27 prio=0 success=1 target_cpu=3
          <idle>-0     [003]    76.302191: sched_switch:          prev_comm=swapper/3 prev_pid=0 prev_prio=120 prev_state=0 next_comm=watchdog/3 next_pid=27 next_prio=0
      watchdog/3-27    [003]    76.302204: sched_switch:          prev_comm=watchdog/3 prev_pid=27 prev_prio=0 prev_state=1 next_comm=swapper/3 next_pid=0 next_prio=120
          <idle>-0     [004]    76.346164: sched_wakeup:          comm=watchdog/4 pid=33 prio=0 success=1 target_cpu=4
          <idle>-0     [004]    76.346190: sched_switch:          prev_comm=swapper/4 prev_pid=0 prev_prio=120 prev_state=0 next_comm=watchdog/4 next_pid=33 next_prio=0
      watchdog/4-33    [004]    76.346204: sched_switch:          prev_comm=watchdog/4 prev_pid=33 prev_prio=0 prev_state=1 next_comm=swapper/4 next_pid=0 next_prio=120
          <idle>-0     [001]    76.364034: sched_wakeup:          comm=sshd pid=1639 prio=120 success=1 target_cpu=1
          <idle>-0     [001]    76.364041: sched_switch:          prev_comm=swapper/1 prev_pid=0 prev_prio=120 prev_state=0 next_comm=sshd next_pid=1639 next_prio=120
            sshd-1639  [001]    76.364121: sched_switch:          prev_comm=sshd prev_pid=1639 prev_prio=120 prev_state=1 next_comm=swapper/1 next_pid=0 next_prio=120
          <idle>-0     [002]    76.364182: sched_wakeup:          comm=kworker/u12:1 pid=46 prio=120 success=1 target_cpu=2
          <idle>-0     [002]    76.364189: sched_switch:          prev_comm=swapper/2 prev_pid=0 prev_prio=120 prev_state=0 next_comm=kworker/u12:1 next_pid=46 next_prio=120
   kworker/u12:1-46    [002]    76.364199: sched_wakeup:          comm=sh pid=1642 prio=120 success=1 target_cpu=2
   kworker/u12:1-46    [002]    76.364203: sched_switch:          prev_comm=kworker/u12:1 prev_pid=46 prev_prio=120 prev_state=1 next_comm=sh next_pid=1642 next_prio=120
              sh-1642  [002]    76.364222: sched_wakeup:          comm=kworker/u12:1 pid=46 prio=120 success=1 target_cpu=2
              sh-1642  [002]    76.364225: sched_switch:          prev_comm=sh prev_pid=1642 prev_prio=120 prev_state=4096 next_comm=kworker/u12:1 next_pid=46 next_prio=120
   kworker/u12:1-46    [002]    76.364233: sched_switch:          prev_comm=kworker/u12:1 prev_pid=46 prev_prio=120 prev_state=1 next_comm=sh next_pid=1642 next_prio=120
              sh-1642  [002]    76.364246: sched_wakeup:          comm=kworker/u12:1 pid=46 prio=120 success=1 target_cpu=2
              sh-1642  [002]    76.364250: sched_switch:          prev_comm=sh prev_pid=1642 prev_prio=120 prev_state=4096 next_comm=kworker/u12:1 next_pid=46 next_prio=120
   kworker/u12:1-46    [002]    76.364255: sched_switch:          prev_comm=kworker/u12:1 prev_pid=46 prev_prio=120 prev_state=1 next_comm=sh next_pid=1642 next_prio=120
              sh-1642  [002]    76.364267: sched_wakeup:          comm=kworker/u12:1 pid=46 prio=120 success=1 target_cpu=2
              sh-1642  [002]    76.364270: sched_switch:          prev_comm=sh prev_pid=1642 prev_prio=120 prev_state=4096 next_comm=kworker/u12:1 next_pid=46 next_prio=120
   kworker/u12:1-46    [002]    76.364275: sched_switch:          prev_comm=kworker/u12:1 prev_pid=46 prev_prio=120 prev_state=1 next_comm=sh next_pid=1642 next_prio=120
              sh-1642  [002]    76.364287: sched_wakeup:          comm=kworker/u12:1 pid=46 prio=120 success=1 target_cpu=2
              sh-1642  [002]    76.364289: sched_switch:          prev_comm=sh prev_pid=1642 prev_prio=120 prev_state=4096 next_comm=kworker/u12:1 next_pid=46 next_prio=120
   kworker/u12:1-46    [002]    76.364294: sched_switch:          prev_comm=kworker/u12:1 prev_pid=46 prev_prio=120 prev_state=1 next_comm=sh next_pid=1642 next_prio=120
              sh-1642  [002]    76.364306: sched_wakeup:          comm=kworker/u12:1 pid=46 prio=120 success=1 target_cpu=2
              sh-1642  [002]    76.364309: sched_switch:          prev_comm=sh prev_pid=1642 prev_prio=120 prev_state=4096 next_comm=kworker/u12:1 next_pid=46 next_prio=120
   kworker/u12:1-46    [002]    76.364313: sched_switch:          prev_comm=kworker/u12:1 prev_pid=46 prev_prio=120 prev_state=1 next_comm=sh next_pid=1642 next_prio=120
              sh-1642  [002]    76.364325: sched_wakeup:          comm=kworker/u12:1 pid=46 prio=120 success=1 target_cpu=2
          <idle>-0     [001]    76.364328: sched_wakeup:          comm=sshd pid=1639 prio=120 success=1 target_cpu=1
              sh-1642  [002]    76.364328: sched_switch:          prev_comm=sh prev_pid=1642 prev_prio=120 prev_state=4096 next_comm=kworker/u12:1 next_pid=46 next_prio=120
   kworker/u12:1-46    [002]    76.364333: sched_switch:          prev_comm=kworker/u12:1 prev_pid=46 prev_prio=120 prev_state=1 next_comm=sh next_pid=1642 next_prio=120
          <idle>-0     [001]    76.364334: sched_switch:          prev_comm=swapper/1 prev_pid=0 prev_prio=120 prev_state=0 next_comm=sshd next_pid=1639 next_prio=120
              sh-1642  [002]    76.364345: sched_wakeup:          comm=kworker/u12:1 pid=46 prio=120 success=1 target_cpu=2
              sh-1642  [002]    76.364348: sched_switch:          prev_comm=sh prev_pid=1642 prev_prio=120 prev_state=4096 next_comm=kworker/u12:1 next_pid=46 next_prio=120
   kworker/u12:1-46    [002]    76.364353: sched_switch:          prev_comm=kworker/u12:1 prev_pid=46 prev_prio=120 prev_state=1 next_comm=sh next_pid=1642 next_prio=120
              sh-1642  [002]    76.364365: sched_wakeup:          comm=kworker/u12:1 pid=46 prio=120 success=1 target_cpu=2
              sh-1642  [002]    76.364368: sched_switch:          prev_comm=sh prev_pid=1642 prev_prio=120 prev_state=4096 next_comm=kworker/u12:1 next_pid=46 next_prio=120
   kworker/u12:1-46    [002]    76.364372: sched_switch:          prev_comm=kworker/u12:1 prev_pid=46 prev_prio=120 prev_state=1 next_comm=sh next_pid=1642 next_prio=120
              sh-1642  [002]    76.364384: sched_wakeup:          comm=kworker/u12:1 pid=46 prio=120 success=1 target_cpu=2
              sh-1642  [002]    76.364387: sched_switch:          prev_comm=sh prev_pid=1642 prev_prio=120 prev_state=4096 next_comm=kworker/u12:1 next_pid=46 next_prio=120
   kworker/u12:1-46    [002]    76.364392: sched_switch:          prev_comm=kworker/u12:1 prev_pid=46 prev_prio=120 prev_state=1 next_comm=sh next_pid=1642 next_prio=120
              sh-1642  [002]    76.364404: sched_wakeup:          comm=kworker/u12:1 pid=46 prio=120 success=1 target_cpu=2
              sh-1642  [002]    76.364406: sched_switch:          prev_comm=sh prev_pid=1642 prev_prio=120 prev_state=4096 next_comm=kworker/u12:1 next_pid=46 next_prio=120
   kworker/u12:1-46    [002]    76.364411: sched_switch:          prev_comm=kworker/u12:1 prev_pid=46 prev_prio=120 prev_state=1 next_comm=sh next_pid=1642 next_prio=120
              sh-1642  [002]    76.364423: sched_wakeup:          comm=kworker/u12:1 pid=46 prio=120 success=1 target_cpu=2
              sh-1642  [002]    76.364426: sched_switch:          prev_comm=sh prev_pid=1642 prev_prio=120 prev_state=4096 next_comm=kworker/u12:1 next_pid=46 next_prio=120
   kworker/u12:1-46    [002]    76.364430: sched_switch:          prev_comm=kworker/u12:1 prev_pid=46 prev_prio=120 prev_state=1 next_comm=sh next_pid=1642 next_prio=120
              sh-1642  [002]    76.364442: sched_wakeup:          comm=kworker/u12:1 pid=46 prio=120 success=1 target_cpu=2
              sh-1642  [002]    76.364445: sched_switch:          prev_comm=sh prev_pid=1642 prev_prio=120 prev_state=4096 next_comm=kworker/u12:1 next_pid=46 next_prio=120
   kworker/u12:1-46    [002]    76.364450: sched_switch:          prev_comm=kworker/u12:1 prev_pid=46 prev_prio=120 prev_state=1 next_comm=sh next_pid=1642 next_prio=120
              sh-1642  [002]    76.364462: sched_wakeup:          comm=kworker/u12:1 pid=46 prio=120 success=1 target_cpu=2
              sh-1642  [002]    76.364465: sched_switch:          prev_comm=sh prev_pid=1642 prev_prio=120 prev_state=4096 next_comm=kworker/u12:1 next_pid=46 next_prio=120
   kworker/u12:1-46    [002]    76.364469: sched_switch:          prev_comm=kworker/u12:1 prev_pid=46 prev_prio=120 prev_state=1 next_comm=sh next_pid=1642 next_prio=120
              sh-1642  [002]    76.364481: sched_wakeup:          comm=kworker/u12:1 pid=46 prio=120 success=1 target_cpu=2
              sh-1642  [002]    76.364485: sched_switch:          prev_comm=sh prev_pid=1642 prev_prio=120 prev_state=4096 next_comm=kworker/u12:1 next_pid=46 next_prio=120
   kworker/u12:1-46    [002]    76.364489: sched_switch:          prev_comm=kworker/u12:1 prev_pid=46 prev_prio=120 prev_state=1 next_comm=sh next_pid=1642 next_prio=120
              sh-1642  [002]    76.364501: sched_wakeup:          comm=kworker/u12:1 pid=46 prio=120 success=1 target_cpu=2
              sh-1642  [002]    76.364504: sched_switch:          prev_comm=sh prev_pid=1642 prev_prio=120 prev_state=4096 next_comm=kworker/u12:1 next_pid=46 next_prio=120
   kworker/u12:1-46    [002]    76.364509: sched_switch:          prev_comm=kworker/u12:1 prev_pid=46 prev_prio=120 prev_state=1 next_comm=sh next_pid=1642 next_prio=120
              sh-1642  [002]    76.364521: sched_wakeup:          comm=kworker/u12:1 pid=46 prio=120 success=1 target_cpu=2
              sh-1642  [002]    76.364524: sched_switch:          prev_comm=sh prev_pid=1642 prev_prio=120 prev_state=4096 next_comm=kworker/u12:1 next_pid=46 next_prio=120
   kworker/u12:1-46    [002]    76.364528: sched_switch:          prev_comm=kworker/u12:1 prev_pid=46 prev_prio=120 prev_state=1 next_comm=sh next_pid=1642 next_prio=120
              sh-1642  [002]    76.364541: sched_wakeup:          comm=kworker/u12:1 pid=46 prio=120 success=1 target_cpu=2
              sh-1642  [002]    76.364545: sched_switch:          prev_comm=sh prev_pid=1642 prev_prio=120 prev_state=4096 next_comm=kworker/u12:1 next_pid=46 next_prio=120
            sshd-1639  [001]    76.364556: sched_switch:          prev_comm=sshd prev_pid=1639 prev_prio=120 prev_state=2 next_comm=swapper/1 next_pid=0 next_prio=120
   kworker/u12:1-46    [002]    76.364562: sched_switch:          prev_comm=kworker/u12:1 prev_pid=46 prev_prio=120 prev_state=1 next_comm=sh next_pid=1642 next_prio=120
          <idle>-0     [001]    76.364565: sched_wakeup:          comm=sshd pid=1639 prio=120 success=1 target_cpu=1
          <idle>-0     [001]    76.364569: sched_switch:          prev_comm=swapper/1 prev_pid=0 prev_prio=120 prev_state=0 next_comm=sshd next_pid=1639 next_prio=120
              sh-1642  [002]    76.364575: sched_wakeup:          comm=kworker/u12:1 pid=46 prio=120 success=1 target_cpu=2
              sh-1642  [002]    76.364578: sched_switch:          prev_comm=sh prev_pid=1642 prev_prio=120 prev_state=4096 next_comm=kworker/u12:1 next_pid=46 next_prio=120
   kworker/u12:1-46    [002]    76.364583: sched_switch:          prev_comm=kworker/u12:1 prev_pid=46 prev_prio=120 prev_state=1 next_comm=sh next_pid=1642 next_prio=120
              sh-1642  [002]    76.364595: sched_wakeup:          comm=kworker/u12:1 pid=46 prio=120 success=1 target_cpu=2
              sh-1642  [002]    76.364598: sched_switch:          prev_comm=sh prev_pid=1642 prev_prio=120 prev_state=4096 next_comm=kworker/u12:1 next_pid=46 next_prio=120
   kworker/u12:1-46    [002]    76.364603: sched_switch:          prev_comm=kworker/u12:1 prev_pid=46 prev_prio=120 prev_state=1 next_comm=sh next_pid=1642 next_prio=120
              sh-1642  [002]    76.364615: sched_wakeup:          comm=kworker/u12:1 pid=46 prio=120 success=1 target_cpu=2
              sh-1642  [002]    76.364618: sched_switch:          prev_comm=sh prev_pid=1642 prev_prio=120 prev_state=4096 next_comm=kworker/u12:1 next_pid=46 next_prio=120
   kworker/u12:1-46    [002]    76.364623: sched_switch:          prev_comm=kworker/u12:1 prev_pid=46 prev_prio=120 prev_state=1 next_comm=sh next_pid=1642 next_prio=120
              sh-1642  [002]    76.364636: sched_wakeup:          comm=kworker/u12:1 pid=46 prio=120 success=1 target_cpu=2
              sh-1642  [002]    76.364639: sched_switch:          prev_comm=sh prev_pid=1642 prev_prio=120 prev_state=4096 next_comm=kworker/u12:1 next_pid=46 next_prio=120
   kworker/u12:1-46    [002]    76.364644: sched_switch:          prev_comm=kworker/u12:1 prev_pid=46 prev_prio=120 prev_state=1 next_comm=sh next_pid=1642 next_prio=120
              sh-1642  [002]    76.364656: sched_wakeup:          comm=kworker/u12:1 pid=46 prio=120 success=1 target_cpu=2
              sh-1642  [002]    76.364659: sched_switch:          prev_comm=sh prev_pid=1642 prev_prio=120 prev_state=4096 next_comm=kworker/u12:1 next_pid=46 next_prio=120
            sshd-1639  [001]    76.364668: sched_switch:          prev_comm=sshd prev_pid=1639 prev_prio=120 prev_state=2 next_comm=swapper/1 next_pid=0 next_prio=120
   kworker/u12:1-46    [002]    76.364673: sched_switch:          prev_comm=kworker/u12:1 prev_pid=46 prev_prio=120 prev_state=1 next_comm=sh next_pid=1642 next_prio=120
          <idle>-0     [001]    76.364674: sched_wakeup:          comm=sshd pid=1639 prio=120 success=1 target_cpu=1
          <idle>-0     [001]    76.364678: sched_switch:          prev_comm=swapper/1 prev_pid=0 prev_prio=120 prev_state=0 next_comm=sshd next_pid=1639 next_prio=120
              sh-1642  [002]    76.364685: sched_wakeup:          comm=kworker/u12:1 pid=46 prio=120 success=1 target_cpu=2
              sh-1642  [002]    76.364688: sched_switch:          prev_comm=sh prev_pid=1642 prev_prio=120 prev_state=4096 next_comm=kworker/u12:1 next_pid=46 next_prio=120
   kworker/u12:1-46    [002]    76.364693: sched_switch:          prev_comm=kworker/u12:1 prev_pid=46 prev_prio=120 prev_state=1 next_comm=sh next_pid=1642 next_prio=120
              sh-1642  [002]    76.364705: sched_wakeup:          comm=kworker/u12:1 pid=46 prio=120 success=1 target_cpu=2
              sh-1642  [002]    76.364708: sched_switch:          prev_comm=sh prev_pid=1642 prev_prio=120 prev_state=4096 next_comm=kworker/u12:1 next_pid=46 next_prio=120
   kworker/u12:1-46    [002]    76.364713: sched_switch:          prev_comm=kworker/u12:1 prev_pid=46 prev_prio=120 prev_state=1 next_comm=sh next_pid=1642 next_prio=120
              sh-1642  [002]    76.364726: sched_wakeup:          comm=kworker/u12:1 pid=46 prio=120 success=1 target_cpu=2
              sh-1642  [002]    76.364728: sched_switch:          prev_comm=sh prev_pid=1642 prev_prio=120 prev_state=4096 next_comm=kworker/u12:1 next_pid=46 next_prio=120
   kworker/u12:1-46    [002]    76.364733: sched_switch:          prev_comm=kworker/u12:1 prev_pid=46 prev_prio=120 prev_state=1 next_comm=sh next_pid=1642 next_prio=120
              sh-1642  [002]    76.364746: sched_wakeup:          comm=kworker/u12:1 pid=46 prio=120 success=1 target_cpu=2
              sh-1642  [002]    76.364749: sched_switch:          prev_comm=sh prev_pid=1642 prev_prio=120 prev_state=4096 next_comm=kworker/u12:1 next_pid=46 next_prio=120
   kworker/u12:1-46    [002]    76.364753: sched_switch:          prev_comm=kworker/u12:1 prev_pid=46 prev_prio=120 prev_state=1 next_comm=sh next_pid=1642 next_prio=120
              sh-1642  [002]    76.364766: sched_wakeup:          comm=kworker/u12:1 pid=46 prio=120 success=1 target_cpu=2
              sh-1642  [002]    76.364769: sched_switch:          prev_comm=sh prev_pid=1642 prev_prio=120 prev_state=4096 next_comm=kworker/u12:1 next_pid=46 next_prio=120
            sshd-1639  [001]    76.364778: sched_switch:          prev_comm=sshd prev_pid=1639 prev_prio=120 prev_state=2 next_comm=swapper/1 next_pid=0 next_prio=120
   kworker/u12:1-46    [002]    76.364783: sched_switch:          prev_comm=kworker/u12:1 prev_pid=46 prev_prio=120 prev_state=1 next_comm=sh next_pid=1642 next_prio=120
          <idle>-0     [001]    76.364784: sched_wakeup:          comm=sshd pid=1639 prio=120 success=1 target_cpu=1
          <idle>-0     [001]    76.364788: sched_switch:          prev_comm=swapper/1 prev_pid=0 prev_prio=120 prev_state=0 next_comm=sshd next_pid=1639 next_prio=120
              sh-1642  [002]    76.364796: sched_wakeup:          comm=kworker/u12:1 pid=46 prio=120 success=1 target_cpu=2
              sh-1642  [002]    76.364799: sched_switch:          prev_comm=sh prev_pid=1642 prev_prio=120 prev_state=4096 next_comm=kworker/u12:1 next_pid=46 next_prio=120
   kworker/u12:1-46    [002]    76.364803: sched_switch:          prev_comm=kworker/u12:1 prev_pid=46 prev_prio=120 prev_state=1 next_comm=sh next_pid=1642 next_prio=120
              sh-1642  [002]    76.364816: sched_wakeup:          comm=kworker/u12:1 pid=46 prio=120 success=1 target_cpu=2
              sh-1642  [002]    76.364819: sched_switch:          prev_comm=sh prev_pid=1642 prev_prio=120 prev_state=4096 next_comm=kworker/u12:1 next_pid=46 next_prio=120
   kworker/u12:1-46    [002]    76.364824: sched_switch:          prev_comm=kworker/u12:1 prev_pid=46 prev_prio=120 prev_state=1 next_comm=sh next_pid=1642 next_prio=120
              sh-1642  [002]    76.364837: sched_wakeup:          comm=kworker/u12:1 pid=46 prio=120 success=1 target_cpu=2
              sh-1642  [002]    76.364840: sched_switch:          prev_comm=sh prev_pid=1642 prev_prio=120 prev_state=4096 next_comm=kworker/u12:1 next_pid=46 next_prio=120
   kworker/u12:1-46    [002]    76.364844: sched_switch:          prev_comm=kworker/u12:1 prev_pid=46 prev_prio=120 prev_state=1 next_comm=sh next_pid=1642 next_prio=120
              sh-1642  [002]    76.364857: sched_wakeup:          comm=kworker/u12:1 pid=46 prio=120 success=1 target_cpu=2
              sh-1642  [002]    76.364860: sched_switch:          prev_comm=sh prev_pid=1642 prev_prio=120 prev_state=4096 next_comm=kworker/u12:1 next_pid=46 next_prio=120
   kworker/u12:1-46    [002]    76.364864: sched_switch:          prev_comm=kworker/u12:1 prev_pid=46 prev_prio=120 prev_state=1 next_comm=sh next_pid=1642 next_prio=120
              sh-1642  [002]    76.364877: sched_wakeup:          comm=kworker/u12:1 pid=46 prio=120 success=1 target_cpu=2
              sh-1642  [002]    76.364880: sched_switch:          prev_comm=sh prev_pid=1642 prev_prio=120 prev_state=4096 next_comm=kworker/u12:1 next_pid=46 next_prio=120
   kworker/u12:1-46    [002]    76.364884: sched_switch:          prev_comm=kworker/u12:1 prev_pid=46 prev_prio=120 prev_state=1 next_comm=sh next_pid=1642 next_prio=120
              sh-1642  [002]    76.364898: sched_wakeup:          comm=kworker/u12:1 pid=46 prio=120 success=1 target_cpu=2
              sh-1642  [002]    76.364900: sched_switch:          prev_comm=sh prev_pid=1642 prev_prio=120 prev_state=4096 next_comm=kworker/u12:1 next_pid=46 next_prio=120
   kworker/u12:1-46    [002]    76.364905: sched_switch:          prev_comm=kworker/u12:1 prev_pid=46 prev_prio=120 prev_state=1 next_comm=sh next_pid=1642 next_prio=120
              sh-1642  [002]    76.364918: sched_wakeup:          comm=kworker/u12:1 pid=46 prio=120 success=1 target_cpu=2
              sh-1642  [002]    76.364921: sched_switch:          prev_comm=sh prev_pid=1642 prev_prio=120 prev_state=4096 next_comm=kworker/u12:1 next_pid=46 next_prio=120
   kworker/u12:1-46    [002]    76.364925: sched_switch:          prev_comm=kworker/u12:1 prev_pid=46 prev_prio=120 prev_state=1 next_comm=sh next_pid=1642 next_prio=120
              sh-1642  [002]    76.364938: sched_wakeup:          comm=kworker/u12:1 pid=46 prio=120 success=1 target_cpu=2
              sh-1642  [002]    76.364941: sched_switch:          prev_comm=sh prev_pid=1642 prev_prio=120 prev_state=4096 next_comm=kworker/u12:1 next_pid=46 next_prio=120
   kworker/u12:1-46    [002]    76.364946: sched_switch:          prev_comm=kworker/u12:1 prev_pid=46 prev_prio=120 prev_state=1 next_comm=sh next_pid=1642 next_prio=120
              sh-1642  [002]    76.364959: sched_wakeup:          comm=kworker/u12:1 pid=46 prio=120 success=1 target_cpu=2
              sh-1642  [002]    76.364962: sched_switch:          prev_comm=sh prev_pid=1642 prev_prio=120 prev_state=4096 next_comm=kworker/u12:1 next_pid=46 next_prio=120
            sshd-1639  [001]    76.364968: sched_switch:          prev_comm=sshd prev_pid=1639 prev_prio=120 prev_state=2 next_comm=swapper/1 next_pid=0 next_prio=120
   kworker/u12:1-46    [002]    76.364973: sched_switch:          prev_comm=kworker/u12:1 prev_pid=46 prev_prio=120 prev_state=1 next_comm=sh next_pid=1642 next_prio=120
          <idle>-0     [001]    76.364976: sched_wakeup:          comm=sshd pid=1639 prio=120 success=1 target_cpu=1
          <idle>-0     [001]    76.364979: sched_switch:          prev_comm=swapper/1 prev_pid=0 prev_prio=120 prev_state=0 next_comm=sshd next_pid=1639 next_prio=120
              sh-1642  [002]    76.364987: sched_wakeup:          comm=kworker/u12:1 pid=46 prio=120 success=1 target_cpu=2
              sh-1642  [002]    76.364990: sched_switch:          prev_comm=sh prev_pid=1642 prev_prio=120 prev_state=4096 next_comm=kworker/u12:1 next_pid=46 next_prio=120
   kworker/u12:1-46    [002]    76.364994: sched_switch:          prev_comm=kworker/u12:1 prev_pid=46 prev_prio=120 prev_state=1 next_comm=sh next_pid=1642 next_prio=120
              sh-1642  [002]    76.365007: sched_wakeup:          comm=kworker/u12:1 pid=46 prio=120 success=1 target_cpu=2
              sh-1642  [002]    76.365010: sched_switch:          prev_comm=sh prev_pid=1642 prev_prio=120 prev_state=4096 next_comm=kworker/u12:1 next_pid=46 next_prio=120
   kworker/u12:1-46    [002]    76.365015: sched_switch:          prev_comm=kworker/u12:1 prev_pid=46 prev_prio=120 prev_state=1 next_comm=sh next_pid=1642 next_prio=120
              sh-1642  [002]    76.365028: sched_wakeup:          comm=kworker/u12:1 pid=46 prio=120 success=1 target_cpu=2
              sh-1642  [002]    76.365031: sched_switch:          prev_comm=sh prev_pid=1642 prev_prio=120 prev_state=4096 next_comm=kworker/u12:1 next_pid=46 next_prio=120
   kworker/u12:1-46    [002]    76.365036: sched_switch:          prev_comm=kworker/u12:1 prev_pid=46 prev_prio=120 prev_state=1 next_comm=sh next_pid=1642 next_prio=120
              sh-1642  [002]    76.365050: sched_wakeup:          comm=kworker/u12:1 pid=46 prio=120 success=1 target_cpu=2
              sh-1642  [002]    76.365052: sched_switch:          prev_comm=sh prev_pid=1642 prev_prio=120 prev_state=4096 next_comm=kworker/u12:1 next_pid=46 next_prio=120
            sshd-1639  [001]    76.365060: sched_switch:          prev_comm=sshd prev_pid=1639 prev_prio=120 prev_state=2 next_comm=swapper/1 next_pid=0 next_prio=120
   kworker/u12:1-46    [002]    76.365065: sched_switch:          prev_comm=kworker/u12:1 prev_pid=46 prev_prio=120 prev_state=1 next_comm=sh next_pid=1642 next_prio=120
          <idle>-0     [001]    76.365066: sched_wakeup:          comm=sshd pid=1639 prio=120 success=1 target_cpu=1
          <idle>-0     [001]    76.365070: sched_switch:          prev_comm=swapper/1 prev_pid=0 prev_prio=120 prev_state=0 next_comm=sshd next_pid=1639 next_prio=120
              sh-1642  [002]    76.365079: sched_wakeup:          comm=kworker/u12:1 pid=46 prio=120 success=1 target_cpu=2
              sh-1642  [002]    76.365082: sched_switch:          prev_comm=sh prev_pid=1642 prev_prio=120 prev_state=4096 next_comm=kworker/u12:1 next_pid=46 next_prio=120
   kworker/u12:1-46    [002]    76.365086: sched_switch:          prev_comm=kworker/u12:1 prev_pid=46 prev_prio=120 prev_state=1 next_comm=sh next_pid=1642 next_prio=120
              sh-1642  [002]    76.365100: sched_wakeup:          comm=kworker/u12:1 pid=46 prio=120 success=1 target_cpu=2
              sh-1642  [002]    76.365103: sched_switch:          prev_comm=sh prev_pid=1642 prev_prio=120 prev_state=4096 next_comm=kworker/u12:1 next_pid=46 next_prio=120
   kworker/u12:1-46    [002]    76.365107: sched_switch:          prev_comm=kworker/u12:1 prev_pid=46 prev_prio=120 prev_state=1 next_comm=sh next_pid=1642 next_prio=120
              sh-1642  [002]    76.365121: sched_wakeup:          comm=kworker/u12:1 pid=46 prio=120 success=1 target_cpu=2
              sh-1642  [002]    76.365123: sched_switch:          prev_comm=sh prev_pid=1642 prev_prio=120 prev_state=4096 next_comm=kworker/u12:1 next_pid=46 next_prio=120
   kworker/u12:1-46    [002]    76.365128: sched_switch:          prev_comm=kworker/u12:1 prev_pid=46 prev_prio=120 prev_state=1 next_comm=sh next_pid=1642 next_prio=120
              sh-1642  [002]    76.365142: sched_wakeup:          comm=kworker/u12:1 pid=46 prio=120 success=1 target_cpu=2
              sh-1642  [002]    76.365144: sched_switch:          prev_comm=sh prev_pid=1642 prev_prio=120 prev_state=4096 next_comm=kworker/u12:1 next_pid=46 next_prio=120
            sshd-1639  [001]    76.365147: sched_switch:          prev_comm=sshd prev_pid=1639 prev_prio=120 prev_state=2 next_comm=swapper/1 next_pid=0 next_prio=120
   kworker/u12:1-46    [002]    76.365152: sched_switch:          prev_comm=kworker/u12:1 prev_pid=46 prev_prio=120 prev_state=1 next_comm=sh next_pid=1642 next_prio=120
          <idle>-0     [001]    76.365153: sched_wakeup:          comm=sshd pid=1639 prio=120 success=1 target_cpu=1
          <idle>-0     [001]    76.365156: sched_switch:          prev_comm=swapper/1 prev_pid=0 prev_prio=120 prev_state=0 next_comm=sshd next_pid=1639 next_prio=120
              sh-1642  [002]    76.365165: sched_wakeup:          comm=kworker/u12:1 pid=46 prio=120 success=1 target_cpu=2
              sh-1642  [002]    76.365168: sched_switch:          prev_comm=sh prev_pid=1642 prev_prio=120 prev_state=4096 next_comm=kworker/u12:1 next_pid=46 next_prio=120
   kworker/u12:1-46    [002]    76.365173: sched_switch:          prev_comm=kworker/u12:1 prev_pid=46 prev_prio=120 prev_state=1 next_comm=sh next_pid=1642 next_prio=120
              sh-1642  [002]    76.365186: sched_wakeup:          comm=kworker/u12:1 pid=46 prio=120 success=1 target_cpu=2
              sh-1642  [002]    76.365189: sched_switch:          prev_comm=sh prev_pid=1642 prev_prio=120 prev_state=4096 next_comm=kworker/u12:1 next_pid=46 next_prio=120
   kworker/u12:1-46    [002]    76.365194: sched_switch:          prev_comm=kworker/u12:1 prev_pid=46 prev_prio=120 prev_state=1 next_comm=sh next_pid=1642 next_prio=120
              sh-1642  [002]    76.365207: sched_wakeup:          comm=kworker/u12:1 pid=46 prio=120 success=1 target_cpu=2
              sh-1642  [002]    76.365210: sched_switch:          prev_comm=sh prev_pid=1642 prev_prio=120 prev_state=4096 next_comm=kworker/u12:1 next_pid=46 next_prio=120
   kworker/u12:1-46    [002]    76.365215: sched_switch:          prev_comm=kworker/u12:1 prev_pid=46 prev_prio=120 prev_state=1 next_comm=sh next_pid=1642 next_prio=120
              sh-1642  [002]    76.365228: sched_wakeup:          comm=kworker/u12:1 pid=46 prio=120 success=1 target_cpu=2
              sh-1642  [002]    76.365231: sched_switch:          prev_comm=sh prev_pid=1642 prev_prio=120 prev_state=4096 next_comm=kworker/u12:1 next_pid=46 next_prio=120
            sshd-1639  [001]    76.365233: sched_switch:          prev_comm=sshd prev_pid=1639 prev_prio=120 prev_state=2 next_comm=swapper/1 next_pid=0 next_prio=120
   kworker/u12:1-46    [002]    76.365238: sched_switch:          prev_comm=kworker/u12:1 prev_pid=46 prev_prio=120 prev_state=1 next_comm=sh next_pid=1642 next_prio=120
          <idle>-0     [001]    76.365240: sched_wakeup:          comm=sshd pid=1639 prio=120 success=1 target_cpu=1
          <idle>-0     [001]    76.365243: sched_switch:          prev_comm=swapper/1 prev_pid=0 prev_prio=120 prev_state=0 next_comm=sshd next_pid=1639 next_prio=120
              sh-1642  [002]    76.365252: sched_wakeup:          comm=kworker/u12:1 pid=46 prio=120 success=1 target_cpu=2
              sh-1642  [002]    76.365255: sched_switch:          prev_comm=sh prev_pid=1642 prev_prio=120 prev_state=4096 next_comm=kworker/u12:1 next_pid=46 next_prio=120
   kworker/u12:1-46    [002]    76.365260: sched_switch:          prev_comm=kworker/u12:1 prev_pid=46 prev_prio=120 prev_state=1 next_comm=sh next_pid=1642 next_prio=120
              sh-1642  [002]    76.365273: sched_wakeup:          comm=kworker/u12:1 pid=46 prio=120 success=1 target_cpu=2
              sh-1642  [002]    76.365276: sched_switch:          prev_comm=sh prev_pid=1642 prev_prio=120 prev_state=4096 next_comm=kworker/u12:1 next_pid=46 next_prio=120
   kworker/u12:1-46    [002]    76.365281: sched_switch:          prev_comm=kworker/u12:1 prev_pid=46 prev_prio=120 prev_state=1 next_comm=sh next_pid=1642 next_prio=120
              sh-1642  [002]    76.365295: sched_wakeup:          comm=kworker/u12:1 pid=46 prio=120 success=1 target_cpu=2
              sh-1642  [002]    76.365297: sched_switch:          prev_comm=sh prev_pid=1642 prev_prio=120 prev_state=4096 next_comm=kworker/u12:1 next_pid=46 next_prio=120
   kworker/u12:1-46    [002]    76.365305: sched_wakeup:          comm=kworker/u12:0 pid=5 prio=120 success=1 target_cpu=2
            sshd-1639  [001]    76.365305: sched_switch:          prev_comm=sshd prev_pid=1639 prev_prio=120 prev_state=2 next_comm=swapper/1 next_pid=0 next_prio=120
   kworker/u12:1-46    [002]    76.365308: sched_switch:          prev_comm=kworker/u12:1 prev_pid=46 prev_prio=120 prev_state=4096 next_comm=kworker/u12:0 next_pid=5 next_prio=120
   kworker/u12:0-5     [002]    76.365313: sched_switch:          prev_comm=kworker/u12:0 prev_pid=5 prev_prio=120 prev_state=1 next_comm=kworker/u12:1 next_pid=46 next_prio=120
   kworker/u12:1-46    [002]    76.365318: sched_switch:          prev_comm=kworker/u12:1 prev_pid=46 prev_prio=120 prev_state=1 next_comm=sh next_pid=1642 next_prio=120
          <idle>-0     [001]    76.365322: sched_wakeup:          comm=sshd pid=1639 prio=120 success=1 target_cpu=1
          <idle>-0     [001]    76.365327: sched_switch:          prev_comm=swapper/1 prev_pid=0 prev_prio=120 prev_state=0 next_comm=sshd next_pid=1639 next_prio=120
              sh-1642  [002]    76.365332: sched_wakeup:          comm=kworker/u12:1 pid=46 prio=120 success=1 target_cpu=2
              sh-1642  [002]    76.365335: sched_switch:          prev_comm=sh prev_pid=1642 prev_prio=120 prev_state=4096 next_comm=kworker/u12:1 next_pid=46 next_prio=120
   kworker/u12:1-46    [002]    76.365340: sched_switch:          prev_comm=kworker/u12:1 prev_pid=46 prev_prio=120 prev_state=1 next_comm=sh next_pid=1642 next_prio=120
              sh-1642  [002]    76.365354: sched_wakeup:          comm=kworker/u12:1 pid=46 prio=120 success=1 target_cpu=2
              sh-1642  [002]    76.365357: sched_switch:          prev_comm=sh prev_pid=1642 prev_prio=120 prev_state=4096 next_comm=kworker/u12:1 next_pid=46 next_prio=120
   kworker/u12:1-46    [002]    76.365361: sched_switch:          prev_comm=kworker/u12:1 prev_pid=46 prev_prio=120 prev_state=1 next_comm=sh next_pid=1642 next_prio=120
              sh-1642  [002]    76.365375: sched_wakeup:          comm=kworker/u12:1 pid=46 prio=120 success=1 target_cpu=2
              sh-1642  [002]    76.365378: sched_switch:          prev_comm=sh prev_pid=1642 prev_prio=120 prev_state=4096 next_comm=kworker/u12:1 next_pid=46 next_prio=120
   kworker/u12:1-46    [002]    76.365383: sched_switch:          prev_comm=kworker/u12:1 prev_pid=46 prev_prio=120 prev_state=1 next_comm=sh next_pid=1642 next_prio=120
              sh-1642  [002]    76.365397: sched_wakeup:          comm=kworker/u12:1 pid=46 prio=120 success=1 target_cpu=2
              sh-1642  [002]    76.365400: sched_switch:          prev_comm=sh prev_pid=1642 prev_prio=120 prev_state=4096 next_comm=kworker/u12:1 next_pid=46 next_prio=120
   kworker/u12:1-46    [002]    76.365404: sched_switch:          prev_comm=kworker/u12:1 prev_pid=46 prev_prio=120 prev_state=1 next_comm=sh next_pid=1642 next_prio=120
              sh-1642  [002]    76.365419: sched_wakeup:          comm=kworker/u12:1 pid=46 prio=120 success=1 target_cpu=2
              sh-1642  [002]    76.365421: sched_switch:          prev_comm=sh prev_pid=1642 prev_prio=120 prev_state=4096 next_comm=kworker/u12:1 next_pid=46 next_prio=120
   kworker/u12:1-46    [002]    76.365426: sched_switch:          prev_comm=kworker/u12:1 prev_pid=46 prev_prio=120 prev_state=1 next_comm=sh next_pid=1642 next_prio=120
              sh-1642  [002]    76.365440: sched_wakeup:          comm=kworker/u12:1 pid=46 prio=120 success=1 target_cpu=2
              sh-1642  [002]    76.365443: sched_switch:          prev_comm=sh prev_pid=1642 prev_prio=120 prev_state=4096 next_comm=kworker/u12:1 next_pid=46 next_prio=120
   kworker/u12:1-46    [002]    76.365448: sched_switch:          prev_comm=kworker/u12:1 prev_pid=46 prev_prio=120 prev_state=1 next_comm=sh next_pid=1642 next_prio=120
              sh-1642  [002]    76.365462: sched_wakeup:          comm=kworker/u12:1 pid=46 prio=120 success=1 target_cpu=2
              sh-1642  [002]    76.365465: sched_switch:          prev_comm=sh prev_pid=1642 prev_prio=120 prev_state=4096 next_comm=kworker/u12:1 next_pid=46 next_prio=120
   kworker/u12:1-46    [002]    76.365470: sched_switch:          prev_comm=kworker/u12:1 prev_pid=46 prev_prio=120 prev_state=1 next_comm=sh next_pid=1642 next_prio=120
              sh-1642  [002]    76.365484: sched_wakeup:          comm=kworker/u12:1 pid=46 prio=120 success=1 target_cpu=2
              sh-1642  [002]    76.365487: sched_switch:          prev_comm=sh prev_pid=1642 prev_prio=120 prev_state=4096 next_comm=kworker/u12:1 next_pid=46 next_prio=120
   kworker/u12:1-46    [002]    76.365491: sched_switch:          prev_comm=kworker/u12:1 prev_pid=46 prev_prio=120 prev_state=1 next_comm=sh next_pid=1642 next_prio=120
              sh-1642  [002]    76.365506: sched_wakeup:          comm=kworker/u12:1 pid=46 prio=120 success=1 target_cpu=2
              sh-1642  [002]    76.365508: sched_switch:          prev_comm=sh prev_pid=1642 prev_prio=120 prev_state=4096 next_comm=kworker/u12:1 next_pid=46 next_prio=120
            sshd-1639  [001]    76.365512: sched_switch:          prev_comm=sshd prev_pid=1639 prev_prio=120 prev_state=2 next_comm=swapper/1 next_pid=0 next_prio=120
   kworker/u12:1-46    [002]    76.365517: sched_switch:          prev_comm=kworker/u12:1 prev_pid=46 prev_prio=120 prev_state=1 next_comm=sh next_pid=1642 next_prio=120
          <idle>-0     [001]    76.365519: sched_wakeup:          comm=sshd pid=1639 prio=120 success=1 target_cpu=1
          <idle>-0     [001]    76.365523: sched_switch:          prev_comm=swapper/1 prev_pid=0 prev_prio=120 prev_state=0 next_comm=sshd next_pid=1639 next_prio=120
              sh-1642  [002]    76.365532: sched_wakeup:          comm=kworker/u12:1 pid=46 prio=120 success=1 target_cpu=2
              sh-1642  [002]    76.365536: sched_switch:          prev_comm=sh prev_pid=1642 prev_prio=120 prev_state=4096 next_comm=kworker/u12:1 next_pid=46 next_prio=120
   kworker/u12:1-46    [002]    76.365541: sched_switch:          prev_comm=kworker/u12:1 prev_pid=46 prev_prio=120 prev_state=1 next_comm=sh next_pid=1642 next_prio=120
              sh-1642  [002]    76.365555: sched_wakeup:          comm=kworker/u12:1 pid=46 prio=120 success=1 target_cpu=2
              sh-1642  [002]    76.365558: sched_switch:          prev_comm=sh prev_pid=1642 prev_prio=120 prev_state=4096 next_comm=kworker/u12:1 next_pid=46 next_prio=120
   kworker/u12:1-46    [002]    76.365562: sched_switch:          prev_comm=kworker/u12:1 prev_pid=46 prev_prio=120 prev_state=1 next_comm=sh next_pid=1642 next_prio=120
              sh-1642  [002]    76.365577: sched_wakeup:          comm=kworker/u12:1 pid=46 prio=120 success=1 target_cpu=2
              sh-1642  [002]    76.365579: sched_switch:          prev_comm=sh prev_pid=1642 prev_prio=120 prev_state=4096 next_comm=kworker/u12:1 next_pid=46 next_prio=120
            sshd-1639  [001]    76.365583: sched_switch:          prev_comm=sshd prev_pid=1639 prev_prio=120 prev_state=2 next_comm=swapper/1 next_pid=0 next_prio=120
   kworker/u12:1-46    [002]    76.365588: sched_switch:          prev_comm=kworker/u12:1 prev_pid=46 prev_prio=120 prev_state=1 next_comm=sh next_pid=1642 next_prio=120
          <idle>-0     [001]    76.365589: sched_wakeup:          comm=sshd pid=1639 prio=120 success=1 target_cpu=1
          <idle>-0     [001]    76.365592: sched_switch:          prev_comm=swapper/1 prev_pid=0 prev_prio=120 prev_state=0 next_comm=sshd next_pid=1639 next_prio=120
              sh-1642  [002]    76.365602: sched_wakeup:          comm=kworker/u12:1 pid=46 prio=120 success=1 target_cpu=2
              sh-1642  [002]    76.365605: sched_switch:          prev_comm=sh prev_pid=1642 prev_prio=120 prev_state=4096 next_comm=kworker/u12:1 next_pid=46 next_prio=120
   kworker/u12:1-46    [002]    76.365610: sched_switch:          prev_comm=kworker/u12:1 prev_pid=46 prev_prio=120 prev_state=1 next_comm=sh next_pid=1642 next_prio=120
              sh-1642  [002]    76.365625: sched_wakeup:          comm=kworker/u12:1 pid=46 prio=120 success=1 target_cpu=2
              sh-1642  [002]    76.365627: sched_switch:          prev_comm=sh prev_pid=1642 prev_prio=120 prev_state=4096 next_comm=kworker/u12:1 next_pid=46 next_prio=120
   kworker/u12:1-46    [002]    76.365632: sched_switch:          prev_comm=kworker/u12:1 prev_pid=46 prev_prio=120 prev_state=1 next_comm=sh next_pid=1642 next_prio=120
              sh-1642  [002]    76.365647: sched_wakeup:          comm=kworker/u12:1 pid=46 prio=120 success=1 target_cpu=2
              sh-1642  [002]    76.365650: sched_switch:          prev_comm=sh prev_pid=1642 prev_prio=120 prev_state=4096 next_comm=kworker/u12:1 next_pid=46 next_prio=120
            sshd-1639  [001]    76.365651: sched_switch:          prev_comm=sshd prev_pid=1639 prev_prio=120 prev_state=2 next_comm=swapper/1 next_pid=0 next_prio=120
   kworker/u12:1-46    [002]    76.365657: sched_switch:          prev_comm=kworker/u12:1 prev_pid=46 prev_prio=120 prev_state=1 next_comm=sh next_pid=1642 next_prio=120
          <idle>-0     [001]    76.365657: sched_wakeup:          comm=sshd pid=1639 prio=120 success=1 target_cpu=1
          <idle>-0     [001]    76.365661: sched_switch:          prev_comm=swapper/1 prev_pid=0 prev_prio=120 prev_state=0 next_comm=sshd next_pid=1639 next_prio=120
              sh-1642  [002]    76.365672: sched_wakeup:          comm=kworker/u12:1 pid=46 prio=120 success=1 target_cpu=2
              sh-1642  [002]    76.365675: sched_switch:          prev_comm=sh prev_pid=1642 prev_prio=120 prev_state=4096 next_comm=kworker/u12:1 next_pid=46 next_prio=120
   kworker/u12:1-46    [002]    76.365679: sched_switch:          prev_comm=kworker/u12:1 prev_pid=46 prev_prio=120 prev_state=1 next_comm=sh next_pid=1642 next_prio=120
              sh-1642  [002]    76.365694: sched_wakeup:          comm=kworker/u12:1 pid=46 prio=120 success=1 target_cpu=2
              sh-1642  [002]    76.365697: sched_switch:          prev_comm=sh prev_pid=1642 prev_prio=120 prev_state=4096 next_comm=kworker/u12:1 next_pid=46 next_prio=120
   kworker/u12:1-46    [002]    76.365702: sched_switch:          prev_comm=kworker/u12:1 prev_pid=46 prev_prio=120 prev_state=1 next_comm=sh next_pid=1642 next_prio=120
              sh-1642  [002]    76.365717: sched_wakeup:          comm=kworker/u12:1 pid=46 prio=120 success=1 target_cpu=2
              sh-1642  [002]    76.365720: sched_switch:          prev_comm=sh prev_pid=1642 prev_prio=120 prev_state=4096 next_comm=kworker/u12:1 next_pid=46 next_prio=120
            sshd-1639  [001]    76.365722: sched_switch:          prev_comm=sshd prev_pid=1639 prev_prio=120 prev_state=2 next_comm=swapper/1 next_pid=0 next_prio=120
   kworker/u12:1-46    [002]    76.365727: sched_switch:          prev_comm=kworker/u12:1 prev_pid=46 prev_prio=120 prev_state=1 next_comm=sh next_pid=1642 next_prio=120
          <idle>-0     [001]    76.365728: sched_wakeup:          comm=sshd pid=1639 prio=120 success=1 target_cpu=1
          <idle>-0     [001]    76.365732: sched_switch:          prev_comm=swapper/1 prev_pid=0 prev_prio=120 prev_state=0 next_comm=sshd next_pid=1639 next_prio=120
              sh-1642  [002]    76.365742: sched_wakeup:          comm=kworker/u12:1 pid=46 prio=120 success=1 target_cpu=2
              sh-1642  [002]    76.365745: sched_switch:          prev_comm=sh prev_pid=1642 prev_prio=120 prev_state=4096 next_comm=kworker/u12:1 next_pid=46 next_prio=120
   kworker/u12:1-46    [002]    76.365749: sched_switch:          prev_comm=kworker/u12:1 prev_pid=46 prev_prio=120 prev_state=1 next_comm=sh next_pid=1642 next_prio=120
              sh-1642  [002]    76.365764: sched_wakeup:          comm=kworker/u12:1 pid=46 prio=120 success=1 target_cpu=2
              sh-1642  [002]    76.365767: sched_switch:          prev_comm=sh prev_pid=1642 prev_prio=120 prev_state=4096 next_comm=kworker/u12:1 next_pid=46 next_prio=120
   kworker/u12:1-46    [002]    76.365771: sched_switch:          prev_comm=kworker/u12:1 prev_pid=46 prev_prio=120 prev_state=1 next_comm=sh next_pid=1642 next_prio=120
              sh-1642  [002]    76.365786: sched_wakeup:          comm=kworker/u12:1 pid=46 prio=120 success=1 target_cpu=2
              sh-1642  [002]    76.365789: sched_switch:          prev_comm=sh prev_pid=1642 prev_prio=120 prev_state=4096 next_comm=kworker/u12:1 next_pid=46 next_prio=120
   kworker/u12:1-46    [002]    76.365793: sched_switch:          prev_comm=kworker/u12:1 prev_pid=46 prev_prio=120 prev_state=1 next_comm=sh next_pid=1642 next_prio=120
              sh-1642  [002]    76.365808: sched_wakeup:          comm=kworker/u12:1 pid=46 prio=120 success=1 target_cpu=2
              sh-1642  [002]    76.365811: sched_switch:          prev_comm=sh prev_pid=1642 prev_prio=120 prev_state=4096 next_comm=kworker/u12:1 next_pid=46 next_prio=120
   kworker/u12:1-46    [002]    76.365815: sched_switch:          prev_comm=kworker/u12:1 prev_pid=46 prev_prio=120 prev_state=1 next_comm=sh next_pid=1642 next_prio=120
              sh-1642  [002]    76.365830: sched_wakeup:          comm=kworker/u12:1 pid=46 prio=120 success=1 target_cpu=2
              sh-1642  [002]    76.365833: sched_switch:          prev_comm=sh prev_pid=1642 prev_prio=120 prev_state=4096 next_comm=kworker/u12:1 next_pid=46 next_prio=120
   kworker/u12:1-46    [002]    76.365837: sched_switch:          prev_comm=kworker/u12:1 prev_pid=46 prev_prio=120 prev_state=1 next_comm=sh next_pid=1642 next_prio=120
              sh-1642  [002]    76.365852: sched_wakeup:          comm=kworker/u12:1 pid=46 prio=120 success=1 target_cpu=2
              sh-1642  [002]    76.365855: sched_switch:          prev_comm=sh prev_pid=1642 prev_prio=120 prev_state=4096 next_comm=kworker/u12:1 next_pid=46 next_prio=120
