     usb-storage-1343  [000]    82.253245: sched_switch:          prev_comm=usb-storage prev_pid=1343 prev_prio=120 prev_state=1 next_comm=ksoftirqd/0 next_pid=7 next_prio=120
     ksoftirqd/0-7     [000]    82.253254: sched_wakeup:          comm=jbd2/sda2-8 pid=1383 prio=120 success=1 target_cpu=0
     ksoftirqd/0-7     [000]    82.253277: sched_wakeup:          comm=kworker/0:1H pid=1386 prio=100 success=1 target_cpu=0
     ksoftirqd/0-7     [000]    82.253294: sched_switch:          prev_comm=ksoftirqd/0 prev_pid=7 prev_prio=120 prev_state=1 next_comm=kworker/0:1H next_pid=1386 next_prio=100
    kworker/0:1H-1386  [000]    82.253302: sched_switch:          prev_comm=kworker/0:1H prev_pid=1386 prev_prio=100 prev_state=1 next_comm=jbd2/sda2-8 next_pid=1383 next_prio=120
     jbd2/sda2-8-1383  [000]    82.253362: sched_switch:          prev_comm=jbd2/sda2-8 prev_pid=1383 prev_prio=120 prev_state=1 next_comm=swapper/0 next_pid=0 next_prio=120
          <idle>-0     [001]    82.258125: sched_wakeup:          comm=rcu_preempt pid=8 prio=120 success=1 target_cpu=1
          <idle>-0     [001]    82.258132: sched_switch:          prev_comm=swapper/1 prev_pid=0 prev_prio=120 prev_state=0 next_comm=rcu_preempt next_pid=8 next_prio=120
     rcu_preempt-8     [001]    82.258144: sched_switch:          prev_comm=rcu_preempt prev_pid=8 prev_prio=120 prev_state=1 next_comm=swapper/1 next_pid=0 next_prio=120
          <idle>-0     [001]    82.266125: sched_wakeup:          comm=rcu_preempt pid=8 prio=120 success=1 target_cpu=1
          <idle>-0     [001]    82.266132: sched_switch:          prev_comm=swapper/1 prev_pid=0 prev_prio=120 prev_state=0 next_comm=rcu_preempt next_pid=8 next_prio=120
     rcu_preempt-8     [001]    82.266143: sched_switch:          prev_comm=rcu_preempt prev_pid=8 prev_prio=120 prev_state=1 next_comm=swapper/1 next_pid=0 next_prio=120
          <idle>-0     [001]    82.267340: sched_wakeup:          comm=sshd pid=1585 prio=120 success=1 target_cpu=1
          <idle>-0     [001]    82.267345: sched_switch:          prev_comm=swapper/1 prev_pid=0 prev_prio=120 prev_state=0 next_comm=sshd next_pid=1585 next_prio=120
          <idle>-0     [002]    82.268190: sched_switch:          prev_comm=swapper/2 prev_pid=0 prev_prio=120 prev_state=0 next_comm=sshd next_pid=1711 next_prio=120
            sshd-1585  [001]    82.268355: sched_switch:          prev_comm=sshd prev_pid=1585 prev_prio=120 prev_state=1 next_comm=swapper/1 next_pid=0 next_prio=120
            sshd-1711  [002]    82.272720: sched_switch:          prev_comm=sshd prev_pid=1711 prev_prio=120 prev_state=130 next_comm=swapper/2 next_pid=0 next_prio=120
          <idle>-0     [001]    82.272797: sched_wakeup:          comm=kworker/u12:0 pid=5 prio=120 success=1 target_cpu=1
          <idle>-0     [001]    82.272803: sched_switch:          prev_comm=swapper/1 prev_pid=0 prev_prio=120 prev_state=0 next_comm=kworker/u12:0 next_pid=5 next_prio=120
   kworker/u12:0-5     [001]    82.272889: sched_switch:          prev_comm=kworker/u12:0 prev_pid=5 prev_prio=120 prev_state=1 next_comm=swapper/1 next_pid=0 next_prio=120
          <idle>-0     [003]    82.272964: sched_switch:          prev_comm=swapper/3 prev_pid=0 prev_prio=120 prev_state=0 next_comm=kworker/u12:0 next_pid=1712 next_prio=120
        modprobe-1712  [003]    82.273063: sched_wakeup:          comm=migration/3 pid=28 prio=0 success=1 target_cpu=3
        modprobe-1712  [003]    82.273069: sched_switch:          prev_comm=kworker/u12:0 prev_pid=1712 prev_prio=120 prev_state=4096 next_comm=migration/3 next_pid=28 next_prio=0
          <idle>-0     [001]    82.273084: sched_switch:          prev_comm=swapper/1 prev_pid=0 prev_prio=120 prev_state=0 next_comm=kworker/u12:0 next_pid=1712 next_prio=120
     migration/3-28    [003]    82.273095: sched_switch:          prev_comm=migration/3 prev_pid=28 prev_prio=0 prev_state=1 next_comm=swapper/3 next_pid=0 next_prio=120
        modprobe-1712  [001]    82.274063: sched_wakeup:          comm=rcu_preempt pid=8 prio=120 success=1 target_cpu=1
        modprobe-1712  [001]    82.274070: sched_switch:          prev_comm=modprobe prev_pid=1712 prev_prio=120 prev_state=0 next_comm=rcu_preempt next_pid=8 next_prio=120
     rcu_preempt-8     [001]    82.274087: sched_switch:          prev_comm=rcu_preempt prev_pid=8 prev_prio=120 prev_state=1 next_comm=modprobe next_pid=1712 next_prio=120
        modprobe-1712  [001]    82.274545: sched_wakeup:          comm=kworker/u12:0 pid=5 prio=120 success=1 target_cpu=1
        modprobe-1712  [001]    82.274548: sched_switch:          prev_comm=modprobe prev_pid=1712 prev_prio=120 prev_state=4096 next_comm=kworker/u12:0 next_pid=5 next_prio=120
   kworker/u12:0-5     [001]    82.274570: sched_switch:          prev_comm=kworker/u12:0 prev_pid=5 prev_prio=120 prev_state=1 next_comm=modprobe next_pid=1712 next_prio=120
        modprobe-1712  [001]    82.274578: sched_switch:          prev_comm=modprobe prev_pid=1712 prev_prio=120 prev_state=64 next_comm=swapper/1 next_pid=0 next_prio=120
          <idle>-0     [002]    82.274644: sched_wakeup:          comm=sshd pid=1711 prio=120 success=1 target_cpu=2
          <idle>-0     [002]    82.274648: sched_switch:          prev_comm=swapper/2 prev_pid=0 prev_prio=120 prev_state=0 next_comm=sshd next_pid=1711 next_prio=120
          <idle>-0     [001]    82.282127: sched_wakeup:          comm=rcu_preempt pid=8 prio=120 success=1 target_cpu=1
          <idle>-0     [001]    82.282135: sched_switch:          prev_comm=swapper/1 prev_pid=0 prev_prio=120 prev_state=0 next_comm=rcu_preempt next_pid=8 next_prio=120
     rcu_preempt-8     [001]    82.282149: sched_switch:          prev_comm=rcu_preempt prev_pid=8 prev_prio=120 prev_state=1 next_comm=swapper/1 next_pid=0 next_prio=120
          <idle>-0     [004]    82.283747: sched_switch:          prev_comm=swapper/4 prev_pid=0 prev_prio=120 prev_state=0 next_comm=sshd next_pid=1713 next_prio=120
            sshd-1711  [002]    82.283752: sched_switch:          prev_comm=sshd prev_pid=1711 prev_prio=120 prev_state=1 next_comm=swapper/2 next_pid=0 next_prio=120
            sshd-1713  [004]    82.285338: sched_switch:          prev_comm=sshd prev_pid=1713 prev_prio=120 prev_state=1 next_comm=swapper/4 next_pid=0 next_prio=120
          <idle>-0     [004]    82.286059: sched_wakeup:          comm=kworker/4:1 pid=1152 prio=120 success=1 target_cpu=4
          <idle>-0     [002]    82.286074: sched_wakeup:          comm=kworker/2:1 pid=479 prio=120 success=1 target_cpu=2
          <idle>-0     [004]    82.286077: sched_switch:          prev_comm=swapper/4 prev_pid=0 prev_prio=120 prev_state=0 next_comm=kworker/4:1 next_pid=1152 next_prio=120
     kworker/4:1-1152  [004]    82.286096: sched_switch:          prev_comm=kworker/4:1 prev_pid=1152 prev_prio=120 prev_state=1 next_comm=swapper/4 next_pid=0 next_prio=120
          <idle>-0     [002]    82.286134: sched_wakeup:          comm=ksoftirqd/2 pid=23 prio=120 success=1 target_cpu=2
          <idle>-0     [002]    82.286138: sched_switch:          prev_comm=swapper/2 prev_pid=0 prev_prio=120 prev_state=0 next_comm=kworker/2:1 next_pid=479 next_prio=120
     kworker/2:1-479   [002]    82.286148: sched_switch:          prev_comm=kworker/2:1 prev_pid=479 prev_prio=120 prev_state=2 next_comm=ksoftirqd/2 next_pid=23 next_prio=120
     ksoftirqd/2-23    [002]    82.286168: sched_switch:          prev_comm=ksoftirqd/2 prev_pid=23 prev_prio=120 prev_state=1 next_comm=swapper/2 next_pid=0 next_prio=120
          <idle>-0     [001]    82.288834: sched_wakeup:          comm=sshd pid=1713 prio=120 success=1 target_cpu=1
          <idle>-0     [001]    82.288838: sched_switch:          prev_comm=swapper/1 prev_pid=0 prev_prio=120 prev_state=0 next_comm=sshd next_pid=1713 next_prio=120
            sshd-1713  [001]    82.290053: sched_wakeup:          comm=rcu_preempt pid=8 prio=120 success=1 target_cpu=1
            sshd-1713  [001]    82.290059: sched_switch:          prev_comm=sshd prev_pid=1713 prev_prio=120 prev_state=0 next_comm=rcu_preempt next_pid=8 next_prio=120
     rcu_preempt-8     [001]    82.290072: sched_switch:          prev_comm=rcu_preempt prev_pid=8 prev_prio=120 prev_state=1 next_comm=sshd next_pid=1713 next_prio=120
            sshd-1713  [001]    82.298049: sched_wakeup:          comm=rcu_preempt pid=8 prio=120 success=1 target_cpu=1
            sshd-1713  [001]    82.298052: sched_switch:          prev_comm=sshd prev_pid=1713 prev_prio=120 prev_state=0 next_comm=rcu_preempt next_pid=8 next_prio=120
     rcu_preempt-8     [001]    82.298064: sched_switch:          prev_comm=rcu_preempt prev_pid=8 prev_prio=120 prev_state=1 next_comm=sshd next_pid=1713 next_prio=120
          <idle>-0     [002]    82.298220: sched_wakeup:          comm=kworker/2:1 pid=479 prio=120 success=1 target_cpu=2
          <idle>-0     [002]    82.298226: sched_switch:          prev_comm=swapper/2 prev_pid=0 prev_prio=120 prev_state=0 next_comm=kworker/2:1 next_pid=479 next_prio=120
     kworker/2:1-479   [002]    82.298249: sched_switch:          prev_comm=kworker/2:1 prev_pid=479 prev_prio=120 prev_state=1 next_comm=swapper/2 next_pid=0 next_prio=120
            sshd-1713  [001]    82.303928: sched_switch:          prev_comm=sshd prev_pid=1713 prev_prio=120 prev_state=1 next_comm=swapper/1 next_pid=0 next_prio=120
          <idle>-0     [002]    82.303986: sched_wakeup:          comm=sshd pid=1711 prio=120 success=1 target_cpu=2
          <idle>-0     [002]    82.303993: sched_switch:          prev_comm=swapper/2 prev_pid=0 prev_prio=120 prev_state=0 next_comm=sshd next_pid=1711 next_prio=120
          <idle>-0     [001]    82.304016: sched_wakeup:          comm=sshd pid=1713 prio=120 success=1 target_cpu=1
          <idle>-0     [001]    82.304019: sched_switch:          prev_comm=swapper/1 prev_pid=0 prev_prio=120 prev_state=0 next_comm=sshd next_pid=1713 next_prio=120
            sshd-1713  [001]    82.304022: sched_switch:          prev_comm=sshd prev_pid=1713 prev_prio=120 prev_state=1 next_comm=swapper/1 next_pid=0 next_prio=120
          <idle>-0     [001]    82.304028: sched_wakeup:          comm=sshd pid=1713 prio=120 success=1 target_cpu=1
          <idle>-0     [001]    82.304030: sched_switch:          prev_comm=swapper/1 prev_pid=0 prev_prio=120 prev_state=0 next_comm=sshd next_pid=1713 next_prio=120
            sshd-1713  [001]    82.304033: sched_switch:          prev_comm=sshd prev_pid=1713 prev_prio=120 prev_state=1 next_comm=swapper/1 next_pid=0 next_prio=120
          <idle>-0     [001]    82.305998: sched_wakeup:          comm=sshd pid=1713 prio=120 success=1 target_cpu=1
          <idle>-0     [001]    82.306000: sched_switch:          prev_comm=swapper/1 prev_pid=0 prev_prio=120 prev_state=0 next_comm=sshd next_pid=1713 next_prio=120
            sshd-1711  [002]    82.306014: sched_switch:          prev_comm=sshd prev_pid=1711 prev_prio=120 prev_state=1 next_comm=swapper/2 next_pid=0 next_prio=120
            sshd-1713  [001]    82.306051: sched_wakeup:          comm=rcu_preempt pid=8 prio=120 success=1 target_cpu=1
            sshd-1713  [001]    82.306056: sched_switch:          prev_comm=sshd prev_pid=1713 prev_prio=120 prev_state=0 next_comm=rcu_preempt next_pid=8 next_prio=120
     rcu_preempt-8     [001]    82.306067: sched_switch:          prev_comm=rcu_preempt prev_pid=8 prev_prio=120 prev_state=1 next_comm=sshd next_pid=1713 next_prio=120
            sshd-1713  [001]    82.306155: sched_switch:          prev_comm=sshd prev_pid=1713 prev_prio=120 prev_state=1 next_comm=swapper/1 next_pid=0 next_prio=120
          <idle>-0     [001]    82.311039: sched_wakeup:          comm=sshd pid=1713 prio=120 success=1 target_cpu=1
          <idle>-0     [001]    82.311044: sched_switch:          prev_comm=swapper/1 prev_pid=0 prev_prio=120 prev_state=0 next_comm=sshd next_pid=1713 next_prio=120
            sshd-1713  [001]    82.311082: sched_switch:          prev_comm=sshd prev_pid=1713 prev_prio=120 prev_state=1 next_comm=swapper/1 next_pid=0 next_prio=120
          <idle>-0     [001]    82.314054: sched_wakeup:          comm=rcu_preempt pid=8 prio=120 success=1 target_cpu=1
          <idle>-0     [001]    82.314060: sched_switch:          prev_comm=swapper/1 prev_pid=0 prev_prio=120 prev_state=0 next_comm=rcu_preempt next_pid=8 next_prio=120
     rcu_preempt-8     [001]    82.314069: sched_switch:          prev_comm=rcu_preempt prev_pid=8 prev_prio=120 prev_state=1 next_comm=swapper/1 next_pid=0 next_prio=120
          <idle>-0     [001]    82.354680: sched_wakeup:          comm=sshd pid=1713 prio=120 success=1 target_cpu=1
          <idle>-0     [001]    82.354691: sched_switch:          prev_comm=swapper/1 prev_pid=0 prev_prio=120 prev_state=0 next_comm=sshd next_pid=1713 next_prio=120
            sshd-1713  [001]    82.354791: sched_switch:          prev_comm=sshd prev_pid=1713 prev_prio=120 prev_state=1 next_comm=swapper/1 next_pid=0 next_prio=120
          <idle>-0     [001]    82.355271: sched_wakeup:          comm=sshd pid=1713 prio=120 success=1 target_cpu=1
          <idle>-0     [001]    82.355282: sched_switch:          prev_comm=swapper/1 prev_pid=0 prev_prio=120 prev_state=0 next_comm=sshd next_pid=1713 next_prio=120
            sshd-1713  [001]    82.355378: sched_switch:          prev_comm=sshd prev_pid=1713 prev_prio=120 prev_state=1 next_comm=swapper/1 next_pid=0 next_prio=120
          <idle>-0     [002]    82.355567: sched_wakeup:          comm=sshd pid=1711 prio=120 success=1 target_cpu=2
          <idle>-0     [002]    82.355579: sched_switch:          prev_comm=swapper/2 prev_pid=0 prev_prio=120 prev_state=0 next_comm=sshd next_pid=1711 next_prio=120
          <idle>-0     [001]    82.355702: sched_wakeup:          comm=sshd pid=1713 prio=120 success=1 target_cpu=1
          <idle>-0     [001]    82.355709: sched_switch:          prev_comm=swapper/1 prev_pid=0 prev_prio=120 prev_state=0 next_comm=sshd next_pid=1713 next_prio=120
            sshd-1713  [001]    82.355717: sched_switch:          prev_comm=sshd prev_pid=1713 prev_prio=120 prev_state=1 next_comm=swapper/1 next_pid=0 next_prio=120
            sshd-1711  [002]    82.355979: sched_switch:          prev_comm=sshd prev_pid=1711 prev_prio=120 prev_state=1 next_comm=swapper/2 next_pid=0 next_prio=120
          <idle>-0     [001]    82.356021: sched_wakeup:          comm=sshd pid=1713 prio=120 success=1 target_cpu=1
          <idle>-0     [001]    82.356027: sched_switch:          prev_comm=swapper/1 prev_pid=0 prev_prio=120 prev_state=0 next_comm=sshd next_pid=1713 next_prio=120
          <idle>-0     [002]    82.356180: sched_wakeup:          comm=sshd pid=1711 prio=120 success=1 target_cpu=2
          <idle>-0     [002]    82.356183: sched_switch:          prev_comm=swapper/2 prev_pid=0 prev_prio=120 prev_state=0 next_comm=sshd next_pid=1711 next_prio=120
            sshd-1713  [001]    82.356235: sched_switch:          prev_comm=sshd prev_pid=1713 prev_prio=120 prev_state=1 next_comm=swapper/1 next_pid=0 next_prio=120
          <idle>-0     [001]    82.357884: sched_wakeup:          comm=sshd pid=1713 prio=120 success=1 target_cpu=1
          <idle>-0     [001]    82.357890: sched_switch:          prev_comm=swapper/1 prev_pid=0 prev_prio=120 prev_state=0 next_comm=sshd next_pid=1713 next_prio=120
            sshd-1713  [001]    82.357895: sched_switch:          prev_comm=sshd prev_pid=1713 prev_prio=120 prev_state=1 next_comm=swapper/1 next_pid=0 next_prio=120
            sshd-1711  [002]    82.358066: sched_wakeup:          comm=rcu_preempt pid=8 prio=120 success=1 target_cpu=2
            sshd-1711  [002]    82.358073: sched_switch:          prev_comm=sshd prev_pid=1711 prev_prio=120 prev_state=4096 next_comm=rcu_preempt next_pid=8 next_prio=120
     rcu_preempt-8     [002]    82.358084: sched_switch:          prev_comm=rcu_preempt prev_pid=8 prev_prio=120 prev_state=1 next_comm=sshd next_pid=1711 next_prio=120
            sshd-1711  [002]    82.358260: sched_switch:          prev_comm=sshd prev_pid=1711 prev_prio=120 prev_state=1 next_comm=swapper/2 next_pid=0 next_prio=120
          <idle>-0     [001]    82.358315: sched_wakeup:          comm=sshd pid=1713 prio=120 success=1 target_cpu=1
          <idle>-0     [001]    82.358322: sched_switch:          prev_comm=swapper/1 prev_pid=0 prev_prio=120 prev_state=0 next_comm=sshd next_pid=1713 next_prio=120
            sshd-1713  [001]    82.358370: sched_switch:          prev_comm=sshd prev_pid=1713 prev_prio=120 prev_state=1 next_comm=swapper/1 next_pid=0 next_prio=120
          <idle>-0     [002]    82.358425: sched_wakeup:          comm=sshd pid=1711 prio=120 success=1 target_cpu=2
          <idle>-0     [002]    82.358429: sched_switch:          prev_comm=swapper/2 prev_pid=0 prev_prio=120 prev_state=0 next_comm=sshd next_pid=1711 next_prio=120
          <idle>-0     [001]    82.358537: sched_wakeup:          comm=sshd pid=1713 prio=120 success=1 target_cpu=1
          <idle>-0     [001]    82.358543: sched_switch:          prev_comm=swapper/1 prev_pid=0 prev_prio=120 prev_state=0 next_comm=sshd next_pid=1713 next_prio=120
            sshd-1713  [001]    82.358548: sched_switch:          prev_comm=sshd prev_pid=1713 prev_prio=120 prev_state=1 next_comm=swapper/1 next_pid=0 next_prio=120
          <idle>-0     [001]    82.358874: sched_wakeup:          comm=sshd pid=1713 prio=120 success=1 target_cpu=1
          <idle>-0     [001]    82.358880: sched_switch:          prev_comm=swapper/1 prev_pid=0 prev_prio=120 prev_state=0 next_comm=sshd next_pid=1713 next_prio=120
            sshd-1711  [002]    82.358926: sched_wakeup:          comm=syslogd pid=1614 prio=120 success=1 target_cpu=2
            sshd-1711  [002]    82.358931: sched_switch:          prev_comm=sshd prev_pid=1711 prev_prio=120 prev_state=4096 next_comm=syslogd next_pid=1614 next_prio=120
         syslogd-1614  [002]    82.358975: sched_switch:          prev_comm=syslogd prev_pid=1614 prev_prio=120 prev_state=1 next_comm=sshd next_pid=1711 next_prio=120
            sshd-1711  [002]    82.359034: sched_switch:          prev_comm=sshd prev_pid=1711 prev_prio=120 prev_state=1 next_comm=swapper/2 next_pid=0 next_prio=120
          <idle>-0     [002]    82.359845: sched_wakeup:          comm=sshd pid=1711 prio=120 success=1 target_cpu=2
          <idle>-0     [002]    82.359848: sched_switch:          prev_comm=swapper/2 prev_pid=0 prev_prio=120 prev_state=0 next_comm=sshd next_pid=1711 next_prio=120
            sshd-1713  [001]    82.359875: sched_switch:          prev_comm=sshd prev_pid=1713 prev_prio=120 prev_state=64 next_comm=swapper/1 next_pid=0 next_prio=120
          <idle>-0     [001]    82.359934: sched_wakeup:          comm=sshd pid=1585 prio=120 success=1 target_cpu=1
          <idle>-0     [001]    82.359937: sched_switch:          prev_comm=swapper/1 prev_pid=0 prev_prio=120 prev_state=0 next_comm=sshd next_pid=1585 next_prio=120
            sshd-1585  [001]    82.359982: sched_switch:          prev_comm=sshd prev_pid=1585 prev_prio=120 prev_state=1 next_comm=swapper/1 next_pid=0 next_prio=120
          <idle>-0     [001]    82.360397: sched_wakeup:          comm=syslogd pid=1614 prio=120 success=1 target_cpu=1
          <idle>-0     [001]    82.360400: sched_switch:          prev_comm=swapper/1 prev_pid=0 prev_prio=120 prev_state=0 next_comm=syslogd next_pid=1614 next_prio=120
         syslogd-1614  [001]    82.360428: sched_switch:          prev_comm=syslogd prev_pid=1614 prev_prio=120 prev_state=1 next_comm=swapper/1 next_pid=0 next_prio=120
            sshd-1711  [002]    82.360897: sched_switch:          prev_comm=sshd prev_pid=1711 prev_prio=120 prev_state=1 next_comm=swapper/2 next_pid=0 next_prio=120
          <idle>-0     [002]    82.366197: sched_wakeup:          comm=rcu_preempt pid=8 prio=120 success=1 target_cpu=2
          <idle>-0     [002]    82.366207: sched_switch:          prev_comm=swapper/2 prev_pid=0 prev_prio=120 prev_state=0 next_comm=rcu_preempt next_pid=8 next_prio=120
     rcu_preempt-8     [002]    82.366221: sched_switch:          prev_comm=rcu_preempt prev_pid=8 prev_prio=120 prev_state=1 next_comm=swapper/2 next_pid=0 next_prio=120
          <idle>-0     [002]    82.374194: sched_wakeup:          comm=rcu_preempt pid=8 prio=120 success=1 target_cpu=2
          <idle>-0     [002]    82.374204: sched_switch:          prev_comm=swapper/2 prev_pid=0 prev_prio=120 prev_state=0 next_comm=rcu_preempt next_pid=8 next_prio=120
     rcu_preempt-8     [002]    82.374216: sched_switch:          prev_comm=rcu_preempt prev_pid=8 prev_prio=120 prev_state=1 next_comm=swapper/2 next_pid=0 next_prio=120
          <idle>-0     [002]    82.378246: sched_wakeup:          comm=kworker/2:1 pid=479 prio=120 success=1 target_cpu=2
          <idle>-0     [002]    82.378256: sched_wakeup:          comm=ksoftirqd/2 pid=23 prio=120 success=1 target_cpu=2
          <idle>-0     [002]    82.378260: sched_switch:          prev_comm=swapper/2 prev_pid=0 prev_prio=120 prev_state=0 next_comm=kworker/2:1 next_pid=479 next_prio=120
     kworker/2:1-479   [002]    82.378282: sched_switch:          prev_comm=kworker/2:1 prev_pid=479 prev_prio=120 prev_state=1 next_comm=ksoftirqd/2 next_pid=23 next_prio=120
     ksoftirqd/2-23    [002]    82.378314: sched_switch:          prev_comm=ksoftirqd/2 prev_pid=23 prev_prio=120 prev_state=1 next_comm=swapper/2 next_pid=0 next_prio=120
          <idle>-0     [002]    82.382124: sched_wakeup:          comm=rcu_preempt pid=8 prio=120 success=1 target_cpu=2
          <idle>-0     [002]    82.382133: sched_switch:          prev_comm=swapper/2 prev_pid=0 prev_prio=120 prev_state=0 next_comm=rcu_preempt next_pid=8 next_prio=120
     rcu_preempt-8     [002]    82.382146: sched_switch:          prev_comm=rcu_preempt prev_pid=8 prev_prio=120 prev_state=1 next_comm=swapper/2 next_pid=0 next_prio=120
          <idle>-0     [002]    82.390124: sched_wakeup:          comm=rcu_preempt pid=8 prio=120 success=1 target_cpu=2
          <idle>-0     [002]    82.390133: sched_switch:          prev_comm=swapper/2 prev_pid=0 prev_prio=120 prev_state=0 next_comm=rcu_preempt next_pid=8 next_prio=120
     rcu_preempt-8     [002]    82.390145: sched_switch:          prev_comm=rcu_preempt prev_pid=8 prev_prio=120 prev_state=1 next_comm=swapper/2 next_pid=0 next_prio=120
          <idle>-0     [002]    82.398124: sched_wakeup:          comm=rcu_preempt pid=8 prio=120 success=1 target_cpu=2
          <idle>-0     [002]    82.398133: sched_switch:          prev_comm=swapper/2 prev_pid=0 prev_prio=120 prev_state=0 next_comm=rcu_preempt next_pid=8 next_prio=120
     rcu_preempt-8     [002]    82.398143: sched_switch:          prev_comm=rcu_preempt prev_pid=8 prev_prio=120 prev_state=1 next_comm=swapper/2 next_pid=0 next_prio=120
          <idle>-0     [002]    82.400643: sched_wakeup:          comm=sshd pid=1711 prio=120 success=1 target_cpu=2
          <idle>-0     [002]    82.400649: sched_switch:          prev_comm=swapper/2 prev_pid=0 prev_prio=120 prev_state=0 next_comm=sshd next_pid=1711 next_prio=120
          <idle>-0     [001]    82.401632: sched_switch:          prev_comm=swapper/1 prev_pid=0 prev_prio=120 prev_state=0 next_comm=sshd next_pid=1714 next_prio=120
            sshd-1711  [002]    82.401850: sched_switch:          prev_comm=sshd prev_pid=1711 prev_prio=120 prev_state=1 next_comm=swapper/2 next_pid=0 next_prio=120
          <idle>-0     [002]    82.402359: sched_wakeup:          comm=sshd pid=1711 prio=120 success=1 target_cpu=2
          <idle>-0     [002]    82.402366: sched_switch:          prev_comm=swapper/2 prev_pid=0 prev_prio=120 prev_state=0 next_comm=sshd next_pid=1711 next_prio=120
            sshd-1711  [002]    82.402426: sched_switch:          prev_comm=sshd prev_pid=1711 prev_prio=120 prev_state=1 next_comm=swapper/2 next_pid=0 next_prio=120
             scp-1714  [001]    82.406064: sched_wakeup:          comm=rcu_preempt pid=8 prio=120 success=1 target_cpu=1
             scp-1714  [001]    82.406072: sched_switch:          prev_comm=sh prev_pid=1714 prev_prio=120 prev_state=4096 next_comm=rcu_preempt next_pid=8 next_prio=120
     rcu_preempt-8     [001]    82.406083: sched_switch:          prev_comm=rcu_preempt prev_pid=8 prev_prio=120 prev_state=1 next_comm=sh next_pid=1714 next_prio=120
             scp-1714  [001]    82.407770: sched_switch:          prev_comm=scp prev_pid=1714 prev_prio=120 prev_state=1 next_comm=swapper/1 next_pid=0 next_prio=120
          <idle>-0     [002]    82.407838: sched_wakeup:          comm=sshd pid=1711 prio=120 success=1 target_cpu=2
          <idle>-0     [002]    82.407847: sched_switch:          prev_comm=swapper/2 prev_pid=0 prev_prio=120 prev_state=0 next_comm=sshd next_pid=1711 next_prio=120
            sshd-1711  [002]    82.407942: sched_switch:          prev_comm=sshd prev_pid=1711 prev_prio=120 prev_state=1 next_comm=swapper/2 next_pid=0 next_prio=120
          <idle>-0     [002]    82.408578: sched_wakeup:          comm=sshd pid=1711 prio=120 success=1 target_cpu=2
          <idle>-0     [002]    82.408584: sched_switch:          prev_comm=swapper/2 prev_pid=0 prev_prio=120 prev_state=0 next_comm=sshd next_pid=1711 next_prio=120
          <idle>-0     [001]    82.408635: sched_wakeup:          comm=scp pid=1714 prio=120 success=1 target_cpu=1
          <idle>-0     [001]    82.408638: sched_switch:          prev_comm=swapper/1 prev_pid=0 prev_prio=120 prev_state=0 next_comm=scp next_pid=1714 next_prio=120
            sshd-1711  [002]    82.408644: sched_switch:          prev_comm=sshd prev_pid=1711 prev_prio=120 prev_state=1 next_comm=swapper/2 next_pid=0 next_prio=120
             scp-1714  [001]    82.408678: sched_switch:          prev_comm=scp prev_pid=1714 prev_prio=120 prev_state=1 next_comm=swapper/1 next_pid=0 next_prio=120
          <idle>-0     [002]    82.408811: sched_wakeup:          comm=sshd pid=1711 prio=120 success=1 target_cpu=2
          <idle>-0     [002]    82.408817: sched_switch:          prev_comm=swapper/2 prev_pid=0 prev_prio=120 prev_state=0 next_comm=sshd next_pid=1711 next_prio=120
            sshd-1711  [002]    82.408936: sched_switch:          prev_comm=sshd prev_pid=1711 prev_prio=120 prev_state=1 next_comm=swapper/2 next_pid=0 next_prio=120
          <idle>-0     [002]    82.409616: sched_wakeup:          comm=sshd pid=1711 prio=120 success=1 target_cpu=2
          <idle>-0     [002]    82.409623: sched_switch:          prev_comm=swapper/2 prev_pid=0 prev_prio=120 prev_state=0 next_comm=sshd next_pid=1711 next_prio=120
          <idle>-0     [001]    82.409670: sched_wakeup:          comm=scp pid=1714 prio=120 success=1 target_cpu=1
          <idle>-0     [001]    82.409673: sched_switch:          prev_comm=swapper/1 prev_pid=0 prev_prio=120 prev_state=0 next_comm=scp next_pid=1714 next_prio=120
            sshd-1711  [002]    82.409678: sched_switch:          prev_comm=sshd prev_pid=1711 prev_prio=120 prev_state=1 next_comm=swapper/2 next_pid=0 next_prio=120
             scp-1714  [001]    82.409980: sched_switch:          prev_comm=scp prev_pid=1714 prev_prio=120 prev_state=64 next_comm=swapper/1 next_pid=0 next_prio=120
          <idle>-0     [002]    82.410026: sched_wakeup:          comm=sshd pid=1711 prio=120 success=1 target_cpu=2
          <idle>-0     [002]    82.410032: sched_switch:          prev_comm=swapper/2 prev_pid=0 prev_prio=120 prev_state=0 next_comm=sshd next_pid=1711 next_prio=120
            sshd-1711  [002]    82.410274: sched_switch:          prev_comm=sshd prev_pid=1711 prev_prio=120 prev_state=1 next_comm=swapper/2 next_pid=0 next_prio=120
          <idle>-0     [002]    82.410790: sched_wakeup:          comm=sshd pid=1711 prio=120 success=1 target_cpu=2
          <idle>-0     [002]    82.410794: sched_switch:          prev_comm=swapper/2 prev_pid=0 prev_prio=120 prev_state=0 next_comm=sshd next_pid=1711 next_prio=120
          <idle>-0     [001]    82.410971: sched_wakeup:          comm=syslogd pid=1614 prio=120 success=1 target_cpu=1
          <idle>-0     [001]    82.410976: sched_switch:          prev_comm=swapper/1 prev_pid=0 prev_prio=120 prev_state=0 next_comm=syslogd next_pid=1614 next_prio=120
         syslogd-1614  [001]    82.411044: sched_switch:          prev_comm=syslogd prev_pid=1614 prev_prio=120 prev_state=1 next_comm=swapper/1 next_pid=0 next_prio=120
          <idle>-0     [001]    82.411262: sched_wakeup:          comm=syslogd pid=1614 prio=120 success=1 target_cpu=1
          <idle>-0     [001]    82.411264: sched_switch:          prev_comm=swapper/1 prev_pid=0 prev_prio=120 prev_state=0 next_comm=syslogd next_pid=1614 next_prio=120
         syslogd-1614  [001]    82.411284: sched_switch:          prev_comm=syslogd prev_pid=1614 prev_prio=120 prev_state=1 next_comm=swapper/1 next_pid=0 next_prio=120
          <idle>-0     [001]    82.412217: sched_wakeup:          comm=sshd pid=1585 prio=120 success=1 target_cpu=1
            sshd-1711  [002]    82.412219: sched_switch:          prev_comm=sshd prev_pid=1711 prev_prio=120 prev_state=64 next_comm=swapper/2 next_pid=0 next_prio=120
          <idle>-0     [001]    82.412220: sched_switch:          prev_comm=swapper/1 prev_pid=0 prev_prio=120 prev_state=0 next_comm=sshd next_pid=1585 next_prio=120
            sshd-1585  [001]    82.412327: sched_switch:          prev_comm=sshd prev_pid=1585 prev_prio=120 prev_state=1 next_comm=swapper/1 next_pid=0 next_prio=120
          <idle>-0     [001]    82.414057: sched_wakeup:          comm=rcu_preempt pid=8 prio=120 success=1 target_cpu=1
          <idle>-0     [001]    82.414065: sched_switch:          prev_comm=swapper/1 prev_pid=0 prev_prio=120 prev_state=0 next_comm=rcu_preempt next_pid=8 next_prio=120
     rcu_preempt-8     [001]    82.414079: sched_switch:          prev_comm=rcu_preempt prev_pid=8 prev_prio=120 prev_state=1 next_comm=swapper/1 next_pid=0 next_prio=120
          <idle>-0     [001]    82.422049: sched_wakeup:          comm=rcu_preempt pid=8 prio=120 success=1 target_cpu=1
          <idle>-0     [001]    82.422056: sched_switch:          prev_comm=swapper/1 prev_pid=0 prev_prio=120 prev_state=0 next_comm=rcu_preempt next_pid=8 next_prio=120
     rcu_preempt-8     [001]    82.422068: sched_switch:          prev_comm=rcu_preempt prev_pid=8 prev_prio=120 prev_state=1 next_comm=swapper/1 next_pid=0 next_prio=120
          <idle>-0     [001]    82.430195: sched_wakeup:          comm=rcu_preempt pid=8 prio=120 success=1 target_cpu=1
          <idle>-0     [001]    82.430203: sched_switch:          prev_comm=swapper/1 prev_pid=0 prev_prio=120 prev_state=0 next_comm=rcu_preempt next_pid=8 next_prio=120
     rcu_preempt-8     [001]    82.430215: sched_switch:          prev_comm=rcu_preempt prev_pid=8 prev_prio=120 prev_state=1 next_comm=swapper/1 next_pid=0 next_prio=120
          <idle>-0     [001]    82.438195: sched_wakeup:          comm=rcu_preempt pid=8 prio=120 success=1 target_cpu=1
          <idle>-0     [001]    82.438203: sched_switch:          prev_comm=swapper/1 prev_pid=0 prev_prio=120 prev_state=0 next_comm=rcu_preempt next_pid=8 next_prio=120
     rcu_preempt-8     [001]    82.438214: sched_switch:          prev_comm=rcu_preempt prev_pid=8 prev_prio=120 prev_state=1 next_comm=swapper/1 next_pid=0 next_prio=120
          <idle>-0     [001]    82.442216: sched_wakeup:          comm=kworker/1:0 pid=18 prio=120 success=1 target_cpu=1
          <idle>-0     [001]    82.442264: sched_switch:          prev_comm=swapper/1 prev_pid=0 prev_prio=120 prev_state=0 next_comm=kworker/1:0 next_pid=18 next_prio=120
     kworker/1:0-18    [001]    82.442273: sched_switch:          prev_comm=kworker/1:0 prev_pid=18 prev_prio=120 prev_state=2 next_comm=swapper/1 next_pid=0 next_prio=120
          <idle>-0     [001]    82.446125: sched_wakeup:          comm=rcu_preempt pid=8 prio=120 success=1 target_cpu=1
          <idle>-0     [001]    82.446133: sched_switch:          prev_comm=swapper/1 prev_pid=0 prev_prio=120 prev_state=0 next_comm=rcu_preempt next_pid=8 next_prio=120
     rcu_preempt-8     [001]    82.446145: sched_switch:          prev_comm=rcu_preempt prev_pid=8 prev_prio=120 prev_state=1 next_comm=swapper/1 next_pid=0 next_prio=120
          <idle>-0     [001]    82.454125: sched_wakeup:          comm=rcu_preempt pid=8 prio=120 success=1 target_cpu=1
          <idle>-0     [001]    82.454133: sched_switch:          prev_comm=swapper/1 prev_pid=0 prev_prio=120 prev_state=0 next_comm=rcu_preempt next_pid=8 next_prio=120
     rcu_preempt-8     [001]    82.454144: sched_switch:          prev_comm=rcu_preempt prev_pid=8 prev_prio=120 prev_state=1 next_comm=swapper/1 next_pid=0 next_prio=120
          <idle>-0     [001]    82.458130: sched_wakeup:          comm=kworker/1:0 pid=18 prio=120 success=1 target_cpu=1
          <idle>-0     [001]    82.458135: sched_switch:          prev_comm=swapper/1 prev_pid=0 prev_prio=120 prev_state=0 next_comm=kworker/1:0 next_pid=18 next_prio=120
     kworker/1:0-18    [001]    82.458156: sched_switch:          prev_comm=kworker/1:0 prev_pid=18 prev_prio=120 prev_state=1 next_comm=swapper/1 next_pid=0 next_prio=120
          <idle>-0     [001]    82.462125: sched_wakeup:          comm=rcu_preempt pid=8 prio=120 success=1 target_cpu=1
          <idle>-0     [001]    82.462133: sched_switch:          prev_comm=swapper/1 prev_pid=0 prev_prio=120 prev_state=0 next_comm=rcu_preempt next_pid=8 next_prio=120
     rcu_preempt-8     [001]    82.462142: sched_switch:          prev_comm=rcu_preempt prev_pid=8 prev_prio=120 prev_state=1 next_comm=swapper/1 next_pid=0 next_prio=120
          <idle>-0     [001]    82.563327: sched_wakeup:          comm=sshd pid=1639 prio=120 success=1 target_cpu=1
          <idle>-0     [001]    82.563334: sched_switch:          prev_comm=swapper/1 prev_pid=0 prev_prio=120 prev_state=0 next_comm=sshd next_pid=1639 next_prio=120
            sshd-1639  [001]    82.563413: sched_wakeup:          comm=kworker/u12:0 pid=5 prio=120 success=1 target_cpu=1
            sshd-1639  [001]    82.563433: sched_switch:          prev_comm=sshd prev_pid=1639 prev_prio=120 prev_state=1 next_comm=kworker/u12:0 next_pid=5 next_prio=120
   kworker/u12:0-5     [001]    82.563451: sched_switch:          prev_comm=kworker/u12:0 prev_pid=5 prev_prio=120 prev_state=1 next_comm=swapper/1 next_pid=0 next_prio=120
          <idle>-0     [002]    82.563519: sched_wakeup:          comm=sh pid=1642 prio=120 success=1 target_cpu=2
          <idle>-0     [002]    82.563526: sched_switch:          prev_comm=swapper/2 prev_pid=0 prev_prio=120 prev_state=0 next_comm=sh next_pid=1642 next_prio=120
          <idle>-0     [001]    82.563642: sched_wakeup:          comm=kworker/u12:0 pid=5 prio=120 success=1 target_cpu=1
          <idle>-0     [001]    82.563648: sched_switch:          prev_comm=swapper/1 prev_pid=0 prev_prio=120 prev_state=0 next_comm=kworker/u12:0 next_pid=5 next_prio=120
   kworker/u12:0-5     [001]    82.563656: sched_wakeup:          comm=sshd pid=1639 prio=120 success=1 target_cpu=1
   kworker/u12:0-5     [001]    82.563659: sched_wakeup:          comm=kworker/u12:1 pid=46 prio=120 success=1 target_cpu=1
   kworker/u12:0-5     [001]    82.563665: sched_switch:          prev_comm=kworker/u12:0 prev_pid=5 prev_prio=120 prev_state=1 next_comm=kworker/u12:1 next_pid=46 next_prio=120
   kworker/u12:1-46    [001]    82.563671: sched_wakeup:          comm=kworker/u12:0 pid=5 prio=120 success=1 target_cpu=1
   kworker/u12:1-46    [001]    82.563675: sched_switch:          prev_comm=kworker/u12:1 prev_pid=46 prev_prio=120 prev_state=1 next_comm=kworker/u12:0 next_pid=5 next_prio=120
   kworker/u12:0-5     [001]    82.563679: sched_wakeup:          comm=kworker/u12:1 pid=46 prio=120 success=1 target_cpu=1
   kworker/u12:0-5     [001]    82.563684: sched_switch:          prev_comm=kworker/u12:0 prev_pid=5 prev_prio=120 prev_state=1 next_comm=kworker/u12:1 next_pid=46 next_prio=120
   kworker/u12:1-46    [001]    82.563686: sched_switch:          prev_comm=kworker/u12:1 prev_pid=46 prev_prio=120 prev_state=1 next_comm=sshd next_pid=1639 next_prio=120
            sshd-1639  [001]    82.563690: sched_wakeup:          comm=kworker/u12:1 pid=46 prio=120 success=1 target_cpu=1
            sshd-1639  [001]    82.563722: sched_switch:          prev_comm=sshd prev_pid=1639 prev_prio=120 prev_state=2 next_comm=kworker/u12:1 next_pid=46 next_prio=120
   kworker/u12:1-46    [001]    82.563729: sched_wakeup:          comm=sshd pid=1639 prio=120 success=1 target_cpu=1
   kworker/u12:1-46    [001]    82.563732: sched_wakeup:          comm=kworker/u12:0 pid=5 prio=120 success=1 target_cpu=1
   kworker/u12:1-46    [001]    82.563736: sched_switch:          prev_comm=kworker/u12:1 prev_pid=46 prev_prio=120 prev_state=1 next_comm=kworker/u12:0 next_pid=5 next_prio=120
   kworker/u12:0-5     [001]    82.563740: sched_wakeup:          comm=kworker/u12:1 pid=46 prio=120 success=1 target_cpu=1
   kworker/u12:0-5     [001]    82.563744: sched_switch:          prev_comm=kworker/u12:0 prev_pid=5 prev_prio=120 prev_state=1 next_comm=kworker/u12:1 next_pid=46 next_prio=120
   kworker/u12:1-46    [001]    82.563747: sched_switch:          prev_comm=kworker/u12:1 prev_pid=46 prev_prio=120 prev_state=1 next_comm=sshd next_pid=1639 next_prio=120
            sshd-1639  [001]    82.563750: sched_wakeup:          comm=kworker/u12:1 pid=46 prio=120 success=1 target_cpu=1
            sshd-1639  [001]    82.563806: sched_switch:          prev_comm=sshd prev_pid=1639 prev_prio=120 prev_state=2 next_comm=kworker/u12:1 next_pid=46 next_prio=120
   kworker/u12:1-46    [001]    82.563814: sched_wakeup:          comm=sshd pid=1639 prio=120 success=1 target_cpu=1
   kworker/u12:1-46    [001]    82.563816: sched_wakeup:          comm=kworker/u12:0 pid=5 prio=120 success=1 target_cpu=1
   kworker/u12:1-46    [001]    82.563821: sched_switch:          prev_comm=kworker/u12:1 prev_pid=46 prev_prio=120 prev_state=1 next_comm=kworker/u12:0 next_pid=5 next_prio=120
   kworker/u12:0-5     [001]    82.563825: sched_wakeup:          comm=kworker/u12:1 pid=46 prio=120 success=1 target_cpu=1
   kworker/u12:0-5     [001]    82.563829: sched_switch:          prev_comm=kworker/u12:0 prev_pid=5 prev_prio=120 prev_state=1 next_comm=kworker/u12:1 next_pid=46 next_prio=120
   kworker/u12:1-46    [001]    82.563832: sched_switch:          prev_comm=kworker/u12:1 prev_pid=46 prev_prio=120 prev_state=1 next_comm=sshd next_pid=1639 next_prio=120
            sshd-1639  [001]    82.563835: sched_wakeup:          comm=kworker/u12:1 pid=46 prio=120 success=1 target_cpu=1
            sshd-1639  [001]    82.563876: sched_switch:          prev_comm=sshd prev_pid=1639 prev_prio=120 prev_state=2 next_comm=kworker/u12:1 next_pid=46 next_prio=120
   kworker/u12:1-46    [001]    82.563883: sched_wakeup:          comm=sshd pid=1639 prio=120 success=1 target_cpu=1
   kworker/u12:1-46    [001]    82.563887: sched_wakeup:          comm=kworker/u12:0 pid=5 prio=120 success=1 target_cpu=1
   kworker/u12:1-46    [001]    82.563891: sched_switch:          prev_comm=kworker/u12:1 prev_pid=46 prev_prio=120 prev_state=1 next_comm=kworker/u12:0 next_pid=5 next_prio=120
   kworker/u12:0-5     [001]    82.563894: sched_switch:          prev_comm=kworker/u12:0 prev_pid=5 prev_prio=120 prev_state=1 next_comm=sshd next_pid=1639 next_prio=120
            sshd-1639  [001]    82.563897: sched_wakeup:          comm=kworker/u12:0 pid=5 prio=120 success=1 target_cpu=1
            sshd-1639  [001]    82.563922: sched_switch:          prev_comm=sshd prev_pid=1639 prev_prio=120 prev_state=2 next_comm=kworker/u12:0 next_pid=5 next_prio=120
   kworker/u12:0-5     [001]    82.563929: sched_wakeup:          comm=sshd pid=1639 prio=120 success=1 target_cpu=1
   kworker/u12:0-5     [001]    82.563932: sched_switch:          prev_comm=kworker/u12:0 prev_pid=5 prev_prio=120 prev_state=1 next_comm=sshd next_pid=1639 next_prio=120
            sshd-1639  [001]    82.563936: sched_wakeup:          comm=kworker/u12:0 pid=5 prio=120 success=1 target_cpu=1
            sshd-1639  [001]    82.563960: sched_switch:          prev_comm=sshd prev_pid=1639 prev_prio=120 prev_state=2 next_comm=kworker/u12:0 next_pid=5 next_prio=120
   kworker/u12:0-5     [001]    82.563967: sched_wakeup:          comm=sshd pid=1639 prio=120 success=1 target_cpu=1
   kworker/u12:0-5     [001]    82.563970: sched_switch:          prev_comm=kworker/u12:0 prev_pid=5 prev_prio=120 prev_state=1 next_comm=sshd next_pid=1639 next_prio=120
            sshd-1639  [001]    82.563973: sched_wakeup:          comm=kworker/u12:0 pid=5 prio=120 success=1 target_cpu=1
            sshd-1639  [001]    82.563998: sched_switch:          prev_comm=sshd prev_pid=1639 prev_prio=120 prev_state=2 next_comm=kworker/u12:0 next_pid=5 next_prio=120
   kworker/u12:0-5     [001]    82.564004: sched_wakeup:          comm=sshd pid=1639 prio=120 success=1 target_cpu=1
   kworker/u12:0-5     [001]    82.564007: sched_switch:          prev_comm=kworker/u12:0 prev_pid=5 prev_prio=120 prev_state=1 next_comm=sshd next_pid=1639 next_prio=120
            sshd-1639  [001]    82.564010: sched_wakeup:          comm=kworker/u12:0 pid=5 prio=120 success=1 target_cpu=1
            sshd-1639  [001]    82.564034: sched_switch:          prev_comm=sshd prev_pid=1639 prev_prio=120 prev_state=2 next_comm=kworker/u12:0 next_pid=5 next_prio=120
   kworker/u12:0-5     [001]    82.564041: sched_wakeup:          comm=sshd pid=1639 prio=120 success=1 target_cpu=1
   kworker/u12:0-5     [001]    82.564044: sched_switch:          prev_comm=kworker/u12:0 prev_pid=5 prev_prio=120 prev_state=1 next_comm=sshd next_pid=1639 next_prio=120
            sshd-1639  [001]    82.564048: sched_wakeup:          comm=kworker/u12:0 pid=5 prio=120 success=1 target_cpu=1
            sshd-1639  [001]    82.564071: sched_switch:          prev_comm=sshd prev_pid=1639 prev_prio=120 prev_state=2 next_comm=kworker/u12:0 next_pid=5 next_prio=120
   kworker/u12:0-5     [001]    82.564078: sched_wakeup:          comm=kworker/u12:1 pid=46 prio=120 success=1 target_cpu=1
   kworker/u12:0-5     [001]    82.564081: sched_wakeup:          comm=sshd pid=1639 prio=120 success=1 target_cpu=1
   kworker/u12:0-5     [001]    82.564085: sched_switch:          prev_comm=kworker/u12:0 prev_pid=5 prev_prio=120 prev_state=1 next_comm=kworker/u12:1 next_pid=46 next_prio=120
   kworker/u12:1-46    [001]    82.564089: sched_wakeup:          comm=kworker/u12:0 pid=5 prio=120 success=1 target_cpu=1
   kworker/u12:1-46    [001]    82.564093: sched_switch:          prev_comm=kworker/u12:1 prev_pid=46 prev_prio=120 prev_state=1 next_comm=kworker/u12:0 next_pid=5 next_prio=120
   kworker/u12:0-5     [001]    82.564095: sched_switch:          prev_comm=kworker/u12:0 prev_pid=5 prev_prio=120 prev_state=1 next_comm=sshd next_pid=1639 next_prio=120
            sshd-1639  [001]    82.564100: sched_wakeup:          comm=kworker/u12:0 pid=5 prio=120 success=1 target_cpu=1
            sshd-1639  [001]    82.564123: sched_switch:          prev_comm=sshd prev_pid=1639 prev_prio=120 prev_state=2 next_comm=kworker/u12:0 next_pid=5 next_prio=120
   kworker/u12:0-5     [001]    82.564129: sched_wakeup:          comm=sshd pid=1639 prio=120 success=1 target_cpu=1
   kworker/u12:0-5     [001]    82.564132: sched_wakeup:          comm=kworker/u12:1 pid=46 prio=120 success=1 target_cpu=1
   kworker/u12:0-5     [001]    82.564136: sched_switch:          prev_comm=kworker/u12:0 prev_pid=5 prev_prio=120 prev_state=1 next_comm=kworker/u12:1 next_pid=46 next_prio=120
   kworker/u12:1-46    [001]    82.564139: sched_switch:          prev_comm=kworker/u12:1 prev_pid=46 prev_prio=120 prev_state=1 next_comm=sshd next_pid=1639 next_prio=120
            sshd-1639  [001]    82.564151: sched_wakeup:          comm=kworker/u12:1 pid=46 prio=120 success=1 target_cpu=1
            sshd-1639  [001]    82.564195: sched_switch:          prev_comm=sshd prev_pid=1639 prev_prio=120 prev_state=2 next_comm=kworker/u12:1 next_pid=46 next_prio=120
   kworker/u12:1-46    [001]    82.564201: sched_wakeup:          comm=kworker/u12:0 pid=5 prio=120 success=1 target_cpu=1
   kworker/u12:1-46    [001]    82.564206: sched_wakeup:          comm=sshd pid=1639 prio=120 success=1 target_cpu=1
   kworker/u12:1-46    [001]    82.564209: sched_switch:          prev_comm=kworker/u12:1 prev_pid=46 prev_prio=120 prev_state=1 next_comm=kworker/u12:0 next_pid=5 next_prio=120
   kworker/u12:0-5     [001]    82.564213: sched_wakeup:          comm=kworker/u12:1 pid=46 prio=120 success=1 target_cpu=1
   kworker/u12:0-5     [001]    82.564217: sched_switch:          prev_comm=kworker/u12:0 prev_pid=5 prev_prio=120 prev_state=1 next_comm=kworker/u12:1 next_pid=46 next_prio=120
   kworker/u12:1-46    [001]    82.564220: sched_switch:          prev_comm=kworker/u12:1 prev_pid=46 prev_prio=120 prev_state=1 next_comm=sshd next_pid=1639 next_prio=120
            sshd-1639  [001]    82.564225: sched_wakeup:          comm=kworker/u12:1 pid=46 prio=120 success=1 target_cpu=1
            sshd-1639  [001]    82.564261: sched_switch:          prev_comm=sshd prev_pid=1639 prev_prio=120 prev_state=2 next_comm=kworker/u12:1 next_pid=46 next_prio=120
   kworker/u12:1-46    [001]    82.564267: sched_wakeup:          comm=kworker/u12:0 pid=5 prio=120 success=1 target_cpu=1
   kworker/u12:1-46    [001]    82.564270: sched_wakeup:          comm=sshd pid=1639 prio=120 success=1 target_cpu=1
   kworker/u12:1-46    [001]    82.564274: sched_switch:          prev_comm=kworker/u12:1 prev_pid=46 prev_prio=120 prev_state=1 next_comm=kworker/u12:0 next_pid=5 next_prio=120
   kworker/u12:0-5     [001]    82.564277: sched_switch:          prev_comm=kworker/u12:0 prev_pid=5 prev_prio=120 prev_state=1 next_comm=sshd next_pid=1639 next_prio=120
            sshd-1639  [001]    82.564280: sched_wakeup:          comm=kworker/u12:0 pid=5 prio=120 success=1 target_cpu=1
            sshd-1639  [001]    82.564305: sched_switch:          prev_comm=sshd prev_pid=1639 prev_prio=120 prev_state=2 next_comm=kworker/u12:0 next_pid=5 next_prio=120
   kworker/u12:0-5     [001]    82.564311: sched_wakeup:          comm=sshd pid=1639 prio=120 success=1 target_cpu=1
   kworker/u12:0-5     [001]    82.564313: sched_wakeup:          comm=kworker/u12:1 pid=46 prio=120 success=1 target_cpu=1
   kworker/u12:0-5     [001]    82.564318: sched_switch:          prev_comm=kworker/u12:0 prev_pid=5 prev_prio=120 prev_state=1 next_comm=kworker/u12:1 next_pid=46 next_prio=120
   kworker/u12:1-46    [001]    82.564320: sched_switch:          prev_comm=kworker/u12:1 prev_pid=46 prev_prio=120 prev_state=1 next_comm=sshd next_pid=1639 next_prio=120
            sshd-1639  [001]    82.564325: sched_wakeup:          comm=kworker/u12:1 pid=46 prio=120 success=1 target_cpu=1
            sshd-1639  [001]    82.564348: sched_switch:          prev_comm=sshd prev_pid=1639 prev_prio=120 prev_state=2 next_comm=kworker/u12:1 next_pid=46 next_prio=120
   kworker/u12:1-46    [001]    82.564354: sched_wakeup:          comm=sshd pid=1639 prio=120 success=1 target_cpu=1
   kworker/u12:1-46    [001]    82.564358: sched_wakeup:          comm=kworker/u12:0 pid=5 prio=120 success=1 target_cpu=1
   kworker/u12:1-46    [001]    82.564362: sched_switch:          prev_comm=kworker/u12:1 prev_pid=46 prev_prio=120 prev_state=1 next_comm=kworker/u12:0 next_pid=5 next_prio=120
   kworker/u12:0-5     [001]    82.564365: sched_switch:          prev_comm=kworker/u12:0 prev_pid=5 prev_prio=120 prev_state=1 next_comm=sshd next_pid=1639 next_prio=120
            sshd-1639  [001]    82.564370: sched_wakeup:          comm=kworker/u12:0 pid=5 prio=120 success=1 target_cpu=1
            sshd-1639  [001]    82.564392: sched_switch:          prev_comm=sshd prev_pid=1639 prev_prio=120 prev_state=2 next_comm=kworker/u12:0 next_pid=5 next_prio=120
   kworker/u12:0-5     [001]    82.564399: sched_wakeup:          comm=sshd pid=1639 prio=120 success=1 target_cpu=1
              sh-1642  [002]    82.564401: sched_wakeup:          comm=kworker/u12:0 pid=5 prio=120 success=1 target_cpu=1
   kworker/u12:0-5     [001]    82.564406: sched_switch:          prev_comm=kworker/u12:0 prev_pid=5 prev_prio=120 prev_state=1 next_comm=sshd next_pid=1639 next_prio=120
            sshd-1639  [001]    82.564416: sched_wakeup:          comm=kworker/u12:0 pid=5 prio=120 success=1 target_cpu=1
            sshd-1639  [001]    82.564434: sched_switch:          prev_comm=sshd prev_pid=1639 prev_prio=120 prev_state=2 next_comm=kworker/u12:0 next_pid=5 next_prio=120
   kworker/u12:0-5     [001]    82.564440: sched_wakeup:          comm=kworker/u12:1 pid=46 prio=120 success=1 target_cpu=1
   kworker/u12:0-5     [001]    82.564444: sched_wakeup:          comm=sshd pid=1639 prio=120 success=1 target_cpu=1
   kworker/u12:0-5     [001]    82.564447: sched_switch:          prev_comm=kworker/u12:0 prev_pid=5 prev_prio=120 prev_state=1 next_comm=kworker/u12:1 next_pid=46 next_prio=120
   kworker/u12:1-46    [001]    82.564450: sched_switch:          prev_comm=kworker/u12:1 prev_pid=46 prev_prio=120 prev_state=1 next_comm=sshd next_pid=1639 next_prio=120
            sshd-1639  [001]    82.564453: sched_wakeup:          comm=kworker/u12:1 pid=46 prio=120 success=1 target_cpu=1
            sshd-1639  [001]    82.564478: sched_switch:          prev_comm=sshd prev_pid=1639 prev_prio=120 prev_state=2 next_comm=kworker/u12:1 next_pid=46 next_prio=120
   kworker/u12:1-46    [001]    82.564484: sched_wakeup:          comm=sshd pid=1639 prio=120 success=1 target_cpu=1
   kworker/u12:1-46    [001]    82.564487: sched_switch:          prev_comm=kworker/u12:1 prev_pid=46 prev_prio=120 prev_state=1 next_comm=sshd next_pid=1639 next_prio=120
